Archive member included to satisfy reference by file (symbol)

c:/ac6/systemworkbench/plugins/fr.ac6.mcu.externaltools.arm-none.win32_1.17.0.201812190825/tools/compiler/bin/../lib/gcc/arm-none-eabi/7.3.1/thumb/v7e-m/fpv4-sp/hard\libgcc.a(_arm_addsubdf3.o)
                              Src/common_func.o (__aeabi_dsub)
c:/ac6/systemworkbench/plugins/fr.ac6.mcu.externaltools.arm-none.win32_1.17.0.201812190825/tools/compiler/bin/../lib/gcc/arm-none-eabi/7.3.1/thumb/v7e-m/fpv4-sp/hard\libgcc.a(_arm_muldivdf3.o)
                              Src/common_func.o (__aeabi_dmul)
c:/ac6/systemworkbench/plugins/fr.ac6.mcu.externaltools.arm-none.win32_1.17.0.201812190825/tools/compiler/bin/../lib/gcc/arm-none-eabi/7.3.1/thumb/v7e-m/fpv4-sp/hard\libgcc.a(_arm_cmpdf2.o)
                              Src/syncturn.o (__aeabi_dcmpeq)
c:/ac6/systemworkbench/plugins/fr.ac6.mcu.externaltools.arm-none.win32_1.17.0.201812190825/tools/compiler/bin/../lib/gcc/arm-none-eabi/7.3.1/thumb/v7e-m/fpv4-sp/hard\libgcc.a(_arm_fixdfsi.o)
                              Src/common_func.o (__aeabi_d2iz)
c:/ac6/systemworkbench/plugins/fr.ac6.mcu.externaltools.arm-none.win32_1.17.0.201812190825/tools/compiler/bin/../lib/gcc/arm-none-eabi/7.3.1/thumb/v7e-m/fpv4-sp/hard\libgcc.a(_arm_fixunsdfsi.o)
                              Src/turn.o (__aeabi_d2uiz)
c:/ac6/systemworkbench/plugins/fr.ac6.mcu.externaltools.arm-none.win32_1.17.0.201812190825/tools/compiler/bin/../lib/gcc/arm-none-eabi/7.3.1/thumb/v7e-m/fpv4-sp/hard\libgcc.a(_arm_addsubsf3.o)
                              Src/common_func.o (__aeabi_l2f)
c:/ac6/systemworkbench/plugins/fr.ac6.mcu.externaltools.arm-none.win32_1.17.0.201812190825/tools/compiler/bin/../lib/gcc/arm-none-eabi/7.3.1/thumb/v7e-m/fpv4-sp/hard\libgcc.a(_aeabi_uldivmod.o)
                              Drivers/STM32F4xx_HAL_Driver/Src/stm32f4xx_hal_irda.o (__aeabi_uldivmod)
c:/ac6/systemworkbench/plugins/fr.ac6.mcu.externaltools.arm-none.win32_1.17.0.201812190825/tools/compiler/bin/../lib/gcc/arm-none-eabi/7.3.1/thumb/v7e-m/fpv4-sp/hard\libgcc.a(_udivmoddi4.o)
                              c:/ac6/systemworkbench/plugins/fr.ac6.mcu.externaltools.arm-none.win32_1.17.0.201812190825/tools/compiler/bin/../lib/gcc/arm-none-eabi/7.3.1/thumb/v7e-m/fpv4-sp/hard\libgcc.a(_aeabi_uldivmod.o) (__udivmoddi4)
c:/ac6/systemworkbench/plugins/fr.ac6.mcu.externaltools.arm-none.win32_1.17.0.201812190825/tools/compiler/bin/../lib/gcc/arm-none-eabi/7.3.1/thumb/v7e-m/fpv4-sp/hard\libgcc.a(_dvmd_tls.o)
                              c:/ac6/systemworkbench/plugins/fr.ac6.mcu.externaltools.arm-none.win32_1.17.0.201812190825/tools/compiler/bin/../lib/gcc/arm-none-eabi/7.3.1/thumb/v7e-m/fpv4-sp/hard\libgcc.a(_aeabi_uldivmod.o) (__aeabi_ldiv0)
c:/ac6/systemworkbench/plugins/fr.ac6.mcu.externaltools.arm-none.win32_1.17.0.201812190825/tools/compiler/bin/../lib/gcc/arm-none-eabi/7.3.1/../../../../arm-none-eabi/lib/thumb/v7e-m/fpv4-sp/hard\libc_nano.a(lib_a-errno.o)
                              Src/syscalls.o (__errno)
c:/ac6/systemworkbench/plugins/fr.ac6.mcu.externaltools.arm-none.win32_1.17.0.201812190825/tools/compiler/bin/../lib/gcc/arm-none-eabi/7.3.1/../../../../arm-none-eabi/lib/thumb/v7e-m/fpv4-sp/hard\libc_nano.a(lib_a-exit.o)
                              c:/ac6/systemworkbench/plugins/fr.ac6.mcu.externaltools.arm-none.win32_1.17.0.201812190825/tools/compiler/bin/../lib/gcc/arm-none-eabi/7.3.1/../../../../arm-none-eabi/lib/thumb/v7e-m/fpv4-sp/hard/crt0.o (exit)
c:/ac6/systemworkbench/plugins/fr.ac6.mcu.externaltools.arm-none.win32_1.17.0.201812190825/tools/compiler/bin/../lib/gcc/arm-none-eabi/7.3.1/../../../../arm-none-eabi/lib/thumb/v7e-m/fpv4-sp/hard\libc_nano.a(lib_a-impure.o)
                              c:/ac6/systemworkbench/plugins/fr.ac6.mcu.externaltools.arm-none.win32_1.17.0.201812190825/tools/compiler/bin/../lib/gcc/arm-none-eabi/7.3.1/../../../../arm-none-eabi/lib/thumb/v7e-m/fpv4-sp/hard\libc_nano.a(lib_a-exit.o) (_global_impure_ptr)
c:/ac6/systemworkbench/plugins/fr.ac6.mcu.externaltools.arm-none.win32_1.17.0.201812190825/tools/compiler/bin/../lib/gcc/arm-none-eabi/7.3.1/../../../../arm-none-eabi/lib/thumb/v7e-m/fpv4-sp/hard\libc_nano.a(lib_a-init.o)
                              c:/ac6/systemworkbench/plugins/fr.ac6.mcu.externaltools.arm-none.win32_1.17.0.201812190825/tools/compiler/bin/../lib/gcc/arm-none-eabi/7.3.1/../../../../arm-none-eabi/lib/thumb/v7e-m/fpv4-sp/hard/crt0.o (__libc_init_array)
c:/ac6/systemworkbench/plugins/fr.ac6.mcu.externaltools.arm-none.win32_1.17.0.201812190825/tools/compiler/bin/../lib/gcc/arm-none-eabi/7.3.1/../../../../arm-none-eabi/lib/thumb/v7e-m/fpv4-sp/hard\libc_nano.a(lib_a-memcpy-stub.o)
                              Src/wheel.o (memcpy)
c:/ac6/systemworkbench/plugins/fr.ac6.mcu.externaltools.arm-none.win32_1.17.0.201812190825/tools/compiler/bin/../lib/gcc/arm-none-eabi/7.3.1/../../../../arm-none-eabi/lib/thumb/v7e-m/fpv4-sp/hard\libc_nano.a(lib_a-memset.o)
[...]
Memory Configuration

Name             Origin             Length             Attributes
RAM              0x20000000         0x00020000         xrw
CCMRAM           0x10000000         0x00010000         rw
FLASH            0x08000000         0x00100000         xr
*default*        0x00000000         0xffffffff

Linker script and memory map

LOAD c:/ac6/systemworkbench/plugins/fr.ac6.mcu.externaltools.arm-none.win32_1.17.0.201812190825/tools/compiler/bin/../lib/gcc/arm-none-eabi/7.3.1/thumb/v7e-m/fpv4-sp/hard/crti.o
LOAD c:/ac6/systemworkbench/plugins/fr.ac6.mcu.externaltools.arm-none.win32_1.17.0.201812190825/tools/compiler/bin/../lib/gcc/arm-none-eabi/7.3.1/thumb/v7e-m/fpv4-sp/hard/crtbegin.o
LOAD c:/ac6/systemworkbench/plugins/fr.ac6.mcu.externaltools.arm-none.win32_1.17.0.201812190825/tools/compiler/bin/../lib/gcc/arm-none-eabi/7.3.1/../../../../arm-none-eabi/lib/thumb/v7e-m/fpv4-sp/hard/crt0.o
LOAD Drivers/STM32F4xx_HAL_Driver/Src/stm32f4xx_hal.o
LOAD Drivers/STM32F4xx_HAL_Driver/Src/stm32f4xx_hal_can.o
LOAD Drivers/STM32F4xx_HAL_Driver/Src/stm32f4xx_hal_cortex.o
LOAD Drivers/STM32F4xx_HAL_Driver/Src/stm32f4xx_hal_dac.o
LOAD Drivers/STM32F4xx_HAL_Driver/Src/stm32f4xx_hal_dac_ex.o
LOAD Drivers/STM32F4xx_HAL_Driver/Src/stm32f4xx_hal_dma.o
LOAD Drivers/STM32F4xx_HAL_Driver/Src/stm32f4xx_hal_dma_ex.o
LOAD Drivers/STM32F4xx_HAL_Driver/Src/stm32f4xx_hal_exti.o
LOAD Drivers/STM32F4xx_HAL_Driver/Src/stm32f4xx_hal_flash.o
LOAD Drivers/STM32F4xx_HAL_Driver/Src/stm32f4xx_hal_flash_ex.o
LOAD Drivers/STM32F4xx_HAL_Driver/Src/stm32f4xx_hal_flash_ramfunc.o
LOAD Drivers/STM32F4xx_HAL_Driver/Src/stm32f4xx_hal_gpio.o
LOAD Drivers/STM32F4xx_HAL_Driver/Src/stm32f4xx_hal_i2c.o
LOAD Drivers/STM32F4xx_HAL_Driver/Src/stm32f4xx_hal_i2c_ex.o
LOAD Drivers/STM32F4xx_HAL_Driver/Src/stm32f4xx_hal_irda.o
LOAD Drivers/STM32F4xx_HAL_Driver/Src/stm32f4xx_hal_pwr.o
LOAD Drivers/STM32F4xx_HAL_Driver/Src/stm32f4xx_hal_pwr_ex.o
LOAD Drivers/STM32F4xx_HAL_Driver/Src/stm32f4xx_hal_rcc.o
LOAD Drivers/STM32F4xx_HAL_Driver/Src/stm32f4xx_hal_rcc_ex.o
LOAD Drivers/STM32F4xx_HAL_Driver/Src/stm32f4xx_hal_tim.o
LOAD Drivers/STM32F4xx_HAL_Driver/Src/stm32f4xx_hal_tim_ex.o
LOAD Drivers/STM32F4xx_HAL_Driver/Src/stm32f4xx_hal_uart.o
LOAD Src/Cntrl_Proc.o
LOAD Src/battery.o
LOAD Src/can.o
LOAD Src/charge.o
LOAD Src/common_func.o
LOAD Src/led.o
LOAD Src/lidar.o
LOAD Src/lift.o
LOAD Src/load.o
LOAD Src/main.o
LOAD Src/nuc.o
LOAD Src/optcom.o
LOAD Src/sound.o
LOAD Src/stm32f4xx_hal_msp.o
LOAD Src/stm32f4xx_it.o
LOAD Src/syncturn.o
LOAD Src/syscalls.o
LOAD Src/system_stm32f4xx.o
LOAD Src/task_charger_link.o
LOAD Src/tbt.o
LOAD Src/turn.o
LOAD Src/wheel.o
LOAD Src/wheel_test.o
LOAD startup/startup_stm32f407xx.o
LOAD c:/ac6/systemworkbench/plugins/fr.ac6.mcu.externaltools.arm-none.win32_1.17.0.201812190825/tools/compiler/bin/../lib/gcc/arm-none-eabi/7.3.1/../../../../arm-none-eabi/lib/thumb/v7e-m/fpv4-sp/hard\libm.a
START GROUP
LOAD c:/ac6/systemworkbench/plugins/fr.ac6.mcu.externaltools.arm-none.win32_1.17.0.201812190825/tools/compiler/bin/../lib/gcc/arm-none-eabi/7.3.1/thumb/v7e-m/fpv4-sp/hard\libgcc.a
LOAD c:/ac6/systemworkbench/plugins/fr.ac6.mcu.externaltools.arm-none.win32_1.17.0.201812190825/tools/compiler/bin/../lib/gcc/arm-none-eabi/7.3.1/../../../../arm-none-eabi/lib/thumb/v7e-m/fpv4-sp/hard\libc_nano.a
END GROUP
START GROUP
LOAD c:/ac6/systemworkbench/plugins/fr.ac6.mcu.externaltools.arm-none.win32_1.17.0.201812190825/tools/compiler/bin/../lib/gcc/arm-none-eabi/7.3.1/thumb/v7e-m/fpv4-sp/hard\libgcc.a
LOAD c:/ac6/systemworkbench/plugins/fr.ac6.mcu.externaltools.arm-none.win32_1.17.0.201812190825/tools/compiler/bin/../lib/gcc/arm-none-eabi/7.3.1/../../../../arm-none-eabi/lib/thumb/v7e-m/fpv4-sp/hard\libc_nano.a
LOAD c:/ac6/systemworkbench/plugins/fr.ac6.mcu.externaltools.arm-none.win32_1.17.0.201812190825/tools/compiler/bin/../lib/gcc/arm-none-eabi/7.3.1/../../../../arm-none-eabi/lib/thumb/v7e-m/fpv4-sp/hard\libnosys.a
END GROUP
START GROUP
LOAD c:/ac6/systemworkbench/plugins/fr.ac6.mcu.externaltools.arm-none.win32_1.17.0.201812190825/tools/compiler/bin/../lib/gcc/arm-none-eabi/7.3.1/thumb/v7e-m/fpv4-sp/hard\libgcc.a
LOAD c:/ac6/systemworkbench/plugins/fr.ac6.mcu.externaltools.arm-none.win32_1.17.0.201812190825/tools/compiler/bin/../lib/gcc/arm-none-eabi/7.3.1/../../../../arm-none-eabi/lib/thumb/v7e-m/fpv4-sp/hard\libc_nano.a
LOAD c:/ac6/systemworkbench/plugins/fr.ac6.mcu.externaltools.arm-none.win32_1.17.0.201812190825/tools/compiler/bin/../lib/gcc/arm-none-eabi/7.3.1/../../../../arm-none-eabi/lib/thumb/v7e-m/fpv4-sp/hard\libnosys.a
END GROUP
LOAD c:/ac6/systemworkbench/plugins/fr.ac6.mcu.externaltools.arm-none.win32_1.17.0.201812190825/tools/compiler/bin/../lib/gcc/arm-none-eabi/7.3.1/thumb/v7e-m/fpv4-sp/hard/crtend.o
LOAD c:/ac6/systemworkbench/plugins/fr.ac6.mcu.externaltools.arm-none.win32_1.17.0.201812190825/tools/compiler/bin/../lib/gcc/arm-none-eabi/7.3.1/thumb/v7e-m/fpv4-sp/hard/crtn.o
                0x20020000                _estack = 0x20020000
                0x00000200                _Min_Heap_Size = 0x200
                0x00000400                _Min_Stack_Size = 0x400

.isr_vector     0x08000000      0x188
                0x08000000                . = ALIGN (0x4)
 *(.isr_vector)
 .isr_vector    0x08000000      0x188 startup/startup_stm32f407xx.o
                0x08000000                g_pfnVectors
                0x08000188                . = ALIGN (0x4)

.text           0x08000190     0xf04c
                0x08000190                . = ALIGN (0x4)
 *(.text)
 .text          0x08000190       0x40 c:/ac6/systemworkbench/plugins/fr.ac6.mcu.externaltools.arm-none.win32_1.17.0.201812190825/tools/compiler/bin/../lib/gcc/arm-none-eabi/7.3.1/thumb/v7e-m/fpv4-sp/hard/crtbegin.o
 .text          0x080001d0      0x378 c:/ac6/systemworkbench/plugins/fr.ac6.mcu.externaltools.arm-none.win32_1.17.0.201812190825/tools/compiler/bin/../lib/gcc/arm-none-eabi/7.3.1/thumb/v7e-m/fpv4-sp/hard\libgcc.a(_arm_addsubdf3.o)
                0x080001d0                __aeabi_drsub
                0x080001d8                __aeabi_dsub
                0x080001d8                __subdf3
                0x080001dc                __aeabi_dadd
                0x080001dc                __adddf3
                0x08000454                __floatunsidf
                0x08000454                __aeabi_ui2d
                0x08000474                __floatsidf
                0x08000474                __aeabi_i2d
                0x08000498                __aeabi_f2d
                0x08000498                __extendsfdf2
                0x080004dc                __floatundidf
                0x080004dc                __aeabi_ul2d
                0x080004ec                __floatdidf
                0x080004ec                __aeabi_l2d
 .text          0x08000548      0x424 c:/ac6/systemworkbench/plugins/fr.ac6.mcu.externaltools.arm-none.win32_1.17.0.201812190825/tools/compiler/bin/../lib/gcc/arm-none-eabi/7.3.1/thumb/v7e-m/fpv4-sp/hard\libgcc.a(_arm_muldivdf3.o)
                0x08000548                __aeabi_dmul
                0x08000548                __muldf3
                0x0800079c                __divdf3
                0x0800079c                __aeabi_ddiv
 .text          0x0800096c      0x110 c:/ac6/systemworkbench/plugins/fr.ac6.mcu.externaltools.arm-none.win32_1.17.0.201812190825/tools/compiler/bin/../lib/gcc/arm-none-eabi/7.3.1/thumb/v7e-m/fpv4-sp/hard\libgcc.a(_arm_cmpdf2.o)
                0x0800096c                __gtdf2
                0x0800096c                __gedf2
                0x08000974                __ltdf2
                0x08000974                __ledf2
                0x0800097c                __nedf2
                0x0800097c                __eqdf2
                0x0800097c                __cmpdf2
                0x080009f8                __aeabi_cdrcmple
                0x08000a08                __aeabi_cdcmpeq
                0x08000a08                __aeabi_cdcmple
                0x08000a18                __aeabi_dcmpeq
                0x08000a2c                __aeabi_dcmplt
                0x08000a40                __aeabi_dcmple
                0x08000a54                __aeabi_dcmpge
                0x08000a68                __aeabi_dcmpgt
 .text          0x08000a7c       0x50 c:/ac6/systemworkbench/plugins/fr.ac6.mcu.externaltools.arm-none.win32_1.17.0.201812190825/tools/compiler/bin/../lib/gcc/arm-none-eabi/7.3.1/thumb/v7e-m/fpv4-sp/hard\libgcc.a(_arm_fixdfsi.o)
                0x08000a7c                __aeabi_d2iz
                0x08000a7c                __fixdfsi
 .text          0x08000acc       0x40 c:/ac6/systemworkbench/plugins/fr.ac6.mcu.externaltools.arm-none.win32_1.17.0.201812190825/tools/compiler/bin/../lib/gcc/arm-none-eabi/7.3.1/thumb/v7e-m/fpv4-sp/hard\libgcc.a(_arm_fixunsdfsi.o)
                0x08000acc                __aeabi_d2uiz
                0x08000acc                __fixunsdfsi
 .text          0x08000b0c      0x21c c:/ac6/systemworkbench/plugins/fr.ac6.mcu.externaltools.arm-none.win32_1.17.0.201812190825/tools/compiler/bin/../lib/gcc/arm-none-eabi/7.3.1/thumb/v7e-m/fpv4-sp/hard\libgcc.a(_arm_addsubsf3.o)
                0x08000b0c                __aeabi_frsub
                0x08000b14                __subsf3
                0x08000b14                __aeabi_fsub
                0x08000b18                __aeabi_fadd
                0x08000b18                __addsf3
                0x08000c78                __aeabi_ui2f
                0x08000c78                __floatunsisf
                0x08000c80                __aeabi_i2f
                0x08000c80                __floatsisf
                0x08000c9c                __aeabi_ul2f
                0x08000c9c                __floatundisf
                0x08000cac                __aeabi_l2f
                0x08000cac                __floatdisf
 .text          0x08000d28       0x30 c:/ac6/systemworkbench/plugins/fr.ac6.mcu.externaltools.arm-none.win32_1.17.0.201812190825/tools/compiler/bin/../lib/gcc/arm-none-eabi/7.3.1/thumb/v7e-m/fpv4-sp/hard\libgcc.a(_aeabi_uldivmod.o)
                0x08000d28                __aeabi_uldivmod
 .text          0x08000d58      0x2cc c:/ac6/systemworkbench/plugins/fr.ac6.mcu.externaltools.arm-none.win32_1.17.0.201812190825/tools/compiler/bin/../lib/gcc/arm-none-eabi/7.3.1/thumb/v7e-m/fpv4-sp/hard\libgcc.a(_udivmoddi4.o)
                0x08000d58                __udivmoddi4
 .text          0x08001024        0x4 c:/ac6/systemworkbench/plugins/fr.ac6.mcu.externaltools.arm-none.win32_1.17.0.201812190825/tools/compiler/bin/../lib/gcc/arm-none-eabi/7.3.1/thumb/v7e-m/fpv4-sp/hard\libgcc.a(_dvmd_tls.o)
                0x08001024                __aeabi_idiv0
                0x08001024                __aeabi_ldiv0
 .text          0x08001028       0x10 c:/ac6/systemworkbench/plugins/fr.ac6.mcu.externaltools.arm-none.win32_1.17.0.201812190825/tools/compiler/bin/../lib/gcc/arm-none-eabi/7.3.1/../../../../arm-none-eabi/lib/thumb/v7e-m/fpv4-sp/hard\libc_nano.a(lib_a-strlen.o)
                0x08001028                strlen
 *fill*         0x08001038        0x8 
 .text          0x08001040       0xa0 c:/ac6/systemworkbench/plugins/fr.ac6.mcu.externaltools.arm-none.win32_1.17.0.201812190825/tools/compiler/bin/../lib/gcc/arm-none-eabi/7.3.1/../../../../arm-none-eabi/lib/thumb/v7e-m/fpv4-sp/hard\libc_nano.a(lib_a-memchr.o)
                0x08001040                memchr
 .text          0x080010e0       0x2c c:/ac6/systemworkbench/plugins/fr.ac6.mcu.externaltools.arm-none.win32_1.17.0.201812190825/tools/compiler/bin/../lib/gcc/arm-none-eabi/7.3.1/thumb/v7e-m/fpv4-sp/hard\libgcc.a(_arm_unorddf2.o)
                0x080010e0                __unorddf2
                0x080010e0                __aeabi_dcmpun
 *(.text*)
 .text.HAL_InitTick
                0x0800110c       0x48 Drivers/STM32F4xx_HAL_Driver/Src/stm32f4xx_hal.o
                0x0800110c                HAL_InitTick
 .text.HAL_Init
                0x08001154       0x34 Drivers/STM32F4xx_HAL_Driver/Src/stm32f4xx_hal.o
                0x08001154                HAL_Init
 .text.HAL_IncTick
                0x08001188       0x18 Drivers/STM32F4xx_HAL_Driver/Src/stm32f4xx_hal.o
                0x08001188                HAL_IncTick
 .text.HAL_GetTick
                0x080011a0        0xc Drivers/STM32F4xx_HAL_Driver/Src/stm32f4xx_hal.o
                0x080011a0                HAL_GetTick
 .text.HAL_CAN_Init
                0x080011ac      0x14c Drivers/STM32F4xx_HAL_Driver/Src/stm32f4xx_hal_can.o
                0x080011ac                HAL_CAN_Init
 .text.HAL_CAN_ConfigFilter
                0x080012f8      0x12c Drivers/STM32F4xx_HAL_Driver/Src/stm32f4xx_hal_can.o
                0x080012f8                HAL_CAN_ConfigFilter
 .text.HAL_CAN_Start
                0x08001424       0x5c Drivers/STM32F4xx_HAL_Driver/Src/stm32f4xx_hal_can.o
                0x08001424                HAL_CAN_Start
 .text.HAL_CAN_AddTxMessage
                0x08001480       0xea Drivers/STM32F4xx_HAL_Driver/Src/stm32f4xx_hal_can.o
                0x08001480                HAL_CAN_AddTxMessage
 .text.HAL_CAN_GetTxMailboxesFreeLevel
                0x0800156a       0x36 Drivers/STM32F4xx_HAL_Driver/Src/stm32f4xx_hal_can.o
                0x0800156a                HAL_CAN_GetTxMailboxesFreeLevel
 .text.HAL_CAN_GetRxMessage
                0x080015a0      0x134 Drivers/STM32F4xx_HAL_Driver/Src/stm32f4xx_hal_can.o
                0x080015a0                HAL_CAN_GetRxMessage
 .text.HAL_CAN_ActivateNotification
                0x080016d4       0x24 Drivers/STM32F4xx_HAL_Driver/Src/stm32f4xx_hal_can.o
                0x080016d4                HAL_CAN_ActivateNotification
 .text.HAL_CAN_TxMailbox0CompleteCallback
                0x080016f8        0x2 Drivers/STM32F4xx_HAL_Driver/Src/stm32f4xx_hal_can.o
                0x080016f8                HAL_CAN_TxMailbox0CompleteCallback
 .text.HAL_CAN_TxMailbox1CompleteCallback
                0x080016fa        0x2 Drivers/STM32F4xx_HAL_Driver/Src/stm32f4xx_hal_can.o
                0x080016fa                HAL_CAN_TxMailbox1CompleteCallback
 .text.HAL_CAN_TxMailbox2CompleteCallback
                0x080016fc        0x2 Drivers/STM32F4xx_HAL_Driver/Src/stm32f4xx_hal_can.o
                0x080016fc                HAL_CAN_TxMailbox2CompleteCallback
 .text.HAL_CAN_TxMailbox0AbortCallback
                0x080016fe        0x2 Drivers/STM32F4xx_HAL_Driver/Src/stm32f4xx_hal_can.o
                0x080016fe                HAL_CAN_TxMailbox0AbortCallback
 .text.HAL_CAN_TxMailbox1AbortCallback
                0x08001700        0x2 Drivers/STM32F4xx_HAL_Driver/Src/stm32f4xx_hal_can.o
                0x08001700                HAL_CAN_TxMailbox1AbortCallback
 .text.HAL_CAN_TxMailbox2AbortCallback
                0x08001702        0x2 Drivers/STM32F4xx_HAL_Driver/Src/stm32f4xx_hal_can.o
                0x08001702                HAL_CAN_TxMailbox2AbortCallback
 .text.HAL_CAN_RxFifo0FullCallback
                0x08001704        0x2 Drivers/STM32F4xx_HAL_Driver/Src/stm32f4xx_hal_can.o
                0x08001704                HAL_CAN_RxFifo0FullCallback
 .text.HAL_CAN_RxFifo1MsgPendingCallback
                0x08001706        0x2 Drivers/STM32F4xx_HAL_Driver/Src/stm32f4xx_hal_can.o
                0x08001706                HAL_CAN_RxFifo1MsgPendingCallback
 .text.HAL_CAN_RxFifo1FullCallback
                0x08001708        0x2 Drivers/STM32F4xx_HAL_Driver/Src/stm32f4xx_hal_can.o
                0x08001708                HAL_CAN_RxFifo1FullCallback
 .text.HAL_CAN_SleepCallback
                0x0800170a        0x2 Drivers/STM32F4xx_HAL_Driver/Src/stm32f4xx_hal_can.o
                0x0800170a                HAL_CAN_SleepCallback
 .text.HAL_CAN_WakeUpFromRxMsgCallback
                0x0800170c        0x2 Drivers/STM32F4xx_HAL_Driver/Src/stm32f4xx_hal_can.o
                0x0800170c                HAL_CAN_WakeUpFromRxMsgCallback
 .text.HAL_CAN_ErrorCallback
                0x0800170e        0x2 Drivers/STM32F4xx_HAL_Driver/Src/stm32f4xx_hal_can.o
                0x0800170e                HAL_CAN_ErrorCallback
 .text.HAL_CAN_IRQHandler
                0x08001710      0x258 Drivers/STM32F4xx_HAL_Driver/Src/stm32f4xx_hal_can.o
                0x08001710                HAL_CAN_IRQHandler
 .text.HAL_NVIC_SetPriorityGrouping
                0x08001968       0x24 Drivers/STM32F4xx_HAL_Driver/Src/stm32f4xx_hal_cortex.o
                0x08001968                HAL_NVIC_SetPriorityGrouping
 .text.HAL_NVIC_SetPriority
                0x0800198c       0x68 Drivers/STM32F4xx_HAL_Driver/Src/stm32f4xx_hal_cortex.o
                0x0800198c                HAL_NVIC_SetPriority
 .text.HAL_NVIC_EnableIRQ
                0x080019f4       0x1c Drivers/STM32F4xx_HAL_Driver/Src/stm32f4xx_hal_cortex.o
                0x080019f4                HAL_NVIC_EnableIRQ
 .text.HAL_SYSTICK_Config
                0x08001a10       0x2c Drivers/STM32F4xx_HAL_Driver/Src/stm32f4xx_hal_cortex.o
                0x08001a10                HAL_SYSTICK_Config
 .text.HAL_DAC_Init
                0x08001a3c       0x24 Drivers/STM32F4xx_HAL_Driver/Src/stm32f4xx_hal_dac.o
                0x08001a3c                HAL_DAC_Init
 .text.HAL_DAC_Start
                0x08001a60       0x6e Drivers/STM32F4xx_HAL_Driver/Src/stm32f4xx_hal_dac.o
                0x08001a60                HAL_DAC_Start
 .text.HAL_DAC_ConfigChannel
                0x08001ace       0x4a Drivers/STM32F4xx_HAL_Driver/Src/stm32f4xx_hal_dac.o
                0x08001ace                HAL_DAC_ConfigChannel
 .text.HAL_DAC_SetValue
                0x08001b18       0x2e Drivers/STM32F4xx_HAL_Driver/Src/stm32f4xx_hal_dac.o
                0x08001b18                HAL_DAC_SetValue
 .text.DMA_SetConfig
                0x08001b46       0x2c Drivers/STM32F4xx_HAL_Driver/Src/stm32f4xx_hal_dma.o
 *fill*         0x08001b72        0x2 
 .text.DMA_CalcBaseAndBitshift
                0x08001b74       0x3c Drivers/STM32F4xx_HAL_Driver/Src/stm32f4xx_hal_dma.o
 .text.DMA_CheckFifoParam
                0x08001bb0       0x8e Drivers/STM32F4xx_HAL_Driver/Src/stm32f4xx_hal_dma.o
 *fill*         0x08001c3e        0x2 
 .text.HAL_DMA_Init
                0x08001c40       0xcc Drivers/STM32F4xx_HAL_Driver/Src/stm32f4xx_hal_dma.o
                0x08001c40                HAL_DMA_Init
 .text.HAL_DMA_Start_IT
                0x08001d0c       0x6a Drivers/STM32F4xx_HAL_Driver/Src/stm32f4xx_hal_dma.o
                0x08001d0c                HAL_DMA_Start_IT
 .text.HAL_DMA_Abort
                0x08001d76       0x94 Drivers/STM32F4xx_HAL_Driver/Src/stm32f4xx_hal_dma.o
                0x08001d76                HAL_DMA_Abort
 .text.HAL_DMA_Abort_IT
                0x08001e0a       0x26 Drivers/STM32F4xx_HAL_Driver/Src/stm32f4xx_hal_dma.o
                0x08001e0a                HAL_DMA_Abort_IT
 .text.HAL_DMA_IRQHandler
                0x08001e30      0x1dc Drivers/STM32F4xx_HAL_Driver/Src/stm32f4xx_hal_dma.o
                0x08001e30                HAL_DMA_IRQHandler
 .text.HAL_DMA_GetError
                0x0800200c        0x4 Drivers/STM32F4xx_HAL_Driver/Src/stm32f4xx_hal_dma.o
                0x0800200c                HAL_DMA_GetError
 .text.HAL_GPIO_Init
                0x08002010      0x1c8 Drivers/STM32F4xx_HAL_Driver/Src/stm32f4xx_hal_gpio.o
                0x08002010                HAL_GPIO_Init
 .text.HAL_GPIO_ReadPin
                0x080021d8        0xe Drivers/STM32F4xx_HAL_Driver/Src/stm32f4xx_hal_gpio.o
                0x080021d8                HAL_GPIO_ReadPin
 .text.HAL_GPIO_WritePin
                0x080021e6        0xc Drivers/STM32F4xx_HAL_Driver/Src/stm32f4xx_hal_gpio.o
                0x080021e6                HAL_GPIO_WritePin
 *fill*         0x080021f2        0x2 
 .text.HAL_GPIO_EXTI_IRQHandler
                0x080021f4       0x1c Drivers/STM32F4xx_HAL_Driver/Src/stm32f4xx_hal_gpio.o
                0x080021f4                HAL_GPIO_EXTI_IRQHandler
 .text.I2C_IsAcknowledgeFailed
                0x08002210       0x32 Drivers/STM32F4xx_HAL_Driver/Src/stm32f4xx_hal_i2c.o
 .text.I2C_WaitOnFlagUntilTimeout
                0x08002242       0x70 Drivers/STM32F4xx_HAL_Driver/Src/stm32f4xx_hal_i2c.o
 .text.I2C_WaitOnMasterAddressFlagUntilTimeout
                0x080022b2       0xa4 Drivers/STM32F4xx_HAL_Driver/Src/stm32f4xx_hal_i2c.o
 .text.I2C_WaitOnTXEFlagUntilTimeout
                0x08002356       0x54 Drivers/STM32F4xx_HAL_Driver/Src/stm32f4xx_hal_i2c.o
 *fill*         0x080023aa        0x2 
 .text.I2C_RequestMemoryRead
                0x080023ac      0x160 Drivers/STM32F4xx_HAL_Driver/Src/stm32f4xx_hal_i2c.o
 .text.I2C_WaitOnRXNEFlagUntilTimeout
                0x0800250c       0x6a Drivers/STM32F4xx_HAL_Driver/Src/stm32f4xx_hal_i2c.o
 *fill*         0x08002576        0x2 
 .text.HAL_I2C_Init
                0x08002578      0x1b4 Drivers/STM32F4xx_HAL_Driver/Src/stm32f4xx_hal_i2c.o
                0x08002578                HAL_I2C_Init
 .text.HAL_I2C_Mem_Read
                0x0800272c      0x2d0 Drivers/STM32F4xx_HAL_Driver/Src/stm32f4xx_hal_i2c.o
                0x0800272c                HAL_I2C_Mem_Read
 .text.IRDA_EndTxTransfer
                0x080029fc       0x12 Drivers/STM32F4xx_HAL_Driver/Src/stm32f4xx_hal_irda.o
 .text.IRDA_EndRxTransfer
                0x08002a0e       0x1c Drivers/STM32F4xx_HAL_Driver/Src/stm32f4xx_hal_irda.o
 .text.IRDA_Transmit_IT
                0x08002a2a       0x68 Drivers/STM32F4xx_HAL_Driver/Src/stm32f4xx_hal_irda.o
 *fill*         0x08002a92        0x2 
 .text.IRDA_SetConfig
                0x08002a94      0x12c Drivers/STM32F4xx_HAL_Driver/Src/stm32f4xx_hal_irda.o
 .text.HAL_IRDA_Init
                0x08002bc0       0x88 Drivers/STM32F4xx_HAL_Driver/Src/stm32f4xx_hal_irda.o
                0x08002bc0                HAL_IRDA_Init
 .text.HAL_IRDA_Transmit_DMA
                0x08002c48       0x8c Drivers/STM32F4xx_HAL_Driver/Src/stm32f4xx_hal_irda.o
                0x08002c48                HAL_IRDA_Transmit_DMA
 .text.HAL_IRDA_Receive_DMA
                0x08002cd4       0xa8 Drivers/STM32F4xx_HAL_Driver/Src/stm32f4xx_hal_irda.o
                0x08002cd4                HAL_IRDA_Receive_DMA
 .text.HAL_IRDA_Abort
                0x08002d7c       0x6c Drivers/STM32F4xx_HAL_Driver/Src/stm32f4xx_hal_irda.o
                0x08002d7c                HAL_IRDA_Abort
 .text.HAL_IRDA_TxCpltCallback
                0x08002de8        0x2 Drivers/STM32F4xx_HAL_Driver/Src/stm32f4xx_hal_irda.o
                0x08002de8                HAL_IRDA_TxCpltCallback
 .text.IRDA_DMATransmitCplt
                0x08002dea       0x30 Drivers/STM32F4xx_HAL_Driver/Src/stm32f4xx_hal_irda.o
 .text.IRDA_EndTransmit_IT
                0x08002e1a       0x24 Drivers/STM32F4xx_HAL_Driver/Src/stm32f4xx_hal_irda.o
 .text.HAL_IRDA_TxHalfCpltCallback
                0x08002e3e        0x2 Drivers/STM32F4xx_HAL_Driver/Src/stm32f4xx_hal_irda.o
                0x08002e3e                HAL_IRDA_TxHalfCpltCallback
 .text.IRDA_DMATransmitHalfCplt
                0x08002e40        0xa Drivers/STM32F4xx_HAL_Driver/Src/stm32f4xx_hal_irda.o
 .text.IRDA_DMAReceiveCplt
                0x08002e4a       0x3e Drivers/STM32F4xx_HAL_Driver/Src/stm32f4xx_hal_irda.o
 .text.IRDA_Receive_IT
                0x08002e88       0x92 Drivers/STM32F4xx_HAL_Driver/Src/stm32f4xx_hal_irda.o
 .text.HAL_IRDA_RxHalfCpltCallback
                0x08002f1a        0x2 Drivers/STM32F4xx_HAL_Driver/Src/stm32f4xx_hal_irda.o
                0x08002f1a                HAL_IRDA_RxHalfCpltCallback
 .text.IRDA_DMAReceiveHalfCplt
                0x08002f1c        0xa Drivers/STM32F4xx_HAL_Driver/Src/stm32f4xx_hal_irda.o
 .text.HAL_IRDA_ErrorCallback
                0x08002f26        0x2 Drivers/STM32F4xx_HAL_Driver/Src/stm32f4xx_hal_irda.o
                0x08002f26                HAL_IRDA_ErrorCallback
 .text.IRDA_DMAError
                0x08002f28       0x58 Drivers/STM32F4xx_HAL_Driver/Src/stm32f4xx_hal_irda.o
 .text.HAL_IRDA_IRQHandler
                0x08002f80      0x128 Drivers/STM32F4xx_HAL_Driver/Src/stm32f4xx_hal_irda.o
                0x08002f80                HAL_IRDA_IRQHandler
 .text.IRDA_DMAAbortOnError
                0x080030a8       0x10 Drivers/STM32F4xx_HAL_Driver/Src/stm32f4xx_hal_irda.o
 .text.HAL_RCC_OscConfig
                0x080030b8      0x3ec Drivers/STM32F4xx_HAL_Driver/Src/stm32f4xx_hal_rcc.o
                0x080030b8                HAL_RCC_OscConfig
 .text.HAL_RCC_GetSysClockFreq
                0x080034a4       0xa8 Drivers/STM32F4xx_HAL_Driver/Src/stm32f4xx_hal_rcc.o
                0x080034a4                HAL_RCC_GetSysClockFreq
 .text.HAL_RCC_ClockConfig
                0x0800354c      0x160 Drivers/STM32F4xx_HAL_Driver/Src/stm32f4xx_hal_rcc.o
                0x0800354c                HAL_RCC_ClockConfig
 .text.HAL_RCC_GetHCLKFreq
                0x080036ac        0xc Drivers/STM32F4xx_HAL_Driver/Src/stm32f4xx_hal_rcc.o
                0x080036ac                HAL_RCC_GetHCLKFreq
 .text.HAL_RCC_GetPCLK1Freq
                0x080036b8       0x20 Drivers/STM32F4xx_HAL_Driver/Src/stm32f4xx_hal_rcc.o
                0x080036b8                HAL_RCC_GetPCLK1Freq
 .text.HAL_RCC_GetPCLK2Freq
                0x080036d8       0x20 Drivers/STM32F4xx_HAL_Driver/Src/stm32f4xx_hal_rcc.o
                0x080036d8                HAL_RCC_GetPCLK2Freq
 .text.TIM_OC1_SetConfig
                0x080036f8       0x68 Drivers/STM32F4xx_HAL_Driver/Src/stm32f4xx_hal_tim.o
 .text.TIM_OC3_SetConfig
                0x08003760       0x70 Drivers/STM32F4xx_HAL_Driver/Src/stm32f4xx_hal_tim.o
 .text.TIM_OC4_SetConfig
                0x080037d0       0x50 Drivers/STM32F4xx_HAL_Driver/Src/stm32f4xx_hal_tim.o
 .text.TIM_TI1_ConfigInputStage
                0x08003820       0x26 Drivers/STM32F4xx_HAL_Driver/Src/stm32f4xx_hal_tim.o
 .text.TIM_TI2_ConfigInputStage
                0x08003846       0x28 Drivers/STM32F4xx_HAL_Driver/Src/stm32f4xx_hal_tim.o
 .text.TIM_ITRx_SetConfig
                0x0800386e       0x10 Drivers/STM32F4xx_HAL_Driver/Src/stm32f4xx_hal_tim.o
 .text.HAL_TIM_OC_MspInit
                0x0800387e        0x2 Drivers/STM32F4xx_HAL_Driver/Src/stm32f4xx_hal_tim.o
                0x0800387e                HAL_TIM_OC_MspInit
 .text.HAL_TIM_PeriodElapsedCallback
                0x08003880        0x2 Drivers/STM32F4xx_HAL_Driver/Src/stm32f4xx_hal_tim.o
                0x08003880                HAL_TIM_PeriodElapsedCallback
 .text.HAL_TIM_OC_DelayElapsedCallback
                0x08003882        0x2 Drivers/STM32F4xx_HAL_Driver/Src/stm32f4xx_hal_tim.o
                0x08003882                HAL_TIM_OC_DelayElapsedCallback
 .text.HAL_TIM_IC_CaptureCallback
                0x08003884        0x2 Drivers/STM32F4xx_HAL_Driver/Src/stm32f4xx_hal_tim.o
                0x08003884                HAL_TIM_IC_CaptureCallback
 .text.HAL_TIM_PWM_PulseFinishedCallback
                0x08003886        0x2 Drivers/STM32F4xx_HAL_Driver/Src/stm32f4xx_hal_tim.o
                0x08003886                HAL_TIM_PWM_PulseFinishedCallback
 .text.HAL_TIM_TriggerCallback
                0x08003888        0x2 Drivers/STM32F4xx_HAL_Driver/Src/stm32f4xx_hal_tim.o
                0x08003888                HAL_TIM_TriggerCallback
 .text.HAL_TIM_IRQHandler
                0x0800388a      0x17a Drivers/STM32F4xx_HAL_Driver/Src/stm32f4xx_hal_tim.o
                0x0800388a                HAL_TIM_IRQHandler
 .text.TIM_Base_SetConfig
                0x08003a04       0xc8 Drivers/STM32F4xx_HAL_Driver/Src/stm32f4xx_hal_tim.o
                0x08003a04                TIM_Base_SetConfig
 .text.HAL_TIM_Base_Init
                0x08003acc       0x32 Drivers/STM32F4xx_HAL_Driver/Src/stm32f4xx_hal_tim.o
                0x08003acc                HAL_TIM_Base_Init
 .text.HAL_TIM_OC_Init
                0x08003afe       0x32 Drivers/STM32F4xx_HAL_Driver/Src/stm32f4xx_hal_tim.o
                0x08003afe                HAL_TIM_OC_Init
 .text.TIM_OC2_SetConfig
                0x08003b30       0x70 Drivers/STM32F4xx_HAL_Driver/Src/stm32f4xx_hal_tim.o
                0x08003b30                TIM_OC2_SetConfig
 .text.HAL_TIM_OC_ConfigChannel
                0x08003ba0       0x5e Drivers/STM32F4xx_HAL_Driver/Src/stm32f4xx_hal_tim.o
                0x08003ba0                HAL_TIM_OC_ConfigChannel
 .text.TIM_ETR_SetConfig
                0x08003bfe       0x18 Drivers/STM32F4xx_HAL_Driver/Src/stm32f4xx_hal_tim.o
                0x08003bfe                TIM_ETR_SetConfig
 .text.HAL_TIM_ConfigClockSource
                0x08003c16       0xda Drivers/STM32F4xx_HAL_Driver/Src/stm32f4xx_hal_tim.o
                0x08003c16                HAL_TIM_ConfigClockSource
 .text.HAL_TIMEx_MasterConfigSynchronization
                0x08003cf0       0x88 Drivers/STM32F4xx_HAL_Driver/Src/stm32f4xx_hal_tim_ex.o
                0x08003cf0                HAL_TIMEx_MasterConfigSynchronization
 .text.HAL_TIMEx_CommutCallback
                0x08003d78        0x2 Drivers/STM32F4xx_HAL_Driver/Src/stm32f4xx_hal_tim_ex.o
                0x08003d78                HAL_TIMEx_CommutCallback
 .text.HAL_TIMEx_BreakCallback
                0x08003d7a        0x2 Drivers/STM32F4xx_HAL_Driver/Src/stm32f4xx_hal_tim_ex.o
                0x08003d7a                HAL_TIMEx_BreakCallback
 .text.UART_EndTxTransfer
                0x08003d7c       0x12 Drivers/STM32F4xx_HAL_Driver/Src/stm32f4xx_hal_uart.o
 .text.UART_EndRxTransfer
                0x08003d8e       0x1c Drivers/STM32F4xx_HAL_Driver/Src/stm32f4xx_hal_uart.o
 .text.UART_Transmit_IT
                0x08003daa       0x68 Drivers/STM32F4xx_HAL_Driver/Src/stm32f4xx_hal_uart.o
 *fill*         0x08003e12        0x2 
 .text.UART_SetConfig
                0x08003e14      0x218 Drivers/STM32F4xx_HAL_Driver/Src/stm32f4xx_hal_uart.o
 .text.HAL_UART_Init
                0x0800402c       0x5e Drivers/STM32F4xx_HAL_Driver/Src/stm32f4xx_hal_uart.o
                0x0800402c                HAL_UART_Init
 *fill*         0x0800408a        0x2 
 .text.HAL_UART_Transmit_DMA
                0x0800408c       0x8c Drivers/STM32F4xx_HAL_Driver/Src/stm32f4xx_hal_uart.o
                0x0800408c                HAL_UART_Transmit_DMA
 .text.HAL_UART_Receive_DMA
                0x08004118       0xa8 Drivers/STM32F4xx_HAL_Driver/Src/stm32f4xx_hal_uart.o
                0x08004118                HAL_UART_Receive_DMA
 .text.HAL_UART_Abort
                0x080041c0       0x94 Drivers/STM32F4xx_HAL_Driver/Src/stm32f4xx_hal_uart.o
                0x080041c0                HAL_UART_Abort
 .text.UART_DMATransmitCplt
                0x08004254       0x30 Drivers/STM32F4xx_HAL_Driver/Src/stm32f4xx_hal_uart.o
 .text.UART_EndTransmit_IT
                0x08004284       0x1a Drivers/STM32F4xx_HAL_Driver/Src/stm32f4xx_hal_uart.o
 .text.HAL_UART_TxHalfCpltCallback
                0x0800429e        0x2 Drivers/STM32F4xx_HAL_Driver/Src/stm32f4xx_hal_uart.o
                0x0800429e                HAL_UART_TxHalfCpltCallback
 .text.UART_DMATxHalfCplt
                0x080042a0        0xa Drivers/STM32F4xx_HAL_Driver/Src/stm32f4xx_hal_uart.o
 .text.UART_DMAReceiveCplt
                0x080042aa       0x3e Drivers/STM32F4xx_HAL_Driver/Src/stm32f4xx_hal_uart.o
 .text.UART_Receive_IT
                0x080042e8       0x9c Drivers/STM32F4xx_HAL_Driver/Src/stm32f4xx_hal_uart.o
 .text.HAL_UART_RxHalfCpltCallback
                0x08004384        0x2 Drivers/STM32F4xx_HAL_Driver/Src/stm32f4xx_hal_uart.o
                0x08004384                HAL_UART_RxHalfCpltCallback
 .text.UART_DMARxHalfCplt
                0x08004386        0xa Drivers/STM32F4xx_HAL_Driver/Src/stm32f4xx_hal_uart.o
 .text.HAL_UART_ErrorCallback
                0x08004390        0x2 Drivers/STM32F4xx_HAL_Driver/Src/stm32f4xx_hal_uart.o
                0x08004390                HAL_UART_ErrorCallback
 .text.UART_DMAError
                0x08004392       0x58 Drivers/STM32F4xx_HAL_Driver/Src/stm32f4xx_hal_uart.o
 *fill*         0x080043ea        0x2 
 .text.HAL_UART_IRQHandler
                0x080043ec      0x128 Drivers/STM32F4xx_HAL_Driver/Src/stm32f4xx_hal_uart.o
                0x080043ec                HAL_UART_IRQHandler
 .text.UART_DMAAbortOnError
                0x08004514       0x10 Drivers/STM32F4xx_HAL_Driver/Src/stm32f4xx_hal_uart.o
 .text.time_run
                0x08004524       0x10 Src/Cntrl_Proc.o
                0x08004524                time_run
 .text.set_utimer
                0x08004534       0x1c Src/Cntrl_Proc.o
                0x08004534                set_utimer
 .text.init_timer
                0x08004550       0x82 Src/Cntrl_Proc.o
                0x08004550                init_timer
 *fill*         0x080045d2        0x2 
 .text.check_timer
                0x080045d4       0x34 Src/Cntrl_Proc.o
                0x080045d4                check_timer
 .text.read_eeprom
                0x08004608       0x78 Src/Cntrl_Proc.o
                0x08004608                read_eeprom
 .text.read_HardwareID
                0x08004680       0x24 Src/Cntrl_Proc.o
                0x08004680                read_HardwareID
 .text.get_HardwareID_High
                0x080046a4        0xc Src/Cntrl_Proc.o
                0x080046a4                get_HardwareID_High
 .text.get_HardwareID_Low
                0x080046b0        0xc Src/Cntrl_Proc.o
                0x080046b0                get_HardwareID_Low
 .text.read_battery_status
                0x080046bc       0x44 Src/Cntrl_Proc.o
                0x080046bc                read_battery_status
 .text.set_cmd_process_flag
                0x08004700        0xc Src/Cntrl_Proc.o
                0x08004700                set_cmd_process_flag
 .text.reset_cmd_process_flag
                0x0800470c        0xc Src/Cntrl_Proc.o
                0x0800470c                reset_cmd_process_flag
 .text.get_cmd_process_flag
                0x08004718        0xc Src/Cntrl_Proc.o
                0x08004718                get_cmd_process_flag
 .text.set_command_data
                0x08004724        0xc Src/Cntrl_Proc.o
                0x08004724                set_command_data
 .text.check_wheel_brake
                0x08004730       0x10 Src/Cntrl_Proc.o
                0x08004730                check_wheel_brake
 .text.check_turn_brake
                0x08004740       0x10 Src/Cntrl_Proc.o
                0x08004740                check_turn_brake
 .text.scan_bumper
                0x08004750       0xc4 Src/Cntrl_Proc.o
                0x08004750                scan_bumper
 .text.emerge_key_scan
                0x08004814       0x4c Src/Cntrl_Proc.o
                0x08004814                emerge_key_scan
 .text.keyScan  0x08004860      0x3c8 Src/Cntrl_Proc.o
                0x08004860                keyScan
 .text.ck_emgncy_key
                0x08004c28       0x10 Src/Cntrl_Proc.o
                0x08004c28                ck_emgncy_key
 .text.ck_lift_updown1_key
                0x08004c38       0x10 Src/Cntrl_Proc.o
                0x08004c38                ck_lift_updown1_key
 .text.ck_lift_updown2_key
                0x08004c48       0x10 Src/Cntrl_Proc.o
                0x08004c48                ck_lift_updown2_key
 .text.ck_alarm_release1_key
                0x08004c58       0x10 Src/Cntrl_Proc.o
                0x08004c58                ck_alarm_release1_key
 .text.ck_alarm_release2_key
                0x08004c68       0x10 Src/Cntrl_Proc.o
                0x08004c68                ck_alarm_release2_key
 .text.ck_brake_release1_key
                0x08004c78       0x10 Src/Cntrl_Proc.o
                0x08004c78                ck_brake_release1_key
 .text.ck_brake_release2_key
                0x08004c88       0x10 Src/Cntrl_Proc.o
                0x08004c88                ck_brake_release2_key
 .text.ck_turn_brake1_key
                0x08004c98       0x10 Src/Cntrl_Proc.o
                0x08004c98                ck_turn_brake1_key
 .text.ck_turn_brake2_key
                0x08004ca8       0x10 Src/Cntrl_Proc.o
                0x08004ca8                ck_turn_brake2_key
 .text.manul_brake
                0x08004cb8       0x78 Src/Cntrl_Proc.o
                0x08004cb8                manul_brake
 .text.set_bumper1_flag
                0x08004d30       0x10 Src/Cntrl_Proc.o
                0x08004d30                set_bumper1_flag
 .text.reset_bumper1_flag
                0x08004d40       0x10 Src/Cntrl_Proc.o
                0x08004d40                reset_bumper1_flag
 .text.get_bumper1_flag
                0x08004d50        0xc Src/Cntrl_Proc.o
                0x08004d50                get_bumper1_flag
 .text.set_bumper2_flag
                0x08004d5c       0x10 Src/Cntrl_Proc.o
                0x08004d5c                set_bumper2_flag
 .text.reset_bumper2_flag
                0x08004d6c       0x10 Src/Cntrl_Proc.o
                0x08004d6c                reset_bumper2_flag
 .text.get_bumper2_flag
                0x08004d7c        0xc Src/Cntrl_Proc.o
                0x08004d7c                get_bumper2_flag
 .text.set_emergekey_flag
                0x08004d88       0x10 Src/Cntrl_Proc.o
                0x08004d88                set_emergekey_flag
 .text.reset_emergekey_flag
                0x08004d98       0x10 Src/Cntrl_Proc.o
                0x08004d98                reset_emergekey_flag
 .text.get_emergekey_flag
                0x08004da8        0xc Src/Cntrl_Proc.o
                0x08004da8                get_emergekey_flag
 .text.set_LiftActive_state
                0x08004db4       0x14 Src/Cntrl_Proc.o
                0x08004db4                set_LiftActive_state
 .text.set_LiftComplete_state
                0x08004dc8       0x14 Src/Cntrl_Proc.o
                0x08004dc8                set_LiftComplete_state
 .text.set_LiftUpper_state
                0x08004ddc       0x14 Src/Cntrl_Proc.o
                0x08004ddc                set_LiftUpper_state
 .text.reset_LiftUpper_state
                0x08004df0       0x14 Src/Cntrl_Proc.o
                0x08004df0                reset_LiftUpper_state
 .text.set_LiftLower_state
                0x08004e04       0x14 Src/Cntrl_Proc.o
                0x08004e04                set_LiftLower_state
 .text.reset_LiftLower_state
                0x08004e18       0x14 Src/Cntrl_Proc.o
                0x08004e18                reset_LiftLower_state
 .text.set_TurnAngle0_state
                0x08004e2c       0x14 Src/Cntrl_Proc.o
                0x08004e2c                set_TurnAngle0_state
 .text.reset_TurnAngle0_state
                0x08004e40       0x14 Src/Cntrl_Proc.o
                0x08004e40                reset_TurnAngle0_state
 .text.set_TurnAngle90_state
                0x08004e54       0x14 Src/Cntrl_Proc.o
                0x08004e54                set_TurnAngle90_state
 .text.reset_TurnAngle90_state
                0x08004e68       0x14 Src/Cntrl_Proc.o
                0x08004e68                reset_TurnAngle90_state
 .text.set_TurnAngle180_state
                0x08004e7c       0x14 Src/Cntrl_Proc.o
                0x08004e7c                set_TurnAngle180_state
 .text.reset_TurnAngle180_state
                0x08004e90       0x14 Src/Cntrl_Proc.o
                0x08004e90                reset_TurnAngle180_state
 .text.set_TurnAngle270_state
                0x08004ea4       0x14 Src/Cntrl_Proc.o
                0x08004ea4                set_TurnAngle270_state
 .text.reset_TurnAngle270_state
                0x08004eb8       0x14 Src/Cntrl_Proc.o
                0x08004eb8                reset_TurnAngle270_state
 .text.set_TurnActive_state
                0x08004ecc       0x14 Src/Cntrl_Proc.o
                0x08004ecc                set_TurnActive_state
 .text.set_TurnComplete_state
                0x08004ee0       0x14 Src/Cntrl_Proc.o
                0x08004ee0                set_TurnComplete_state
 .text.get_sensor2_state
                0x08004ef4        0xc Src/Cntrl_Proc.o
                0x08004ef4                get_sensor2_state
 .text.get_turn_sensor_pos
                0x08004f00       0x10 Src/Cntrl_Proc.o
                0x08004f00                get_turn_sensor_pos
 .text.get_lift_pos
                0x08004f10       0x10 Src/Cntrl_Proc.o
                0x08004f10                get_lift_pos
 .text.check_bumper
                0x08004f20       0x10 Src/Cntrl_Proc.o
                0x08004f20                check_bumper
 .text.scan_motor_alarm
                0x08004f30       0xa0 Src/Cntrl_Proc.o
                0x08004f30                scan_motor_alarm
 .text.ck_mt_alarm
                0x08004fd0       0x10 Src/Cntrl_Proc.o
                0x08004fd0                ck_mt_alarm
 .text.alarm_reset_select
                0x08004fe0       0x78 Src/Cntrl_Proc.o
                0x08004fe0                alarm_reset_select
 .text.wait_error_release
                0x08005058      0x10c Src/Cntrl_Proc.o
                0x08005058                wait_error_release
 .text.ck_lift_alarm
                0x08005164       0x10 Src/Cntrl_Proc.o
                0x08005164                ck_lift_alarm
 .text.ck_turn_alarm
                0x08005174       0x10 Src/Cntrl_Proc.o
                0x08005174                ck_turn_alarm
 .text.send_mt_alarm
                0x08005184        0xc Src/Cntrl_Proc.o
                0x08005184                send_mt_alarm
 .text.monitor_emerg_stop
                0x08005190      0x1c8 Src/Cntrl_Proc.o
                0x08005190                monitor_emerg_stop
 .text.ck_emerg_stop
                0x08005358        0xc Src/Cntrl_Proc.o
                0x08005358                ck_emerg_stop
 .text.set_emergency
                0x08005364        0xc Src/Cntrl_Proc.o
                0x08005364                set_emergency
 .text.alarm_reset_control
                0x08005370       0x52 Src/Cntrl_Proc.o
                0x08005370                alarm_reset_control
 *fill*         0x080053c2        0x2 
 .text.manul_reset_alarm
                0x080053c4       0xb0 Src/Cntrl_Proc.o
                0x080053c4                manul_reset_alarm
 .text.auto_reset_alarm
                0x08005474      0x124 Src/Cntrl_Proc.o
                0x08005474                auto_reset_alarm
 .text.recovery_emergency
                0x08005598       0x1c Src/Cntrl_Proc.o
                0x08005598                recovery_emergency
 .text.cmnd_proc
                0x080055b4       0x74 Src/Cntrl_Proc.o
                0x080055b4                cmnd_proc
 .text.ck_mcu_state
                0x08005628       0x5c Src/Cntrl_Proc.o
                0x08005628                ck_mcu_state
 .text.get_mcu_state
                0x08005684        0xc Src/Cntrl_Proc.o
                0x08005684                get_mcu_state
 .text.ck_emerge_sens
                0x08005690       0x30 Src/Cntrl_Proc.o
                0x08005690                ck_emerge_sens
 .text.ck_sensor1_state
                0x080056c0      0x10c Src/Cntrl_Proc.o
                0x080056c0                ck_sensor1_state
 .text.get_sensor1_state
                0x080057cc        0xc Src/Cntrl_Proc.o
                0x080057cc                get_sensor1_state
 .text.power_off
                0x080057d8       0x10 Src/Cntrl_Proc.o
                0x080057d8                power_off
 .text.set_wake_up_flag
                0x080057e8        0xc Src/Cntrl_Proc.o
                0x080057e8                set_wake_up_flag
 .text.reset_wake_up_flag
                0x080057f4        0xc Src/Cntrl_Proc.o
                0x080057f4                reset_wake_up_flag
 .text.get_wake_up_flag
                0x08005800        0xc Src/Cntrl_Proc.o
                0x08005800                get_wake_up_flag
 .text.set_motor_active
                0x0800580c       0x10 Src/Cntrl_Proc.o
                0x0800580c                set_motor_active
 .text.reset_motor_active
                0x0800581c       0x10 Src/Cntrl_Proc.o
                0x0800581c                reset_motor_active
 .text.ck_motor_active
                0x0800582c        0xc Src/Cntrl_Proc.o
                0x0800582c                ck_motor_active
 .text.motor_wakeup_cntrl
                0x08005838      0x230 Src/Cntrl_Proc.o
                0x08005838                motor_wakeup_cntrl
 .text.scan_proc1
                0x08005a68       0x70 Src/Cntrl_Proc.o
                0x08005a68                scan_proc1
 .text.battery_init
                0x08005ad8       0x18 Src/battery.o
                0x08005ad8                battery_init
 .text.cmd_select
                0x08005af0       0x12 Src/battery.o
                0x08005af0                cmd_select
 .text.adr_select
                0x08005b02       0x22 Src/battery.o
                0x08005b02                adr_select
 .text.value_set
                0x08005b24       0x44 Src/battery.o
                0x08005b24                value_set
 .text.battery_val_read
                0x08005b68       0xb0 Src/battery.o
                0x08005b68                battery_val_read
 .text.set_i2c2_init
                0x08005c18        0xc Src/battery.o
                0x08005c18                set_i2c2_init
 .text.reset_i2c2_init
                0x08005c24        0xc Src/battery.o
                0x08005c24                reset_i2c2_init
 .text.get_i2c2_init
                0x08005c30        0xc Src/battery.o
                0x08005c30                get_i2c2_init
 .text.get_i2c2_state
                0x08005c3c        0xc Src/battery.o
                0x08005c3c                get_i2c2_state
 .text.battery_busy_recovery
                0x08005c48       0x5c Src/battery.o
                0x08005c48                battery_busy_recovery
 .text.battery_monitor
                0x08005ca4       0x16 Src/battery.o
                0x08005ca4                battery_monitor
 *fill*         0x08005cba        0x2 
 .text.get_battery1_capcity
                0x08005cbc       0x10 Src/battery.o
                0x08005cbc                get_battery1_capcity
 .text.get_battery2_capcity
                0x08005ccc       0x10 Src/battery.o
                0x08005ccc                get_battery2_capcity
 .text.ck_battery_full
                0x08005cdc       0x40 Src/battery.o
                0x08005cdc                ck_battery_full
 .text.ck_battery_overcharged
                0x08005d1c       0x40 Src/battery.o
                0x08005d1c                ck_battery_overcharged
 .text.ck_battery_chargestop
                0x08005d5c       0x40 Src/battery.o
                0x08005d5c                ck_battery_chargestop
 .text.ck_battery_overtmp
                0x08005d9c       0x40 Src/battery.o
                0x08005d9c                ck_battery_overtmp
 .text.HAL_CAN_RxFifo0MsgPendingCallback
                0x08005ddc       0x64 Src/can.o
                0x08005ddc                HAL_CAN_RxFifo0MsgPendingCallback
 .text.can_filter_setting
                0x08005e40       0x30 Src/can.o
                0x08005e40                can_filter_setting
 .text.can1_transmit
                0x08005e70       0x3c Src/can.o
                0x08005e70                can1_transmit
 .text.charge_relay_on
                0x08005eac       0x14 Src/charge.o
                0x08005eac                charge_relay_on
 .text.charge_relay_off
                0x08005ec0       0x14 Src/charge.o
                0x08005ec0                charge_relay_off
 .text.set_charge_state_info
                0x08005ed4        0xc Src/charge.o
                0x08005ed4                set_charge_state_info
 .text.get_charge_state_info
                0x08005ee0        0xc Src/charge.o
                0x08005ee0                get_charge_state_info
 .text.change_charge_state
                0x08005eec        0xc Src/charge.o
                0x08005eec                change_charge_state
 .text.get_chg_state
                0x08005ef8        0xc Src/charge.o
                0x08005ef8                get_chg_state
 .text.set_nuc_response
                0x08005f04        0xc Src/charge.o
                0x08005f04                set_nuc_response
 .text.ck_charge_state
                0x08005f10        0xc Src/charge.o
                0x08005f10                ck_charge_state
 .text.ck_battry
                0x08005f1c       0x30 Src/charge.o
                0x08005f1c                ck_battry
 .text.charge_proc_init
                0x08005f4c        0xc Src/charge.o
                0x08005f4c                charge_proc_init
 .text.charge_proc
                0x08005f58      0x362 Src/charge.o
                0x08005f58                charge_proc
 *fill*         0x080062ba        0x6 
 .text.mysin    0x080062c0       0xc0 Src/common_func.o
                0x080062c0                mysin
 .text.LPF_1order
                0x08006380       0xba Src/common_func.o
                0x08006380                LPF_1order
 .text.crc16_calc
                0x0800643a       0x38 Src/common_func.o
                0x0800643a                crc16_calc
 *fill*         0x08006472        0x2 
 .text.Left_Red_Led
                0x08006474       0x28 Src/led.o
                0x08006474                Left_Red_Led
 .text.Right_Red_Led
                0x0800649c       0x28 Src/led.o
                0x0800649c                Right_Red_Led
 .text.Left_Green_Led
                0x080064c4       0x28 Src/led.o
                0x080064c4                Left_Green_Led
 .text.Right_Green_Led
                0x080064ec       0x24 Src/led.o
                0x080064ec                Right_Green_Led
 .text.Left_Blue_Led
                0x08006510       0x28 Src/led.o
                0x08006510                Left_Blue_Led
 .text.Right_Blue_Led
                0x08006538       0x28 Src/led.o
                0x08006538                Right_Blue_Led
 .text.Table_Led
                0x08006560       0x24 Src/led.o
                0x08006560                Table_Led
 .text.led_color_cntrl
                0x08006584       0xaa Src/led.o
                0x08006584                led_color_cntrl
 .text.led_brink_cntrl
                0x0800662e       0x30 Src/led.o
                0x0800662e                led_brink_cntrl
 .text.brake_release_led
                0x0800665e       0x6a Src/led.o
                0x0800665e                brake_release_led
 .text.chk_led  0x080066c8       0x66 Src/led.o
                0x080066c8                chk_led
 .text.update_period
                0x0800672e       0x1e Src/led.o
                0x0800672e                update_period
 .text.led_cntrol
                0x0800674c      0x108 Src/led.o
                0x0800674c                led_cntrol
 .text.led_proc
                0x08006854       0x7a Src/led.o
                0x08006854                led_proc
 *fill*         0x080068ce        0x2 
 .text.init_lidar_wait_time
                0x080068d0       0x18 Src/lidar.o
                0x080068d0                init_lidar_wait_time
 .text.change_lidar_area
                0x080068e8       0x9c Src/lidar.o
                0x080068e8                change_lidar_area
 .text.set_lidar_area
                0x08006984       0x4c Src/lidar.o
                0x08006984                set_lidar_area
 .text.add_lidar_wait_time
                0x080069d0       0x1c Src/lidar.o
                0x080069d0                add_lidar_wait_time
 .text.clr_lidar_wait_time
                0x080069ec        0xc Src/lidar.o
                0x080069ec                clr_lidar_wait_time
 .text.judge_lidar_sensor
                0x080069f8       0x24 Src/lidar.o
                0x080069f8                judge_lidar_sensor
 .text.set_lidar1_fail_flag
                0x08006a1c        0xc Src/lidar.o
                0x08006a1c                set_lidar1_fail_flag
 .text.reset_lidar1_fail_flag
                0x08006a28        0xc Src/lidar.o
                0x08006a28                reset_lidar1_fail_flag
 .text.get_lidar1_fail_flag
                0x08006a34        0xc Src/lidar.o
                0x08006a34                get_lidar1_fail_flag
 .text.set_lidar2_fail_flag
                0x08006a40        0xc Src/lidar.o
                0x08006a40                set_lidar2_fail_flag
 .text.scan_lidar_failure
                0x08006a4c       0x7c Src/lidar.o
                0x08006a4c                scan_lidar_failure
 .text.reset_lidar2_fail_flag
                0x08006ac8        0xc Src/lidar.o
                0x08006ac8                reset_lidar2_fail_flag
 .text.get_lidar2_fail_flag
                0x08006ad4        0xc Src/lidar.o
                0x08006ad4                get_lidar2_fail_flag
 .text.scan_lidar
                0x08006ae0       0x88 Src/lidar.o
                0x08006ae0                scan_lidar
 .text.get_sensor3_state
                0x08006b68        0xc Src/lidar.o
                0x08006b68                get_sensor3_state
 .text.ck_lidar_failure
                0x08006b74       0x10 Src/lidar.o
                0x08006b74                ck_lidar_failure
 .text.ck_lidar_failsens
                0x08006b84        0xc Src/lidar.o
                0x08006b84                ck_lidar_failsens
 .text.lift1_direction_cw
                0x08006b90       0x20 Src/lift.o
                0x08006b90                lift1_direction_cw
 .text.lift1_direction_ccw
                0x08006bb0       0x20 Src/lift.o
                0x08006bb0                lift1_direction_ccw
 .text.lift2_direction_cw
                0x08006bd0       0x24 Src/lift.o
                0x08006bd0                lift2_direction_cw
 .text.lift2_direction_ccw
                0x08006bf4       0x24 Src/lift.o
                0x08006bf4                lift2_direction_ccw
 .text.lift_relay_on
                0x08006c18       0x14 Src/lift.o
                0x08006c18                lift_relay_on
 .text.lift_relay_off
                0x08006c2c       0x14 Src/lift.o
                0x08006c2c                lift_relay_off
 .text.lift1_motor_stop
                0x08006c40       0x20 Src/lift.o
                0x08006c40                lift1_motor_stop
 .text.lift2_motor_stop
                0x08006c60       0x24 Src/lift.o
                0x08006c60                lift2_motor_stop
 .text.lift_uart_trans
                0x08006c84       0x14 Src/lift.o
                0x08006c84                lift_uart_trans
 .text.lift_uart_reveive
                0x08006c98       0x14 Src/lift.o
                0x08006c98                lift_uart_reveive
 .text.set_lift_sens
                0x08006cac      0x2c0 Src/lift.o
                0x08006cac                set_lift_sens
 .text.get_lift1_up_sensor
                0x08006f6c       0x10 Src/lift.o
                0x08006f6c                get_lift1_up_sensor
 .text.get_lift1_down_sensor
                0x08006f7c       0x10 Src/lift.o
                0x08006f7c                get_lift1_down_sensor
 .text.get_lift2_up_sensor
                0x08006f8c       0x10 Src/lift.o
                0x08006f8c                get_lift2_up_sensor
 .text.get_lift2_down_sensor
                0x08006f9c       0x10 Src/lift.o
                0x08006f9c                get_lift2_down_sensor
 .text.get_lift1_limit_sensor
                0x08006fac       0x10 Src/lift.o
                0x08006fac                get_lift1_limit_sensor
 .text.get_lift1_up_limit_sensor
                0x08006fbc       0x10 Src/lift.o
                0x08006fbc                get_lift1_up_limit_sensor
 .text.get_lift1_down_limit_sensor
                0x08006fcc       0x10 Src/lift.o
                0x08006fcc                get_lift1_down_limit_sensor
 .text.get_lift2_limit_sensor
                0x08006fdc       0x10 Src/lift.o
                0x08006fdc                get_lift2_limit_sensor
 .text.get_lift2_up_limit_sensor
                0x08006fec       0x10 Src/lift.o
                0x08006fec                get_lift2_up_limit_sensor
 .text.get_lift2_down_limit_sensor
                0x08006ffc       0x10 Src/lift.o
                0x08006ffc                get_lift2_down_limit_sensor
 .text.set_lift_upper_limit
                0x0800700c       0x10 Src/lift.o
                0x0800700c                set_lift_upper_limit
 .text.reset_lift_upper_limit
                0x0800701c       0x10 Src/lift.o
                0x0800701c                reset_lift_upper_limit
 .text.set_lift_lower_limit
                0x0800702c       0x10 Src/lift.o
                0x0800702c                set_lift_lower_limit
 .text.reset_lift_lower_limit
                0x0800703c       0x10 Src/lift.o
                0x0800703c                reset_lift_lower_limit
 .text.ck_lift_limit
                0x0800704c        0xc Src/lift.o
                0x0800704c                ck_lift_limit
 .text.ck_sensor_fail
                0x08007058       0x7e Src/lift.o
                0x08007058                ck_sensor_fail
 .text.judge_lift_limit
                0x080070d6       0x2e Src/lift.o
                0x080070d6                judge_lift_limit
 .text.scan_liftmotor_alarm
                0x08007104       0x6c Src/lift.o
                0x08007104                scan_liftmotor_alarm
 .text.ck_lift_motor1_alarm
                0x08007170       0x10 Src/lift.o
                0x08007170                ck_lift_motor1_alarm
 .text.ck_lift_motor2_alarm
                0x08007180       0x10 Src/lift.o
                0x08007180                ck_lift_motor2_alarm
 .text.add_lift1_enc
                0x08007190       0x10 Src/lift.o
                0x08007190                add_lift1_enc
 .text.add_lift2_enc
                0x080071a0       0x10 Src/lift.o
                0x080071a0                add_lift2_enc
 .text.clr_lift_enc
                0x080071b0       0x10 Src/lift.o
                0x080071b0                clr_lift_enc
 .text.get_lift1_enc
                0x080071c0        0xc Src/lift.o
                0x080071c0                get_lift1_enc
 .text.get_lift2_enc
                0x080071cc        0xc Src/lift.o
                0x080071cc                get_lift2_enc
 .text.ck_lift_position_diff
                0x080071d8       0x2c Src/lift.o
                0x080071d8                ck_lift_position_diff
 .text.set_lift_state
                0x08007204        0xc Src/lift.o
                0x08007204                set_lift_state
 .text.set_lift_stat
                0x08007210       0x18 Src/lift.o
                0x08007210                set_lift_stat
 .text.set_lift_stat_button
                0x08007228       0x46 Src/lift.o
                0x08007228                set_lift_stat_button
 *fill*         0x0800726e        0x2 
 .text.ck_up_state
                0x08007270        0xc Src/lift.o
                0x08007270                ck_up_state
 .text.ck_lift1_sensor
                0x0800727c       0x40 Src/lift.o
                0x0800727c                ck_lift1_sensor
 .text.ck_lift2_sensor
                0x080072bc       0x40 Src/lift.o
                0x080072bc                ck_lift2_sensor
 .text.ck_lift_sensor
                0x080072fc       0x32 Src/lift.o
                0x080072fc                ck_lift_sensor
 .text.set_motor_direction
                0x0800732e       0x1c Src/lift.o
                0x0800732e                set_motor_direction
 *fill*         0x0800734a        0x2 
 .text.set_wait_brakelease_time
                0x0800734c        0xc Src/lift.o
                0x0800734c                set_wait_brakelease_time
 .text.wait_brake_release
                0x08007358       0x18 Src/lift.o
                0x08007358                wait_brake_release
 .text.set_button_state
                0x08007370       0x38 Src/lift.o
                0x08007370                set_button_state
 .text.ck_lift_button_push
                0x080073a8       0x3c Src/lift.o
                0x080073a8                ck_lift_button_push
 .text.ck_lift_button_release
                0x080073e4       0x34 Src/lift.o
                0x080073e4                ck_lift_button_release
 .text.write_mtrdriver_data
                0x08007418       0x68 Src/lift.o
                0x08007418                write_mtrdriver_data
 .text.select_lift_stop_mode
                0x08007480       0x20 Src/lift.o
                0x08007480                select_lift_stop_mode
 .text.select_lift_brake_mode
                0x080074a0       0x20 Src/lift.o
                0x080074a0                select_lift_brake_mode
 .text.set_control_no
                0x080074c0       0x14 Src/lift.o
                0x080074c0                set_control_no
 .text.lift_alarm_reset
                0x080074d4       0x18 Src/lift.o
                0x080074d4                lift_alarm_reset
 .text.lift_alarm_recover
                0x080074ec       0x10 Src/lift.o
                0x080074ec                lift_alarm_recover
 .text.lift_init
                0x080074fc       0x20 Src/lift.o
                0x080074fc                lift_init
 .text.lift_parameter_set
                0x0800751c      0x328 Src/lift.o
                0x0800751c                lift_parameter_set
 .text.lift_cntrl
                0x08007844      0x318 Src/lift.o
                0x08007844                lift_cntrl
 .text.set_lift_load_log_flag
                0x08007b5c        0xc Src/load.o
                0x08007b5c                set_lift_load_log_flag
 .text.reset_lift_load_log_flag
                0x08007b68        0xc Src/load.o
                0x08007b68                reset_lift_load_log_flag
 .text.get_lift_load_log_flag
                0x08007b74        0xc Src/load.o
                0x08007b74                get_lift_load_log_flag
 .text.set_turn_load_log_flag
                0x08007b80        0xc Src/load.o
                0x08007b80                set_turn_load_log_flag
 .text.reset_turn_load_log_flag
                0x08007b8c        0xc Src/load.o
                0x08007b8c                reset_turn_load_log_flag
 .text.get_turn_load_log_flag
                0x08007b98        0xc Src/load.o
                0x08007b98                get_turn_load_log_flag
 .text.monitor_driver_dma_error
                0x08007ba4        0x2 Src/load.o
                0x08007ba4                monitor_driver_dma_error
 *fill*         0x08007ba6        0x2 
 .text.load_log_init
                0x08007ba8       0x34 Src/load.o
                0x08007ba8                load_log_init
 .text.load_init
                0x08007bdc        0x8 Src/load.o
                0x08007bdc                load_init
 .text.ck_load_log_data
                0x08007be4       0x40 Src/load.o
                0x08007be4                ck_load_log_data
 .text.load_measure
                0x08007c24       0x48 Src/load.o
                0x08007c24                load_measure
 .text.MX_GPIO_Init
                0x08007c6c      0x3c8 Src/main.o
 .text.MX_DMA_Init
                0x08008034       0x88 Src/main.o
 .text.MX_DAC_Init
                0x080080bc       0x30 Src/main.o
 .text.MX_TIM1_Init
                0x080080ec       0x54 Src/main.o
 .text.MX_TIM4_Init
                0x08008140       0x54 Src/main.o
 .text.MX_TIM5_Init
                0x08008194       0x54 Src/main.o
 .text.MX_TIM6_Init
                0x080081e8       0x40 Src/main.o
 .text.MX_TIM7_Init
                0x08008228       0x40 Src/main.o
 .text.MX_TIM2_Init
                0x08008268       0x80 Src/main.o
 .text.MX_TIM9_Init
                0x080082e8       0x74 Src/main.o
 .text.MX_USART2_IRDA_Init
                0x0800835c       0x2c Src/main.o
 .text.MX_CAN1_Init
                0x08008388       0x38 Src/main.o
 .text.MX_USART3_UART_Init
                0x080083c0       0x2c Src/main.o
 .text.MX_USART6_UART_Init
                0x080083ec       0x34 Src/main.o
 .text.MX_I2C2_Init
                0x08008420       0x34 Src/main.o
 .text.get_fw_version
                0x08008454       0x14 Src/main.o
                0x08008454                get_fw_version
 .text.SystemClock_Config
                0x08008468       0x94 Src/main.o
                0x08008468                SystemClock_Config
 .text.enc_pulse_tim_start
                0x080084fc       0x70 Src/main.o
                0x080084fc                enc_pulse_tim_start
 .text.main     0x0800856c      0x214 Src/main.o
                0x0800856c                main
 .text.enc_pulse_tim_cnt_reset
                0x08008780       0x48 Src/main.o
                0x08008780                enc_pulse_tim_cnt_reset
 .text.HAL_GPIO_EXTI_Callback
                0x080087c8       0xe4 Src/main.o
                0x080087c8                HAL_GPIO_EXTI_Callback
 .text.get_l_wheel_enc_cnt
                0x080088ac        0xc Src/main.o
                0x080088ac                get_l_wheel_enc_cnt
 .text.get_r_wheel_enc_cnt
                0x080088b8        0xc Src/main.o
                0x080088b8                get_r_wheel_enc_cnt
 .text.get_turn_encoder
                0x080088c4        0xc Src/main.o
                0x080088c4                get_turn_encoder
 .text.get_turn_enc_cnt
                0x080088d0        0xc Src/main.o
                0x080088d0                get_turn_enc_cnt
 .text.int_1msCallback
                0x080088dc        0xc Src/main.o
                0x080088dc                int_1msCallback
 .text.Error_Handler
                0x080088e8        0x2 Src/main.o
                0x080088e8                Error_Handler
 *fill*         0x080088ea        0x2 
 .text.init_RXBuffer
                0x080088ec       0x18 Src/nuc.o
                0x080088ec                init_RXBuffer
 .text.get_Lidar_Area
                0x08008904        0xc Src/nuc.o
                0x08008904                get_Lidar_Area
 .text.get_RxCntout4
                0x08008910        0xc Src/nuc.o
                0x08008910                get_RxCntout4
 .text.get_RxCommand
                0x0800891c        0xc Src/nuc.o
                0x0800891c                get_RxCommand
 .text.get_LeftWheel_Speed
                0x08008928        0xc Src/nuc.o
                0x08008928                get_LeftWheel_Speed
 .text.get_RightWheel_Speed
                0x08008934        0xc Src/nuc.o
                0x08008934                get_RightWheel_Speed
 .text.get_TurnTable_Speed
                0x08008940        0xc Src/nuc.o
                0x08008940                get_TurnTable_Speed
 .text.get_sound_order
                0x0800894c       0x10 Src/nuc.o
                0x0800894c                get_sound_order
 .text.ck_RxDrvSpeed
                0x0800895c       0x10 Src/nuc.o
                0x0800895c                ck_RxDrvSpeed
 .text.ck_charge_req
                0x0800896c       0x10 Src/nuc.o
                0x0800896c                ck_charge_req
 .text.ck_power_relay_req
                0x0800897c       0x10 Src/nuc.o
                0x0800897c                ck_power_relay_req
 .text.check_lift_order
                0x0800898c       0x10 Src/nuc.o
                0x0800898c                check_lift_order
 .text.led_get_indication
                0x0800899c        0xc Src/nuc.o
                0x0800899c                led_get_indication
 .text.set_com_error_flag
                0x080089a8       0x10 Src/nuc.o
                0x080089a8                set_com_error_flag
 .text.reset_com_error_flag
                0x080089b8       0x10 Src/nuc.o
                0x080089b8                reset_com_error_flag
 .text.get_com_error_flag
                0x080089c8        0xc Src/nuc.o
                0x080089c8                get_com_error_flag
 .text.set_com_start_flag
                0x080089d4        0xc Src/nuc.o
                0x080089d4                set_com_start_flag
 .text.get_com_start_flag
                0x080089e0        0xc Src/nuc.o
                0x080089e0                get_com_start_flag
 .text.ck_com_error
                0x080089ec       0x1a Src/nuc.o
                0x080089ec                ck_com_error
 *fill*         0x08008a06        0x2 
 .text.uart2_transmitte
                0x08008a08       0x28 Src/nuc.o
                0x08008a08                uart2_transmitte
 .text.send_firmware_version
                0x08008a30       0x50 Src/nuc.o
                0x08008a30                send_firmware_version
 .text.HAL_UART_MakeTxData
                0x08008a80      0x128 Src/nuc.o
                0x08008a80                HAL_UART_MakeTxData
 .text.set_nuc_receive_flag
                0x08008ba8       0x10 Src/nuc.o
                0x08008ba8                set_nuc_receive_flag
 .text.reset_nuc_receive_flag
                0x08008bb8       0x10 Src/nuc.o
                0x08008bb8                reset_nuc_receive_flag
 .text.get_nuc_receive_flag
                0x08008bc8        0xc Src/nuc.o
                0x08008bc8                get_nuc_receive_flag
 .text.nuc_init
                0x08008bd4       0x34 Src/nuc.o
                0x08008bd4                nuc_init
 .text.monitor_uart_dma_error
                0x08008c08       0x48 Src/nuc.o
                0x08008c08                monitor_uart_dma_error
 .text.check_nuc_receive_data
                0x08008c50      0x114 Src/nuc.o
                0x08008c50                check_nuc_receive_data
 .text.HAL_UART_RxCpltCallback
                0x08008d64       0x18 Src/nuc.o
                0x08008d64                HAL_UART_RxCpltCallback
 .text.HAL_UART_TxCpltCallback
                0x08008d7c       0x18 Src/nuc.o
                0x08008d7c                HAL_UART_TxCpltCallback
 .text.scan_optdata
                0x08008d94       0x10 Src/optcom.o
                0x08008d94                scan_optdata
 .text.output_optdata
                0x08008da4        0x2 Src/optcom.o
                0x08008da4                output_optdata
 *fill*         0x08008da6        0x2 
 .text.channel_select
                0x08008da8       0x60 Src/sound.o
                0x08008da8                channel_select
 .text.sound_cntrol
                0x08008e08       0x28 Src/sound.o
                0x08008e08                sound_cntrol
 .text.HAL_MspInit
                0x08008e30       0x38 Src/stm32f4xx_hal_msp.o
                0x08008e30                HAL_MspInit
 .text.HAL_CAN_MspInit
                0x08008e68       0x7c Src/stm32f4xx_hal_msp.o
                0x08008e68                HAL_CAN_MspInit
 .text.HAL_DAC_MspInit
                0x08008ee4       0x68 Src/stm32f4xx_hal_msp.o
                0x08008ee4                HAL_DAC_MspInit
 .text.HAL_I2C_MspInit
                0x08008f4c       0x74 Src/stm32f4xx_hal_msp.o
                0x08008f4c                HAL_I2C_MspInit
 .text.HAL_TIM_Base_MspInit
                0x08008fc0      0x114 Src/stm32f4xx_hal_msp.o
                0x08008fc0                HAL_TIM_Base_MspInit
 .text.HAL_TIM_MspPostInit
                0x080090d4       0x90 Src/stm32f4xx_hal_msp.o
                0x080090d4                HAL_TIM_MspPostInit
 .text.HAL_IRDA_MspInit
                0x08009164      0x104 Src/stm32f4xx_hal_msp.o
                0x08009164                HAL_IRDA_MspInit
 .text.HAL_UART_MspInit
                0x08009268      0x1b0 Src/stm32f4xx_hal_msp.o
                0x08009268                HAL_UART_MspInit
 .text.NMI_Handler
                0x08009418        0x2 Src/stm32f4xx_it.o
                0x08009418                NMI_Handler
 .text.HardFault_Handler
                0x0800941a        0x2 Src/stm32f4xx_it.o
                0x0800941a                HardFault_Handler
 .text.MemManage_Handler
                0x0800941c        0x2 Src/stm32f4xx_it.o
                0x0800941c                MemManage_Handler
 .text.BusFault_Handler
                0x0800941e        0x2 Src/stm32f4xx_it.o
                0x0800941e                BusFault_Handler
 .text.UsageFault_Handler
                0x08009420        0x2 Src/stm32f4xx_it.o
                0x08009420                UsageFault_Handler
 .text.SVC_Handler
                0x08009422        0x2 Src/stm32f4xx_it.o
                0x08009422                SVC_Handler
 .text.DebugMon_Handler
                0x08009424        0x2 Src/stm32f4xx_it.o
                0x08009424                DebugMon_Handler
 .text.PendSV_Handler
                0x08009426        0x2 Src/stm32f4xx_it.o
                0x08009426                PendSV_Handler
 .text.SysTick_Handler
                0x08009428        0xc Src/stm32f4xx_it.o
                0x08009428                SysTick_Handler
 .text.DMA1_Stream1_IRQHandler
                0x08009434       0x10 Src/stm32f4xx_it.o
                0x08009434                DMA1_Stream1_IRQHandler
 .text.DMA1_Stream3_IRQHandler
                0x08009444       0x10 Src/stm32f4xx_it.o
                0x08009444                DMA1_Stream3_IRQHandler
 .text.DMA1_Stream5_IRQHandler
                0x08009454       0x10 Src/stm32f4xx_it.o
                0x08009454                DMA1_Stream5_IRQHandler
 .text.DMA1_Stream6_IRQHandler
                0x08009464       0x10 Src/stm32f4xx_it.o
                0x08009464                DMA1_Stream6_IRQHandler
 .text.CAN1_RX0_IRQHandler
                0x08009474       0x10 Src/stm32f4xx_it.o
                0x08009474                CAN1_RX0_IRQHandler
 .text.EXTI9_5_IRQHandler
                0x08009484       0x1a Src/stm32f4xx_it.o
                0x08009484                EXTI9_5_IRQHandler
 *fill*         0x0800949e        0x2 
 .text.TIM4_IRQHandler
                0x080094a0       0x10 Src/stm32f4xx_it.o
                0x080094a0                TIM4_IRQHandler
 .text.USART2_IRQHandler
                0x080094b0       0x10 Src/stm32f4xx_it.o
                0x080094b0                USART2_IRQHandler
 .text.USART3_IRQHandler
                0x080094c0       0x10 Src/stm32f4xx_it.o
                0x080094c0                USART3_IRQHandler
 .text.EXTI15_10_IRQHandler
                0x080094d0       0x14 Src/stm32f4xx_it.o
                0x080094d0                EXTI15_10_IRQHandler
 .text.DMA2_Stream6_IRQHandler
                0x080094e4       0x10 Src/stm32f4xx_it.o
                0x080094e4                DMA2_Stream6_IRQHandler
 .text.USART6_IRQHandler
                0x080094f4       0x10 Src/stm32f4xx_it.o
                0x080094f4                USART6_IRQHandler
 *fill*         0x08009504        0x4 
 .text.conv_motervolt2dac
                0x08009508       0x28 Src/syncturn.o
 .text.calc_d_term
                0x08009530       0xa8 Src/syncturn.o
 .text.calc_FF_body
                0x080095d8       0xd8 Src/syncturn.o
 .text.calc_FF_ttbl
                0x080096b0       0xd8 Src/syncturn.o
 .text.calc_angle
                0x08009788       0x8c Src/syncturn.o
 *fill*         0x08009814        0x4 
 .text.calc_pf_liner
                0x08009818       0x98 Src/syncturn.o
 .text.calc_body_angle_kalman
                0x080098b0       0xd8 Src/syncturn.o
 .text.judge_ttbl_finish
                0x08009988       0x6c Src/syncturn.o
 *fill*         0x080099f4        0x4 
 .text.judge_body_finish
                0x080099f8       0xd8 Src/syncturn.o
 .text.brake_timer
                0x08009ad0       0x3c Src/syncturn.o
 *fill*         0x08009b0c        0x4 
 .text.log_update
                0x08009b10       0x54 Src/syncturn.o
 .text.log_reset
                0x08009b64       0x10 Src/syncturn.o
 *fill*         0x08009b74        0x4 
 .text.get_diff_from_stdangele
                0x08009b78      0x12c Src/syncturn.o
 .text.syncturn_pram_set
                0x08009ca4       0xa4 Src/syncturn.o
 .text.sycturn_direction
                0x08009d48       0x70 Src/syncturn.o
 .text.syncturn_result
                0x08009db8       0xb4 Src/syncturn.o
 .text.calc_wheel_encoder
                0x08009e6c       0x74 Src/syncturn.o
 .text.ck_wheel_moving
                0x08009ee0       0x7c Src/syncturn.o
 .text.calc_turn_encoder
                0x08009f5c       0x5c Src/syncturn.o
 .text.calc_wheel_enc_spd
                0x08009fb8       0xc8 Src/syncturn.o
 .text.calc_err_angle
                0x0800a080      0x124 Src/syncturn.o
 *fill*         0x0800a1a4        0x4 
 .text.calc_ttbl_enc_spd
                0x0800a1a8       0xa4 Src/syncturn.o
 *fill*         0x0800a24c        0x4 
 .text.calc_turn_locus
                0x0800a250      0x434 Src/syncturn.o
 .text.turntbl_motor_ctrl
                0x0800a684        0xa Src/syncturn.o
 *fill*         0x0800a68e        0x2 
 .text.sync_motor_ctrl
                0x0800a690      0x14c Src/syncturn.o
 .text.set_ttbl_target_pos
                0x0800a7dc       0x78 Src/syncturn.o
                0x0800a7dc                set_ttbl_target_pos
 .text.Is_SyncTurnning
                0x0800a854       0x14 Src/syncturn.o
                0x0800a854                Is_SyncTurnning
 .text.get_syncturn_status
                0x0800a868        0xc Src/syncturn.o
                0x0800a868                get_syncturn_status
 .text.syncturn_stop
                0x0800a874       0x14 Src/syncturn.o
                0x0800a874                syncturn_stop
 .text.set_sync_flg_send_comp
                0x0800a888       0x10 Src/syncturn.o
                0x0800a888                set_sync_flg_send_comp
 .text.reset_sync_flg_send_comp
                0x0800a898       0x10 Src/syncturn.o
                0x0800a898                reset_sync_flg_send_comp
 .text.syncturn_init
                0x0800a8a8       0xd0 Src/syncturn.o
 .text.get_sync_flg_send_comp
                0x0800a978        0xc Src/syncturn.o
                0x0800a978                get_sync_flg_send_comp
 .text.set_sync_start_flg
                0x0800a984       0x10 Src/syncturn.o
                0x0800a984                set_sync_start_flg
 .text.reset_sync_start_flg
                0x0800a994       0x10 Src/syncturn.o
                0x0800a994                reset_sync_start_flg
 .text.get_sync_start_flg
                0x0800a9a4        0xc Src/syncturn.o
                0x0800a9a4                get_sync_start_flg
 .text.calc_pf_dist
                0x0800a9b0       0xcc Src/syncturn.o
 .text.set_illg_command_flg
                0x0800aa7c       0x10 Src/syncturn.o
                0x0800aa7c                set_illg_command_flg
 .text.reset_illg_command_flg
                0x0800aa8c       0x10 Src/syncturn.o
                0x0800aa8c                reset_illg_command_flg
 .text.set_sync_nuc_command
                0x0800aa9c       0x64 Src/syncturn.o
                0x0800aa9c                set_sync_nuc_command
 .text.get_illg_command_flg
                0x0800ab00        0xc Src/syncturn.o
                0x0800ab00                get_illg_command_flg
 .text.sync_status_ctrl
                0x0800ab0c       0xf0 Src/syncturn.o
 .text.set_sync_dump_req
                0x0800abfc       0x10 Src/syncturn.o
                0x0800abfc                set_sync_dump_req
 .text.get_sync_dump_req
                0x0800ac0c        0xc Src/syncturn.o
                0x0800ac0c                get_sync_dump_req
 .text.set_sync_dump_comp
                0x0800ac18       0x10 Src/syncturn.o
                0x0800ac18                set_sync_dump_comp
 .text.get_sync_dump_comp
                0x0800ac28        0xc Src/syncturn.o
                0x0800ac28                get_sync_dump_comp
 .text.syncturn_log_dump
                0x0800ac34       0x54 Src/syncturn.o
                0x0800ac34                syncturn_log_dump
 .text.syncturn_ctrl
                0x0800ac88       0xe4 Src/syncturn.o
                0x0800ac88                syncturn_ctrl
 .text._sbrk    0x0800ad6c       0x3c Src/syscalls.o
                0x0800ad6c                _sbrk
 .text.SystemInit
                0x0800ada8       0x1c Src/system_stm32f4xx.o
                0x0800ada8                SystemInit
 .text.clr_irda_comdata
                0x0800adc4       0x10 Src/task_charger_link.o
                0x0800adc4                clr_irda_comdata
 .text.ck_irda_comm
                0x0800add4       0x10 Src/task_charger_link.o
                0x0800add4                ck_irda_comm
 .text.ck_irda_charging
                0x0800ade4       0x10 Src/task_charger_link.o
                0x0800ade4                ck_irda_charging
 .text.ck_irda_error
                0x0800adf4       0x10 Src/task_charger_link.o
                0x0800adf4                ck_irda_error
 .text.set_irda_comm_req
                0x0800ae04       0x10 Src/task_charger_link.o
                0x0800ae04                set_irda_comm_req
 .text.reset_irda_comm_req
                0x0800ae14       0x10 Src/task_charger_link.o
                0x0800ae14                reset_irda_comm_req
 .text.set_irda_charge_req
                0x0800ae24       0x10 Src/task_charger_link.o
                0x0800ae24                set_irda_charge_req
 .text.reset_irda_charge_req
                0x0800ae34       0x10 Src/task_charger_link.o
                0x0800ae34                reset_irda_charge_req
 .text.set_irda_error_req
                0x0800ae44       0x10 Src/task_charger_link.o
                0x0800ae44                set_irda_error_req
 .text.reset_irda_error_req
                0x0800ae54       0x10 Src/task_charger_link.o
                0x0800ae54                reset_irda_error_req
 .text.chagerlink_init
                0x0800ae64       0x18 Src/task_charger_link.o
                0x0800ae64                chagerlink_init
 .text.set_irda_receive_flag
                0x0800ae7c        0xc Src/task_charger_link.o
                0x0800ae7c                set_irda_receive_flag
 .text.reset_irda_receive_flag
                0x0800ae88        0xc Src/task_charger_link.o
                0x0800ae88                reset_irda_receive_flag
 .text.get_irda_receive_flag
                0x0800ae94        0xc Src/task_charger_link.o
                0x0800ae94                get_irda_receive_flag
 .text.reset_irda_process
                0x0800aea0       0x20 Src/task_charger_link.o
                0x0800aea0                reset_irda_process
 .text.charger_data_receive
                0x0800aec0       0x74 Src/task_charger_link.o
                0x0800aec0                charger_data_receive
 .text.monitor_irda_dma_error
                0x0800af34       0x34 Src/task_charger_link.o
                0x0800af34                monitor_irda_dma_error
 .text.HAL_IRDA_RxCpltCallback
                0x0800af68       0x18 Src/task_charger_link.o
                0x0800af68                HAL_IRDA_RxCpltCallback
 .text.transmit_charge_cmd
                0x0800af80       0x3c Src/task_charger_link.o
                0x0800af80                transmit_charge_cmd
 .text.tbt      0x0800afbc        0xc Src/tbt.o
                0x0800afbc                tbt
 .text.ck_illg_turn_com
                0x0800afc8       0x20 Src/turn.o
 .text.ck_time_out
                0x0800afe8       0x2c Src/turn.o
 .text.variable_init
                0x0800b014       0x64 Src/turn.o
 .text.set_dir  0x0800b078       0x1a Src/turn.o
 *fill*         0x0800b092        0x2 
 .text.set_calib
                0x0800b094       0xb0 Src/turn.o
 .text.ck_turn_err_angle
                0x0800b144       0x48 Src/turn.o
 .text.ck_turn_arrive
                0x0800b18c        0xc Src/turn.o
 .text.ck_turn_brk
                0x0800b198       0xa4 Src/turn.o
 *fill*         0x0800b23c        0x4 
 .text.ck_init_diff
                0x0800b240       0x40 Src/turn.o
 .text.ck_turn_stop_time
                0x0800b280       0x2c Src/turn.o
 *fill*         0x0800b2ac        0x4 
 .text.calc_FF  0x0800b2b0       0x50 Src/turn.o
 .text.calc_d_term
                0x0800b300       0xa8 Src/turn.o
 .text.get_TurnTableTrgt
                0x0800b3a8        0xc Src/turn.o
 .text.get_TurnTableSpdKind
                0x0800b3b4        0xa Src/turn.o
 .text.get_turn_sensor_pos_ANG
                0x0800b3be       0x2a Src/turn.o
 .text.get_TurnTable_Mode
                0x0800b3e8        0xe Src/turn.o
 *fill*         0x0800b3f6        0x2 
 .text.calc_turn_table_locus
                0x0800b3f8      0x364 Src/turn.o
 *fill*         0x0800b75c        0x4 
 .text.ck_turn_angle
                0x0800b760      0x16c Src/turn.o
 .text.t_set_brake
                0x0800b8cc       0x14 Src/turn.o
                0x0800b8cc                t_set_brake
 .text.t_release_brake
                0x0800b8e0       0x14 Src/turn.o
                0x0800b8e0                t_release_brake
 .text.set_rotation_cw
                0x0800b8f4       0x24 Src/turn.o
                0x0800b8f4                set_rotation_cw
 .text.set_rotation_ccw
                0x0800b918       0x24 Src/turn.o
                0x0800b918                set_rotation_ccw
 .text.turn_relay_on
                0x0800b93c       0x14 Src/turn.o
                0x0800b93c                turn_relay_on
 .text.turn_relay_off
                0x0800b950       0x14 Src/turn.o
                0x0800b950                turn_relay_off
 .text.turn_alarm_reset
                0x0800b964       0x30 Src/turn.o
                0x0800b964                turn_alarm_reset
 .text.turn_alarm_recover
                0x0800b994       0x14 Src/turn.o
                0x0800b994                turn_alarm_recover
 .text.select_turn_stop_mode
                0x0800b9a8       0x28 Src/turn.o
                0x0800b9a8                select_turn_stop_mode
 .text.turn_motor_stop
                0x0800b9d0       0x24 Src/turn.o
                0x0800b9d0                turn_motor_stop
 .text.turn_sensor_check
                0x0800b9f4      0x14c Src/turn.o
                0x0800b9f4                turn_sensor_check
 .text.scan_turnmotor_alarm
                0x0800bb40       0x48 Src/turn.o
                0x0800bb40                scan_turnmotor_alarm
 .text.ck_turn_motor_alarm
                0x0800bb88       0x10 Src/turn.o
                0x0800bb88                ck_turn_motor_alarm
 .text.clr_fb_parameter
                0x0800bb98       0x3c Src/turn.o
                0x0800bb98                clr_fb_parameter
 .text.turn_init
                0x0800bbd4       0x16 Src/turn.o
                0x0800bbd4                turn_init
 *fill*         0x0800bbea        0x6 
 .text.get_speed
                0x0800bbf0       0x48 Src/turn.o
                0x0800bbf0                get_speed
 .text.turn_set_speed
                0x0800bc38       0x14 Src/turn.o
                0x0800bc38                turn_set_speed
 *fill*         0x0800bc4c        0x4 
 .text.turn_cntrl_angle
                0x0800bc50      0x104 Src/turn.o
 *fill*         0x0800bd54        0x4 
 .text.turn_cntrl_slow
                0x0800bd58       0x50 Src/turn.o
 .text.turn_cntrl_recover
                0x0800bda8       0x70 Src/turn.o
 .text.tmtr_set
                0x0800be18       0x46 Src/turn.o
                0x0800be18                tmtr_set
 *fill*         0x0800be5e        0x2 
 .text.turn_cntrl_vel
                0x0800be60       0x40 Src/turn.o
                0x0800be60                turn_cntrl_vel
 .text.set_turn_flg_send_comp
                0x0800bea0       0x10 Src/turn.o
                0x0800bea0                set_turn_flg_send_comp
 .text.reset_turn_flg_send_comp
                0x0800beb0       0x10 Src/turn.o
                0x0800beb0                reset_turn_flg_send_comp
 .text.get_turn_flg_send_comp
                0x0800bec0        0xc Src/turn.o
                0x0800bec0                get_turn_flg_send_comp
 .text.get_turn_status
                0x0800becc       0x2c Src/turn.o
                0x0800becc                get_turn_status
 .text.set_turn_dump_req
                0x0800bef8       0x10 Src/turn.o
                0x0800bef8                set_turn_dump_req
 .text.get_turn_dump_req
                0x0800bf08        0xc Src/turn.o
                0x0800bf08                get_turn_dump_req
 .text.set_turn_dump_comp
                0x0800bf14       0x10 Src/turn.o
                0x0800bf14                set_turn_dump_comp
 *fill*         0x0800bf24        0x4 
 .text.turn_log_dump
                0x0800bf28       0xb4 Src/turn.o
                0x0800bf28                turn_log_dump
 .text.get_turn_dump_comp
                0x0800bfdc        0xc Src/turn.o
                0x0800bfdc                get_turn_dump_comp
 .text.turn_cntrl
                0x0800bfe8      0x424 Src/turn.o
                0x0800bfe8                turn_cntrl
 .text.wheel_relay_off
                0x0800c40c       0x14 Src/wheel.o
                0x0800c40c                wheel_relay_off
 .text.wheel_relay_on
                0x0800c420       0x14 Src/wheel.o
                0x0800c420                wheel_relay_on
 .text.add_relay_on
                0x0800c434       0x14 Src/wheel.o
                0x0800c434                add_relay_on
 .text.add_relay_off
                0x0800c448       0x14 Src/wheel.o
                0x0800c448                add_relay_off
 .text.ck_wheel1_motor_alarm
                0x0800c45c       0x10 Src/wheel.o
                0x0800c45c                ck_wheel1_motor_alarm
 .text.ck_wheel2_motor_alarm
                0x0800c46c       0x10 Src/wheel.o
                0x0800c46c                ck_wheel2_motor_alarm
 .text.reset_motor1_alarm
                0x0800c47c       0x14 Src/wheel.o
                0x0800c47c                reset_motor1_alarm
 .text.reset_motor2_alarm
                0x0800c490       0x14 Src/wheel.o
                0x0800c490                reset_motor2_alarm
 .text.reset_alarm
                0x0800c4a4        0xc Src/wheel.o
                0x0800c4a4                reset_alarm
 .text.recover_motor1_alarm
                0x0800c4b0       0x14 Src/wheel.o
                0x0800c4b0                recover_motor1_alarm
 .text.recover_motor2_alarm
                0x0800c4c4       0x14 Src/wheel.o
                0x0800c4c4                recover_motor2_alarm
 .text.recover_alarm
                0x0800c4d8        0xc Src/wheel.o
                0x0800c4d8                recover_alarm
 .text.reset_motor_alarm_auto
                0x0800c4e4        0x2 Src/wheel.o
                0x0800c4e4                reset_motor_alarm_auto
 .text.transmit_motor_control_data
                0x0800c4e6       0x42 Src/wheel.o
                0x0800c4e6                transmit_motor_control_data
 .text.receive_wheel_motor_data
                0x0800c528      0x144 Src/wheel.o
                0x0800c528                receive_wheel_motor_data
 .text.receive_wheel_motor_error_data
                0x0800c66c       0x24 Src/wheel.o
                0x0800c66c                receive_wheel_motor_error_data
 .text.get_l_wheel_status
                0x0800c690        0xc Src/wheel.o
                0x0800c690                get_l_wheel_status
 .text.get_r_wheel_status
                0x0800c69c        0xc Src/wheel.o
                0x0800c69c                get_r_wheel_status
 .text.ck_l_wheel_error
                0x0800c6a8        0xc Src/wheel.o
                0x0800c6a8                ck_l_wheel_error
 .text.ck_r_wheel_error
                0x0800c6b4        0xc Src/wheel.o
                0x0800c6b4                ck_r_wheel_error
 .text.scan_wheelmotor_alarm
                0x0800c6c0       0x40 Src/wheel.o
                0x0800c6c0                scan_wheelmotor_alarm
 .text.get_l_wheel_encoder
                0x0800c700        0xc Src/wheel.o
                0x0800c700                get_l_wheel_encoder
 .text.get_r_wheel_encoder
                0x0800c70c        0xc Src/wheel.o
                0x0800c70c                get_r_wheel_encoder
 .text.set_can_trans_start
                0x0800c718        0xc Src/wheel.o
                0x0800c718                set_can_trans_start
 .text.reset_can_trans_start
                0x0800c724        0xc Src/wheel.o
                0x0800c724                reset_can_trans_start
 .text.get_can_trans_start
                0x0800c730        0xc Src/wheel.o
                0x0800c730                get_can_trans_start
 .text.set_control_word
                0x0800c73c       0x3e Src/wheel.o
                0x0800c73c                set_control_word
 .text.read_status_word
                0x0800c77a       0x2e Src/wheel.o
                0x0800c77a                read_status_word
 .text.change_wheel_brake_mode
                0x0800c7a8       0x3e Src/wheel.o
                0x0800c7a8                change_wheel_brake_mode
 .text.wheel_set_brake
                0x0800c7e6       0x3e Src/wheel.o
                0x0800c7e6                wheel_set_brake
 *fill*         0x0800c824        0x4 
 .text.calc_wheel_speed
                0x0800c828       0x70 Src/wheel.o
                0x0800c828                calc_wheel_speed
 .text.wheel_log_update
                0x0800c898      0x190 Src/wheel.o
                0x0800c898                wheel_log_update
 .text.set_wheel_dump_req
                0x0800ca28       0x10 Src/wheel.o
                0x0800ca28                set_wheel_dump_req
 .text.get_wheel_dump_req
                0x0800ca38        0xc Src/wheel.o
                0x0800ca38                get_wheel_dump_req
 .text.set_wheel_dump_comp
                0x0800ca44       0x10 Src/wheel.o
                0x0800ca44                set_wheel_dump_comp
 .text.wheel_log_dump
                0x0800ca54       0xbc Src/wheel.o
                0x0800ca54                wheel_log_dump
 .text.get_wheel_dump_comp
                0x0800cb10        0xc Src/wheel.o
                0x0800cb10                get_wheel_dump_comp
 .text.wheel_cntrl
                0x0800cb1c      0x53c Src/wheel.o
                0x0800cb1c                wheel_cntrl
 .text.set_wheel_test_dump_req
                0x0800d058        0xc Src/wheel_test.o
                0x0800d058                set_wheel_test_dump_req
 .text.get_wheel_test_dump_req
                0x0800d064        0xc Src/wheel_test.o
                0x0800d064                get_wheel_test_dump_req
 .text.set_wheel_test_dump_comp
                0x0800d070        0xc Src/wheel_test.o
                0x0800d070                set_wheel_test_dump_comp
 .text.get_wheel_test_dump_comp
                0x0800d07c        0xc Src/wheel_test.o
                0x0800d07c                get_wheel_test_dump_comp
 .text.wheel_test_log_dump
                0x0800d088        0x8 Src/wheel_test.o
                0x0800d088                wheel_test_log_dump
 .text.Reset_Handler
                0x0800d090       0x50 startup/startup_stm32f407xx.o
                0x0800d090                Reset_Handler
 .text.Default_Handler
                0x0800d0e0        0x2 startup/startup_stm32f407xx.o
                0x0800d0e0                RTC_Alarm_IRQHandler
                0x0800d0e0                HASH_RNG_IRQHandler
                0x0800d0e0                EXTI2_IRQHandler
                0x0800d0e0                TIM8_CC_IRQHandler
                0x0800d0e0                TIM1_CC_IRQHandler
                0x0800d0e0                DMA2_Stream5_IRQHandler
                0x0800d0e0                PVD_IRQHandler