Archive member included to satisfy reference by file (symbol)

c:/ac6/systemworkbench/plugins/fr.ac6.mcu.externaltools.arm-none.win32_1.17.0.201812190825/tools/compiler/bin/../lib/gcc/arm-none-eabi/7.3.1/thumb/v7e-m/fpv4-sp/hard\libgcc.a(_arm_addsubdf3.o)
                              Src/turn.o (__aeabi_dsub)
c:/ac6/systemworkbench/plugins/fr.ac6.mcu.externaltools.arm-none.win32_1.17.0.201812190825/tools/compiler/bin/../lib/gcc/arm-none-eabi/7.3.1/thumb/v7e-m/fpv4-sp/hard\libgcc.a(_arm_muldivdf3.o)
                              Src/turn.o (__aeabi_dmul)
c:/ac6/systemworkbench/plugins/fr.ac6.mcu.externaltools.arm-none.win32_1.17.0.201812190825/tools/compiler/bin/../lib/gcc/arm-none-eabi/7.3.1/thumb/v7e-m/fpv4-sp/hard\libgcc.a(_arm_cmpdf2.o)
                              Src/wheel_test.o (__aeabi_dcmpeq)
c:/ac6/systemworkbench/plugins/fr.ac6.mcu.externaltools.arm-none.win32_1.17.0.201812190825/tools/compiler/bin/../lib/gcc/arm-none-eabi/7.3.1/thumb/v7e-m/fpv4-sp/hard\libgcc.a(_arm_fixdfsi.o)
                              Src/turn.o (__aeabi_d2iz)
c:/ac6/systemworkbench/plugins/fr.ac6.mcu.externaltools.arm-none.win32_1.17.0.201812190825/tools/compiler/bin/../lib/gcc/arm-none-eabi/7.3.1/thumb/v7e-m/fpv4-sp/hard\libgcc.a(_arm_fixunsdfsi.o)
                              Src/turn.o (__aeabi_d2uiz)
c:/ac6/systemworkbench/plugins/fr.ac6.mcu.externaltools.arm-none.win32_1.17.0.201812190825/tools/compiler/bin/../lib/gcc/arm-none-eabi/7.3.1/thumb/v7e-m/fpv4-sp/hard\libgcc.a(_aeabi_uldivmod.o)
                              Drivers/STM32F4xx_HAL_Driver/Src/stm32f4xx_hal_irda.o (__aeabi_uldivmod)
c:/ac6/systemworkbench/plugins/fr.ac6.mcu.externaltools.arm-none.win32_1.17.0.201812190825/tools/compiler/bin/../lib/gcc/arm-none-eabi/7.3.1/thumb/v7e-m/fpv4-sp/hard\libgcc.a(_udivmoddi4.o)
                              c:/ac6/systemworkbench/plugins/fr.ac6.mcu.externaltools.arm-none.win32_1.17.0.201812190825/tools/compiler/bin/../lib/gcc/arm-none-eabi/7.3.1/thumb/v7e-m/fpv4-sp/hard\libgcc.a(_aeabi_uldivmod.o) (__udivmoddi4)
c:/ac6/systemworkbench/plugins/fr.ac6.mcu.externaltools.arm-none.win32_1.17.0.201812190825/tools/compiler/bin/../lib/gcc/arm-none-eabi/7.3.1/thumb/v7e-m/fpv4-sp/hard\libgcc.a(_dvmd_tls.o)
                              c:/ac6/systemworkbench/plugins/fr.ac6.mcu.externaltools.arm-none.win32_1.17.0.201812190825/tools/compiler/bin/../lib/gcc/arm-none-eabi/7.3.1/thumb/v7e-m/fpv4-sp/hard\libgcc.a(_aeabi_uldivmod.o) (__aeabi_ldiv0)
c:/ac6/systemworkbench/plugins/fr.ac6.mcu.externaltools.arm-none.win32_1.17.0.201812190825/tools/compiler/bin/../lib/gcc/arm-none-eabi/7.3.1/../../../../arm-none-eabi/lib/thumb/v7e-m/fpv4-sp/hard\libc_nano.a(lib_a-errno.o)
                              Src/syscalls.o (__errno)
c:/ac6/systemworkbench/plugins/fr.ac6.mcu.externaltools.arm-none.win32_1.17.0.201812190825/tools/compiler/bin/../lib/gcc/arm-none-eabi/7.3.1/../../../../arm-none-eabi/lib/thumb/v7e-m/fpv4-sp/hard\libc_nano.a(lib_a-exit.o)
                              c:/ac6/systemworkbench/plugins/fr.ac6.mcu.externaltools.arm-none.win32_1.17.0.201812190825/tools/compiler/bin/../lib/gcc/arm-none-eabi/7.3.1/../../../../arm-none-eabi/lib/thumb/v7e-m/fpv4-sp/hard/crt0.o (exit)
c:/ac6/systemworkbench/plugins/fr.ac6.mcu.externaltools.arm-none.win32_1.17.0.201812190825/tools/compiler/bin/../lib/gcc/arm-none-eabi/7.3.1/../../../../arm-none-eabi/lib/thumb/v7e-m/fpv4-sp/hard\libc_nano.a(lib_a-impure.o)
                              c:/ac6/systemworkbench/plugins/fr.ac6.mcu.externaltools.arm-none.win32_1.17.0.201812190825/tools/compiler/bin/../lib/gcc/arm-none-eabi/7.3.1/../../../../arm-none-eabi/lib/thumb/v7e-m/fpv4-sp/hard\libc_nano.a(lib_a-exit.o) (_global_impure_ptr)
c:/ac6/systemworkbench/plugins/fr.ac6.mcu.externaltools.arm-none.win32_1.17.0.201812190825/tools/compiler/bin/../lib/gcc/arm-none-eabi/7.3.1/../../../../arm-none-eabi/lib/thumb/v7e-m/fpv4-sp/hard\libc_nano.a(lib_a-init.o)
                              c:/ac6/systemworkbench/plugins/fr.ac6.mcu.externaltools.arm-none.win32_1.17.0.201812190825/tools/compiler/bin/../lib/gcc/arm-none-eabi/7.3.1/../../../../arm-none-eabi/lib/thumb/v7e-m/fpv4-sp/hard/crt0.o (__libc_init_array)
c:/ac6/systemworkbench/plugins/fr.ac6.mcu.externaltools.arm-none.win32_1.17.0.201812190825/tools/compiler/bin/../lib/gcc/arm-none-eabi/7.3.1/../../../../arm-none-eabi/lib/thumb/v7e-m/fpv4-sp/hard\libc_nano.a(lib_a-memset.o)
                              c:/ac6/systemworkbench/plugins/fr.ac6.mcu.externaltools.arm-none.win32_1.17.0.201812190825/tools/compiler/bin/../lib/gcc/arm-none-eabi/7.3.1/../../../../arm-none-eabi/lib/thumb/v7e-m/fpv4-sp/hard/crt0.o (memset)
c:/ac6/systemworkbench/plugins/fr.ac6.mcu.externaltools.arm-none.win32_1.17.0.201812190825/tools/compiler/bin/../lib/gcc/arm-none-eabi/7.3.1/../../../../arm-none-eabi/lib/thumb/v7e-m/fpv4-sp/hard\libc_nano.a(lib_a-strlen.o)
                              Src/nuc.o (strlen)

Allocating common symbols
Common symbol       size              file

[...]
Memory Configuration

Name             Origin             Length             Attributes
RAM              0x20000000         0x00020000         xrw
CCMRAM           0x10000000         0x00010000         rw
FLASH            0x08000000         0x00100000         xr
*default*        0x00000000         0xffffffff

Linker script and memory map

LOAD c:/ac6/systemworkbench/plugins/fr.ac6.mcu.externaltools.arm-none.win32_1.17.0.201812190825/tools/compiler/bin/../lib/gcc/arm-none-eabi/7.3.1/thumb/v7e-m/fpv4-sp/hard/crti.o
LOAD c:/ac6/systemworkbench/plugins/fr.ac6.mcu.externaltools.arm-none.win32_1.17.0.201812190825/tools/compiler/bin/../lib/gcc/arm-none-eabi/7.3.1/thumb/v7e-m/fpv4-sp/hard/crtbegin.o
LOAD c:/ac6/systemworkbench/plugins/fr.ac6.mcu.externaltools.arm-none.win32_1.17.0.201812190825/tools/compiler/bin/../lib/gcc/arm-none-eabi/7.3.1/../../../../arm-none-eabi/lib/thumb/v7e-m/fpv4-sp/hard/crt0.o
LOAD Drivers/STM32F4xx_HAL_Driver/Src/stm32f4xx_hal.o
LOAD Drivers/STM32F4xx_HAL_Driver/Src/stm32f4xx_hal_can.o
LOAD Drivers/STM32F4xx_HAL_Driver/Src/stm32f4xx_hal_cortex.o
LOAD Drivers/STM32F4xx_HAL_Driver/Src/stm32f4xx_hal_dac.o
LOAD Drivers/STM32F4xx_HAL_Driver/Src/stm32f4xx_hal_dac_ex.o
LOAD Drivers/STM32F4xx_HAL_Driver/Src/stm32f4xx_hal_dma.o
LOAD Drivers/STM32F4xx_HAL_Driver/Src/stm32f4xx_hal_dma_ex.o
LOAD Drivers/STM32F4xx_HAL_Driver/Src/stm32f4xx_hal_exti.o
LOAD Drivers/STM32F4xx_HAL_Driver/Src/stm32f4xx_hal_flash.o
LOAD Drivers/STM32F4xx_HAL_Driver/Src/stm32f4xx_hal_flash_ex.o
LOAD Drivers/STM32F4xx_HAL_Driver/Src/stm32f4xx_hal_flash_ramfunc.o
LOAD Drivers/STM32F4xx_HAL_Driver/Src/stm32f4xx_hal_gpio.o
LOAD Drivers/STM32F4xx_HAL_Driver/Src/stm32f4xx_hal_i2c.o
LOAD Drivers/STM32F4xx_HAL_Driver/Src/stm32f4xx_hal_i2c_ex.o
LOAD Drivers/STM32F4xx_HAL_Driver/Src/stm32f4xx_hal_irda.o
LOAD Drivers/STM32F4xx_HAL_Driver/Src/stm32f4xx_hal_pwr.o
LOAD Drivers/STM32F4xx_HAL_Driver/Src/stm32f4xx_hal_pwr_ex.o
LOAD Drivers/STM32F4xx_HAL_Driver/Src/stm32f4xx_hal_rcc.o
LOAD Drivers/STM32F4xx_HAL_Driver/Src/stm32f4xx_hal_rcc_ex.o
LOAD Drivers/STM32F4xx_HAL_Driver/Src/stm32f4xx_hal_tim.o
LOAD Drivers/STM32F4xx_HAL_Driver/Src/stm32f4xx_hal_tim_ex.o
LOAD Drivers/STM32F4xx_HAL_Driver/Src/stm32f4xx_hal_uart.o
LOAD Src/Cntrl_Proc.o
LOAD Src/battery.o
LOAD Src/charge.o
LOAD Src/etc.o
LOAD Src/led.o
LOAD Src/lidar.o
LOAD Src/lift.o
LOAD Src/main.o
LOAD Src/nuc.o
LOAD Src/optcom.o
LOAD Src/sound.o
LOAD Src/stm32f4xx_hal_msp.o
LOAD Src/stm32f4xx_it.o
LOAD Src/syscalls.o
LOAD Src/system_stm32f4xx.o
LOAD Src/task_charger_link.o
LOAD Src/tbt.o
LOAD Src/turn.o
LOAD Src/wheel.o
LOAD Src/wheel_test.o
LOAD startup/startup_stm32f407xx.o
LOAD c:/ac6/systemworkbench/plugins/fr.ac6.mcu.externaltools.arm-none.win32_1.17.0.201812190825/tools/compiler/bin/../lib/gcc/arm-none-eabi/7.3.1/../../../../arm-none-eabi/lib/thumb/v7e-m/fpv4-sp/hard\libm.a
START GROUP
LOAD c:/ac6/systemworkbench/plugins/fr.ac6.mcu.externaltools.arm-none.win32_1.17.0.201812190825/tools/compiler/bin/../lib/gcc/arm-none-eabi/7.3.1/thumb/v7e-m/fpv4-sp/hard\libgcc.a
LOAD c:/ac6/systemworkbench/plugins/fr.ac6.mcu.externaltools.arm-none.win32_1.17.0.201812190825/tools/compiler/bin/../lib/gcc/arm-none-eabi/7.3.1/../../../../arm-none-eabi/lib/thumb/v7e-m/fpv4-sp/hard\libc_nano.a
END GROUP
START GROUP
LOAD c:/ac6/systemworkbench/plugins/fr.ac6.mcu.externaltools.arm-none.win32_1.17.0.201812190825/tools/compiler/bin/../lib/gcc/arm-none-eabi/7.3.1/thumb/v7e-m/fpv4-sp/hard\libgcc.a
LOAD c:/ac6/systemworkbench/plugins/fr.ac6.mcu.externaltools.arm-none.win32_1.17.0.201812190825/tools/compiler/bin/../lib/gcc/arm-none-eabi/7.3.1/../../../../arm-none-eabi/lib/thumb/v7e-m/fpv4-sp/hard\libc_nano.a
LOAD c:/ac6/systemworkbench/plugins/fr.ac6.mcu.externaltools.arm-none.win32_1.17.0.201812190825/tools/compiler/bin/../lib/gcc/arm-none-eabi/7.3.1/../../../../arm-none-eabi/lib/thumb/v7e-m/fpv4-sp/hard\libnosys.a
END GROUP
START GROUP
LOAD c:/ac6/systemworkbench/plugins/fr.ac6.mcu.externaltools.arm-none.win32_1.17.0.201812190825/tools/compiler/bin/../lib/gcc/arm-none-eabi/7.3.1/thumb/v7e-m/fpv4-sp/hard\libgcc.a
LOAD c:/ac6/systemworkbench/plugins/fr.ac6.mcu.externaltools.arm-none.win32_1.17.0.201812190825/tools/compiler/bin/../lib/gcc/arm-none-eabi/7.3.1/../../../../arm-none-eabi/lib/thumb/v7e-m/fpv4-sp/hard\libc_nano.a
LOAD c:/ac6/systemworkbench/plugins/fr.ac6.mcu.externaltools.arm-none.win32_1.17.0.201812190825/tools/compiler/bin/../lib/gcc/arm-none-eabi/7.3.1/../../../../arm-none-eabi/lib/thumb/v7e-m/fpv4-sp/hard\libnosys.a
END GROUP
LOAD c:/ac6/systemworkbench/plugins/fr.ac6.mcu.externaltools.arm-none.win32_1.17.0.201812190825/tools/compiler/bin/../lib/gcc/arm-none-eabi/7.3.1/thumb/v7e-m/fpv4-sp/hard/crtend.o
LOAD c:/ac6/systemworkbench/plugins/fr.ac6.mcu.externaltools.arm-none.win32_1.17.0.201812190825/tools/compiler/bin/../lib/gcc/arm-none-eabi/7.3.1/thumb/v7e-m/fpv4-sp/hard/crtn.o
                0x20020000                _estack = 0x20020000
                0x00000200                _Min_Heap_Size = 0x200
                0x00000400                _Min_Stack_Size = 0x400

.isr_vector     0x08000000      0x188
                0x08000000                . = ALIGN (0x4)
 *(.isr_vector)
 .isr_vector    0x08000000      0x188 startup/startup_stm32f407xx.o
                0x08000000                g_pfnVectors
                0x08000188                . = ALIGN (0x4)

.text           0x08000188     0x407c
                0x08000188                . = ALIGN (0x4)
 *(.text)
 .text          0x08000188       0x40 c:/ac6/systemworkbench/plugins/fr.ac6.mcu.externaltools.arm-none.win32_1.17.0.201812190825/tools/compiler/bin/../lib/gcc/arm-none-eabi/7.3.1/thumb/v7e-m/fpv4-sp/hard/crtbegin.o
 .text          0x080001c8       0x30 c:/ac6/systemworkbench/plugins/fr.ac6.mcu.externaltools.arm-none.win32_1.17.0.201812190825/tools/compiler/bin/../lib/gcc/arm-none-eabi/7.3.1/thumb/v7e-m/fpv4-sp/hard\libgcc.a(_aeabi_uldivmod.o)
                0x080001c8                __aeabi_uldivmod
 .text          0x080001f8      0x2cc c:/ac6/systemworkbench/plugins/fr.ac6.mcu.externaltools.arm-none.win32_1.17.0.201812190825/tools/compiler/bin/../lib/gcc/arm-none-eabi/7.3.1/thumb/v7e-m/fpv4-sp/hard\libgcc.a(_udivmoddi4.o)
                0x080001f8                __udivmoddi4
 .text          0x080004c4        0x4 c:/ac6/systemworkbench/plugins/fr.ac6.mcu.externaltools.arm-none.win32_1.17.0.201812190825/tools/compiler/bin/../lib/gcc/arm-none-eabi/7.3.1/thumb/v7e-m/fpv4-sp/hard\libgcc.a(_dvmd_tls.o)
                0x080004c4                __aeabi_idiv0
                0x080004c4                __aeabi_ldiv0
 *(.text*)
 .text.HAL_InitTick
                0x080004c8       0x48 Drivers/STM32F4xx_HAL_Driver/Src/stm32f4xx_hal.o
                0x080004c8                HAL_InitTick
 .text.HAL_Init
                0x08000510       0x34 Drivers/STM32F4xx_HAL_Driver/Src/stm32f4xx_hal.o
                0x08000510                HAL_Init
 .text.HAL_IncTick
                0x08000544       0x18 Drivers/STM32F4xx_HAL_Driver/Src/stm32f4xx_hal.o
                0x08000544                HAL_IncTick
 .text.HAL_GetTick
                0x0800055c        0xc Drivers/STM32F4xx_HAL_Driver/Src/stm32f4xx_hal.o
                0x0800055c                HAL_GetTick
 .text.HAL_CAN_Init
                0x08000568      0x14c Drivers/STM32F4xx_HAL_Driver/Src/stm32f4xx_hal_can.o
                0x08000568                HAL_CAN_Init
 .text.HAL_CAN_GetRxMessage
                0x080006b4      0x134 Drivers/STM32F4xx_HAL_Driver/Src/stm32f4xx_hal_can.o
                0x080006b4                HAL_CAN_GetRxMessage
 .text.HAL_CAN_TxMailbox0CompleteCallback
                0x080007e8        0x2 Drivers/STM32F4xx_HAL_Driver/Src/stm32f4xx_hal_can.o
                0x080007e8                HAL_CAN_TxMailbox0CompleteCallback
 .text.HAL_CAN_TxMailbox1CompleteCallback
                0x080007ea        0x2 Drivers/STM32F4xx_HAL_Driver/Src/stm32f4xx_hal_can.o
                0x080007ea                HAL_CAN_TxMailbox1CompleteCallback
 .text.HAL_CAN_TxMailbox2CompleteCallback
                0x080007ec        0x2 Drivers/STM32F4xx_HAL_Driver/Src/stm32f4xx_hal_can.o
                0x080007ec                HAL_CAN_TxMailbox2CompleteCallback
 .text.HAL_CAN_TxMailbox0AbortCallback
                0x080007ee        0x2 Drivers/STM32F4xx_HAL_Driver/Src/stm32f4xx_hal_can.o
                0x080007ee                HAL_CAN_TxMailbox0AbortCallback
 .text.HAL_CAN_TxMailbox1AbortCallback
                0x080007f0        0x2 Drivers/STM32F4xx_HAL_Driver/Src/stm32f4xx_hal_can.o
                0x080007f0                HAL_CAN_TxMailbox1AbortCallback
 .text.HAL_CAN_TxMailbox2AbortCallback
                0x080007f2        0x2 Drivers/STM32F4xx_HAL_Driver/Src/stm32f4xx_hal_can.o
                0x080007f2                HAL_CAN_TxMailbox2AbortCallback
 .text.HAL_CAN_RxFifo0FullCallback
                0x080007f4        0x2 Drivers/STM32F4xx_HAL_Driver/Src/stm32f4xx_hal_can.o
                0x080007f4                HAL_CAN_RxFifo0FullCallback
 .text.HAL_CAN_RxFifo1MsgPendingCallback
                0x080007f6        0x2 Drivers/STM32F4xx_HAL_Driver/Src/stm32f4xx_hal_can.o
                0x080007f6                HAL_CAN_RxFifo1MsgPendingCallback
 .text.HAL_CAN_RxFifo1FullCallback
                0x080007f8        0x2 Drivers/STM32F4xx_HAL_Driver/Src/stm32f4xx_hal_can.o
                0x080007f8                HAL_CAN_RxFifo1FullCallback
 .text.HAL_CAN_SleepCallback
                0x080007fa        0x2 Drivers/STM32F4xx_HAL_Driver/Src/stm32f4xx_hal_can.o
                0x080007fa                HAL_CAN_SleepCallback
 .text.HAL_CAN_WakeUpFromRxMsgCallback
                0x080007fc        0x2 Drivers/STM32F4xx_HAL_Driver/Src/stm32f4xx_hal_can.o
                0x080007fc                HAL_CAN_WakeUpFromRxMsgCallback
 .text.HAL_CAN_ErrorCallback
                0x080007fe        0x2 Drivers/STM32F4xx_HAL_Driver/Src/stm32f4xx_hal_can.o
                0x080007fe                HAL_CAN_ErrorCallback
 .text.HAL_CAN_IRQHandler
                0x08000800      0x258 Drivers/STM32F4xx_HAL_Driver/Src/stm32f4xx_hal_can.o
                0x08000800                HAL_CAN_IRQHandler
 .text.HAL_NVIC_SetPriorityGrouping
                0x08000a58       0x24 Drivers/STM32F4xx_HAL_Driver/Src/stm32f4xx_hal_cortex.o
                0x08000a58                HAL_NVIC_SetPriorityGrouping
 .text.HAL_NVIC_SetPriority
                0x08000a7c       0x68 Drivers/STM32F4xx_HAL_Driver/Src/stm32f4xx_hal_cortex.o
                0x08000a7c                HAL_NVIC_SetPriority
 .text.HAL_NVIC_EnableIRQ
                0x08000ae4       0x1c Drivers/STM32F4xx_HAL_Driver/Src/stm32f4xx_hal_cortex.o
                0x08000ae4                HAL_NVIC_EnableIRQ
 .text.HAL_SYSTICK_Config
                0x08000b00       0x2c Drivers/STM32F4xx_HAL_Driver/Src/stm32f4xx_hal_cortex.o
                0x08000b00                HAL_SYSTICK_Config
 .text.HAL_DAC_Init
                0x08000b2c       0x24 Drivers/STM32F4xx_HAL_Driver/Src/stm32f4xx_hal_dac.o
                0x08000b2c                HAL_DAC_Init
 .text.HAL_DAC_Start
                0x08000b50       0x6e Drivers/STM32F4xx_HAL_Driver/Src/stm32f4xx_hal_dac.o
                0x08000b50                HAL_DAC_Start
 .text.HAL_DAC_ConfigChannel
                0x08000bbe       0x4a Drivers/STM32F4xx_HAL_Driver/Src/stm32f4xx_hal_dac.o
                0x08000bbe                HAL_DAC_ConfigChannel
 .text.DMA_SetConfig
                0x08000c08       0x2c Drivers/STM32F4xx_HAL_Driver/Src/stm32f4xx_hal_dma.o
 .text.DMA_CalcBaseAndBitshift
                0x08000c34       0x3c Drivers/STM32F4xx_HAL_Driver/Src/stm32f4xx_hal_dma.o
 .text.DMA_CheckFifoParam
                0x08000c70       0x8e Drivers/STM32F4xx_HAL_Driver/Src/stm32f4xx_hal_dma.o
 *fill*         0x08000cfe        0x2 
 .text.HAL_DMA_Init
                0x08000d00       0xcc Drivers/STM32F4xx_HAL_Driver/Src/stm32f4xx_hal_dma.o
                0x08000d00                HAL_DMA_Init
 .text.HAL_DMA_Start_IT
                0x08000dcc       0x6a Drivers/STM32F4xx_HAL_Driver/Src/stm32f4xx_hal_dma.o
                0x08000dcc                HAL_DMA_Start_IT
 .text.HAL_DMA_Abort_IT
                0x08000e36       0x26 Drivers/STM32F4xx_HAL_Driver/Src/stm32f4xx_hal_dma.o
                0x08000e36                HAL_DMA_Abort_IT
 .text.HAL_DMA_IRQHandler
                0x08000e5c      0x1dc Drivers/STM32F4xx_HAL_Driver/Src/stm32f4xx_hal_dma.o
                0x08000e5c                HAL_DMA_IRQHandler
 .text.HAL_GPIO_Init
                0x08001038      0x1c8 Drivers/STM32F4xx_HAL_Driver/Src/stm32f4xx_hal_gpio.o
                0x08001038                HAL_GPIO_Init
 .text.HAL_GPIO_WritePin
                0x08001200        0xc Drivers/STM32F4xx_HAL_Driver/Src/stm32f4xx_hal_gpio.o
                0x08001200                HAL_GPIO_WritePin
 .text.I2C_IsAcknowledgeFailed
                0x0800120c       0x32 Drivers/STM32F4xx_HAL_Driver/Src/stm32f4xx_hal_i2c.o
 .text.I2C_WaitOnFlagUntilTimeout
                0x0800123e       0x70 Drivers/STM32F4xx_HAL_Driver/Src/stm32f4xx_hal_i2c.o
 .text.I2C_WaitOnMasterAddressFlagUntilTimeout
                0x080012ae       0xa4 Drivers/STM32F4xx_HAL_Driver/Src/stm32f4xx_hal_i2c.o
 .text.I2C_WaitOnTXEFlagUntilTimeout
                0x08001352       0x54 Drivers/STM32F4xx_HAL_Driver/Src/stm32f4xx_hal_i2c.o
 *fill*         0x080013a6        0x2 
 .text.I2C_RequestMemoryRead
                0x080013a8      0x160 Drivers/STM32F4xx_HAL_Driver/Src/stm32f4xx_hal_i2c.o
 .text.I2C_WaitOnRXNEFlagUntilTimeout
                0x08001508       0x6a Drivers/STM32F4xx_HAL_Driver/Src/stm32f4xx_hal_i2c.o
 *fill*         0x08001572        0x2 
 .text.HAL_I2C_Init
                0x08001574      0x1b4 Drivers/STM32F4xx_HAL_Driver/Src/stm32f4xx_hal_i2c.o
                0x08001574                HAL_I2C_Init
 .text.HAL_I2C_Mem_Read
                0x08001728      0x2d0 Drivers/STM32F4xx_HAL_Driver/Src/stm32f4xx_hal_i2c.o
                0x08001728                HAL_I2C_Mem_Read
 .text.IRDA_EndTxTransfer
                0x080019f8       0x12 Drivers/STM32F4xx_HAL_Driver/Src/stm32f4xx_hal_irda.o
 .text.IRDA_EndRxTransfer
                0x08001a0a       0x1c Drivers/STM32F4xx_HAL_Driver/Src/stm32f4xx_hal_irda.o
 *fill*         0x08001a26        0x2 
 .text.IRDA_SetConfig
                0x08001a28      0x12c Drivers/STM32F4xx_HAL_Driver/Src/stm32f4xx_hal_irda.o
 .text.HAL_IRDA_Init
                0x08001b54       0x88 Drivers/STM32F4xx_HAL_Driver/Src/stm32f4xx_hal_irda.o
                0x08001b54                HAL_IRDA_Init
 .text.HAL_IRDA_Receive_DMA
                0x08001bdc       0xa8 Drivers/STM32F4xx_HAL_Driver/Src/stm32f4xx_hal_irda.o
                0x08001bdc                HAL_IRDA_Receive_DMA
 .text.IRDA_DMAReceiveCplt
                0x08001c84       0x3e Drivers/STM32F4xx_HAL_Driver/Src/stm32f4xx_hal_irda.o
 .text.HAL_IRDA_RxHalfCpltCallback
                0x08001cc2        0x2 Drivers/STM32F4xx_HAL_Driver/Src/stm32f4xx_hal_irda.o
                0x08001cc2                HAL_IRDA_RxHalfCpltCallback
 .text.IRDA_DMAReceiveHalfCplt
                0x08001cc4        0xa Drivers/STM32F4xx_HAL_Driver/Src/stm32f4xx_hal_irda.o
 .text.HAL_IRDA_ErrorCallback
                0x08001cce        0x2 Drivers/STM32F4xx_HAL_Driver/Src/stm32f4xx_hal_irda.o
                0x08001cce                HAL_IRDA_ErrorCallback
 .text.IRDA_DMAError
                0x08001cd0       0x58 Drivers/STM32F4xx_HAL_Driver/Src/stm32f4xx_hal_irda.o
 .text.HAL_RCC_OscConfig
                0x08001d28      0x3ec Drivers/STM32F4xx_HAL_Driver/Src/stm32f4xx_hal_rcc.o
                0x08001d28                HAL_RCC_OscConfig
 .text.HAL_RCC_GetSysClockFreq
                0x08002114       0xa8 Drivers/STM32F4xx_HAL_Driver/Src/stm32f4xx_hal_rcc.o
                0x08002114                HAL_RCC_GetSysClockFreq
 .text.HAL_RCC_ClockConfig
                0x080021bc      0x160 Drivers/STM32F4xx_HAL_Driver/Src/stm32f4xx_hal_rcc.o
                0x080021bc                HAL_RCC_ClockConfig
 .text.HAL_RCC_GetHCLKFreq
                0x0800231c        0xc Drivers/STM32F4xx_HAL_Driver/Src/stm32f4xx_hal_rcc.o
                0x0800231c                HAL_RCC_GetHCLKFreq
 .text.HAL_RCC_GetPCLK1Freq
                0x08002328       0x20 Drivers/STM32F4xx_HAL_Driver/Src/stm32f4xx_hal_rcc.o
                0x08002328                HAL_RCC_GetPCLK1Freq
 .text.HAL_RCC_GetPCLK2Freq
                0x08002348       0x20 Drivers/STM32F4xx_HAL_Driver/Src/stm32f4xx_hal_rcc.o
                0x08002348                HAL_RCC_GetPCLK2Freq
 .text.TIM_OC1_SetConfig
                0x08002368       0x68 Drivers/STM32F4xx_HAL_Driver/Src/stm32f4xx_hal_tim.o
 .text.TIM_OC3_SetConfig
                0x080023d0       0x70 Drivers/STM32F4xx_HAL_Driver/Src/stm32f4xx_hal_tim.o
 .text.TIM_OC4_SetConfig
                0x08002440       0x50 Drivers/STM32F4xx_HAL_Driver/Src/stm32f4xx_hal_tim.o
 .text.TIM_TI1_ConfigInputStage
                0x08002490       0x26 Drivers/STM32F4xx_HAL_Driver/Src/stm32f4xx_hal_tim.o
 .text.TIM_TI2_ConfigInputStage
                0x080024b6       0x28 Drivers/STM32F4xx_HAL_Driver/Src/stm32f4xx_hal_tim.o
 .text.TIM_ITRx_SetConfig
                0x080024de       0x10 Drivers/STM32F4xx_HAL_Driver/Src/stm32f4xx_hal_tim.o
 .text.HAL_TIM_OC_MspInit
                0x080024ee        0x2 Drivers/STM32F4xx_HAL_Driver/Src/stm32f4xx_hal_tim.o
                0x080024ee                HAL_TIM_OC_MspInit
 .text.TIM_Base_SetConfig
                0x080024f0       0xc8 Drivers/STM32F4xx_HAL_Driver/Src/stm32f4xx_hal_tim.o
                0x080024f0                TIM_Base_SetConfig
 .text.HAL_TIM_Base_Init
                0x080025b8       0x32 Drivers/STM32F4xx_HAL_Driver/Src/stm32f4xx_hal_tim.o
                0x080025b8                HAL_TIM_Base_Init
 .text.HAL_TIM_OC_Init
                0x080025ea       0x32 Drivers/STM32F4xx_HAL_Driver/Src/stm32f4xx_hal_tim.o
                0x080025ea                HAL_TIM_OC_Init
 .text.TIM_OC2_SetConfig
                0x0800261c       0x70 Drivers/STM32F4xx_HAL_Driver/Src/stm32f4xx_hal_tim.o
                0x0800261c                TIM_OC2_SetConfig
 .text.HAL_TIM_OC_ConfigChannel
                0x0800268c       0x5e Drivers/STM32F4xx_HAL_Driver/Src/stm32f4xx_hal_tim.o
                0x0800268c                HAL_TIM_OC_ConfigChannel
 .text.TIM_ETR_SetConfig
                0x080026ea       0x18 Drivers/STM32F4xx_HAL_Driver/Src/stm32f4xx_hal_tim.o
                0x080026ea                TIM_ETR_SetConfig
 .text.HAL_TIM_ConfigClockSource
                0x08002702       0xda Drivers/STM32F4xx_HAL_Driver/Src/stm32f4xx_hal_tim.o
                0x08002702                HAL_TIM_ConfigClockSource
 .text.TIM_CCxChannelCmd
                0x080027dc       0x22 Drivers/STM32F4xx_HAL_Driver/Src/stm32f4xx_hal_tim.o
                0x080027dc                TIM_CCxChannelCmd
 *fill*         0x080027fe        0x2 
 .text.HAL_TIM_OC_Start
                0x08002800       0x40 Drivers/STM32F4xx_HAL_Driver/Src/stm32f4xx_hal_tim.o
                0x08002800                HAL_TIM_OC_Start
 .text.HAL_TIMEx_MasterConfigSynchronization
                0x08002840       0x88 Drivers/STM32F4xx_HAL_Driver/Src/stm32f4xx_hal_tim_ex.o
                0x08002840                HAL_TIMEx_MasterConfigSynchronization
 .text.UART_EndTxTransfer
                0x080028c8       0x12 Drivers/STM32F4xx_HAL_Driver/Src/stm32f4xx_hal_uart.o
 .text.UART_EndRxTransfer
                0x080028da       0x1c Drivers/STM32F4xx_HAL_Driver/Src/stm32f4xx_hal_uart.o
 .text.UART_Transmit_IT
                0x080028f6       0x68 Drivers/STM32F4xx_HAL_Driver/Src/stm32f4xx_hal_uart.o
 *fill*         0x0800295e        0x2 
 .text.UART_SetConfig
                0x08002960      0x218 Drivers/STM32F4xx_HAL_Driver/Src/stm32f4xx_hal_uart.o
 .text.HAL_UART_Init
                0x08002b78       0x5e Drivers/STM32F4xx_HAL_Driver/Src/stm32f4xx_hal_uart.o
                0x08002b78                HAL_UART_Init
 *fill*         0x08002bd6        0x2 
 .text.HAL_UART_Receive_DMA
                0x08002bd8       0xa8 Drivers/STM32F4xx_HAL_Driver/Src/stm32f4xx_hal_uart.o
                0x08002bd8                HAL_UART_Receive_DMA
 .text.UART_EndTransmit_IT
                0x08002c80       0x1a Drivers/STM32F4xx_HAL_Driver/Src/stm32f4xx_hal_uart.o
 .text.UART_DMAReceiveCplt
                0x08002c9a       0x3e Drivers/STM32F4xx_HAL_Driver/Src/stm32f4xx_hal_uart.o
 .text.UART_Receive_IT
                0x08002cd8       0x9c Drivers/STM32F4xx_HAL_Driver/Src/stm32f4xx_hal_uart.o
 .text.HAL_UART_RxHalfCpltCallback
                0x08002d74        0x2 Drivers/STM32F4xx_HAL_Driver/Src/stm32f4xx_hal_uart.o
                0x08002d74                HAL_UART_RxHalfCpltCallback
 .text.UART_DMARxHalfCplt
                0x08002d76        0xa Drivers/STM32F4xx_HAL_Driver/Src/stm32f4xx_hal_uart.o
 .text.HAL_UART_ErrorCallback
                0x08002d80        0x2 Drivers/STM32F4xx_HAL_Driver/Src/stm32f4xx_hal_uart.o
                0x08002d80                HAL_UART_ErrorCallback
 .text.UART_DMAError
                0x08002d82       0x58 Drivers/STM32F4xx_HAL_Driver/Src/stm32f4xx_hal_uart.o
 *fill*         0x08002dda        0x2 
 .text.HAL_UART_IRQHandler
                0x08002ddc      0x128 Drivers/STM32F4xx_HAL_Driver/Src/stm32f4xx_hal_uart.o
                0x08002ddc                HAL_UART_IRQHandler
 .text.UART_DMAAbortOnError
                0x08002f04       0x10 Drivers/STM32F4xx_HAL_Driver/Src/stm32f4xx_hal_uart.o
 .text.set_utimer
                0x08002f14       0x1c Src/Cntrl_Proc.o
                0x08002f14                set_utimer
 .text.init_timer
                0x08002f30       0x68 Src/Cntrl_Proc.o
                0x08002f30                init_timer
 .text.read_eeprom
                0x08002f98       0x78 Src/Cntrl_Proc.o
                0x08002f98                read_eeprom
 .text.read_HardwareID
                0x08003010       0x24 Src/Cntrl_Proc.o
                0x08003010                read_HardwareID
 .text.set_TurnComplete_state
                0x08003034       0x14 Src/Cntrl_Proc.o
                0x08003034                set_TurnComplete_state
 .text.battery_init
                0x08003048       0x18 Src/battery.o
                0x08003048                battery_init
 .text.HAL_CAN_RxFifo0MsgPendingCallback
                0x08003060       0x1c Src/battery.o
                0x08003060                HAL_CAN_RxFifo0MsgPendingCallback
 .text.charge_relay_off
                0x0800307c       0x14 Src/charge.o
                0x0800307c                charge_relay_off
 .text.charge_proc_init
                0x08003090        0xc Src/charge.o
                0x08003090                charge_proc_init
 .text.init_lidar_wait_time
                0x0800309c       0x18 Src/lidar.o
                0x0800309c                init_lidar_wait_time
 .text.lift_uart_reveive
                0x080030b4       0x14 Src/lift.o
                0x080030b4                lift_uart_reveive
 .text.select_lift_stop_mode
                0x080030c8       0x20 Src/lift.o
                0x080030c8                select_lift_stop_mode
 .text.select_lift_brake_mode
                0x080030e8       0x20 Src/lift.o
                0x080030e8                select_lift_brake_mode
 .text.set_control_no
                0x08003108       0x14 Src/lift.o
                0x08003108                set_control_no
 .text.lift_init
                0x0800311c       0x20 Src/lift.o
                0x0800311c                lift_init
 .text.MX_GPIO_Init
                0x0800313c      0x398 Src/main.o
 .text.MX_DMA_Init
                0x080034d4       0x88 Src/main.o
 .text.MX_DAC_Init
                0x0800355c       0x30 Src/main.o
 .text.MX_TIM2_Init
                0x0800358c       0x80 Src/main.o
 .text.MX_TIM9_Init
                0x0800360c       0x74 Src/main.o
 .text.MX_USART2_IRDA_Init
                0x08003680       0x2c Src/main.o
 .text.MX_I2C2_Init
                0x080036ac       0x34 Src/main.o
 .text.MX_CAN1_Init
                0x080036e0       0x38 Src/main.o
 .text.MX_USART3_UART_Init
                0x08003718       0x2c Src/main.o
 .text.MX_USART6_UART_Init
                0x08003744       0x34 Src/main.o
 .text.SystemClock_Config
                0x08003778       0x94 Src/main.o
                0x08003778                SystemClock_Config
 .text.main     0x0800380c       0x6c Src/main.o
                0x0800380c                main
 .text.Error_Handler
                0x08003878        0x2 Src/main.o
                0x08003878                Error_Handler
 *fill*         0x0800387a        0x2 
 .text.set_nuc_receive_flag
                0x0800387c       0x10 Src/nuc.o
                0x0800387c                set_nuc_receive_flag
 .text.nuc_init
                0x0800388c       0x34 Src/nuc.o
                0x0800388c                nuc_init
 .text.HAL_UART_RxCpltCallback
                0x080038c0       0x18 Src/nuc.o
                0x080038c0                HAL_UART_RxCpltCallback
 .text.HAL_UART_TxCpltCallback
                0x080038d8       0x18 Src/nuc.o
                0x080038d8                HAL_UART_TxCpltCallback
 .text.HAL_MspInit
                0x080038f0       0x38 Src/stm32f4xx_hal_msp.o
                0x080038f0                HAL_MspInit
 .text.HAL_CAN_MspInit
                0x08003928       0x7c Src/stm32f4xx_hal_msp.o
                0x08003928                HAL_CAN_MspInit
 .text.HAL_DAC_MspInit
                0x080039a4       0x68 Src/stm32f4xx_hal_msp.o
                0x080039a4                HAL_DAC_MspInit
 .text.HAL_I2C_MspInit
                0x08003a0c       0x74 Src/stm32f4xx_hal_msp.o
                0x08003a0c                HAL_I2C_MspInit
 .text.HAL_TIM_Base_MspInit
                0x08003a80       0x50 Src/stm32f4xx_hal_msp.o
                0x08003a80                HAL_TIM_Base_MspInit
 .text.HAL_TIM_MspPostInit
                0x08003ad0       0x90 Src/stm32f4xx_hal_msp.o
                0x08003ad0                HAL_TIM_MspPostInit
 .text.HAL_IRDA_MspInit
                0x08003b60       0xf4 Src/stm32f4xx_hal_msp.o
                0x08003b60                HAL_IRDA_MspInit
 .text.HAL_UART_MspInit
                0x08003c54      0x1a0 Src/stm32f4xx_hal_msp.o
                0x08003c54                HAL_UART_MspInit
 .text.NMI_Handler
                0x08003df4        0x2 Src/stm32f4xx_it.o
                0x08003df4                NMI_Handler
 .text.HardFault_Handler
                0x08003df6        0x2 Src/stm32f4xx_it.o
                0x08003df6                HardFault_Handler
 .text.MemManage_Handler
                0x08003df8        0x2 Src/stm32f4xx_it.o
                0x08003df8                MemManage_Handler
 .text.BusFault_Handler
                0x08003dfa        0x2 Src/stm32f4xx_it.o
                0x08003dfa                BusFault_Handler
 .text.UsageFault_Handler
                0x08003dfc        0x2 Src/stm32f4xx_it.o
                0x08003dfc                UsageFault_Handler
 .text.SVC_Handler
                0x08003dfe        0x2 Src/stm32f4xx_it.o
                0x08003dfe                SVC_Handler
 .text.DebugMon_Handler
                0x08003e00        0x2 Src/stm32f4xx_it.o
                0x08003e00                DebugMon_Handler
 .text.PendSV_Handler
                0x08003e02        0x2 Src/stm32f4xx_it.o
                0x08003e02                PendSV_Handler
 .text.SysTick_Handler
                0x08003e04        0x8 Src/stm32f4xx_it.o
                0x08003e04                SysTick_Handler
 .text.DMA1_Stream1_IRQHandler
                0x08003e0c       0x10 Src/stm32f4xx_it.o
                0x08003e0c                DMA1_Stream1_IRQHandler
 .text.DMA1_Stream3_IRQHandler
                0x08003e1c       0x10 Src/stm32f4xx_it.o
                0x08003e1c                DMA1_Stream3_IRQHandler
 .text.DMA1_Stream5_IRQHandler
                0x08003e2c       0x10 Src/stm32f4xx_it.o
                0x08003e2c                DMA1_Stream5_IRQHandler
 .text.DMA1_Stream6_IRQHandler
                0x08003e3c       0x10 Src/stm32f4xx_it.o
                0x08003e3c                DMA1_Stream6_IRQHandler
 .text.CAN1_RX0_IRQHandler
                0x08003e4c       0x10 Src/stm32f4xx_it.o
                0x08003e4c                CAN1_RX0_IRQHandler
 .text.DMA2_Stream6_IRQHandler
                0x08003e5c       0x10 Src/stm32f4xx_it.o
                0x08003e5c                DMA2_Stream6_IRQHandler
 .text.USART6_IRQHandler
                0x08003e6c       0x10 Src/stm32f4xx_it.o
                0x08003e6c                USART6_IRQHandler
 .text.SystemInit
                0x08003e7c       0x1c Src/system_stm32f4xx.o
                0x08003e7c                SystemInit
 .text.clr_irda_comdata
                0x08003e98       0x10 Src/task_charger_link.o
                0x08003e98                clr_irda_comdata
 .text.chagerlink_init
                0x08003ea8       0x18 Src/task_charger_link.o
                0x08003ea8                chagerlink_init
 .text.set_irda_receive_flag
                0x08003ec0        0xc Src/task_charger_link.o
                0x08003ec0                set_irda_receive_flag
 .text.HAL_IRDA_RxCpltCallback
                0x08003ecc       0x18 Src/task_charger_link.o
                0x08003ecc                HAL_IRDA_RxCpltCallback
 .text.select_turn_stop_mode
                0x08003ee4       0x28 Src/turn.o
                0x08003ee4                select_turn_stop_mode
 .text.turn_motor_stop
                0x08003f0c       0x24 Src/turn.o
                0x08003f0c                turn_motor_stop
 .text.clr_fb_parameter
                0x08003f30       0x3c Src/turn.o
                0x08003f30                clr_fb_parameter
 .text.turn_init
                0x08003f6c       0x16 Src/turn.o
                0x08003f6c                turn_init
 *fill*         0x08003f82        0x2 
 .text.wheel_set_brake
                0x08003f84       0x20 Src/wheel.o
                0x08003f84                wheel_set_brake
 .text.wheel_set_dc_lock
                0x08003fa4       0x20 Src/wheel.o
                0x08003fa4                wheel_set_dc_lock
 .text.wheel_set_dir
                0x08003fc4       0xc8 Src/wheel.o
                0x08003fc4                wheel_set_dir
 .text.reset_motor_pulse_run_l
                0x0800408c        0xc Src/wheel.o
                0x0800408c                reset_motor_pulse_run_l
 .text.reset_motor_pulse_run_r
                0x08004098        0xc Src/wheel.o
                0x08004098                reset_motor_pulse_run_r
 .text.wheel_init
                0x080040a4       0x9c Src/wheel.o
                0x080040a4                wheel_init
 .text.Reset_Handler
                0x08004140       0x50 startup/startup_stm32f407xx.o
                0x08004140                Reset_Handler
 .text.Default_Handler
                0x08004190        0x2 startup/startup_stm32f407xx.o
                0x08004190                RTC_Alarm_IRQHandler
                0x08004190                HASH_RNG_IRQHandler
                0x08004190                EXTI2_IRQHandler
                0x08004190                TIM8_CC_IRQHandler
                0x08004190                TIM1_CC_IRQHandler
                0x08004190                DMA2_Stream5_IRQHandler
                0x08004190                PVD_IRQHandler
                0x08004190                SDIO_IRQHandler
                0x08004190                TAMP_STAMP_IRQHandler
                0x08004190                CAN2_RX1_IRQHandler
                0x08004190                EXTI3_IRQHandler
                0x08004190                TIM8_TRG_COM_TIM14_IRQHandler
                0x08004190                TIM1_UP_TIM10_IRQHandler
                0x08004190                TIM8_UP_TIM13_IRQHandler
                0x08004190                I2C3_ER_IRQHandler
                0x08004190                EXTI0_IRQHandler
                0x08004190                I2C2_EV_IRQHandler
                0x08004190                DMA1_Stream2_IRQHandler
                0x08004190                FPU_IRQHandler
                0x08004190                OTG_HS_WKUP_IRQHandler
                0x08004190                CAN2_SCE_IRQHandler
                0x08004190                DMA2_Stream2_IRQHandler
                0x08004190                SPI1_IRQHandler
                0x08004190                TIM6_DAC_IRQHandler
                0x08004190                TIM1_BRK_TIM9_IRQHandler
                0x08004190                DCMI_IRQHandler
                0x08004190                CAN2_RX0_IRQHandler
                0x08004190                DMA2_Stream3_IRQHandler
                0x08004190                USART3_IRQHandler
                0x08004190                CAN1_RX1_IRQHandler
                0x08004190                UART5_IRQHandler
                0x08004190                DMA2_Stream0_IRQHandler
                0x08004190                TIM4_IRQHandler
                0x08004190                I2C1_EV_IRQHandler
                0x08004190                UART4_IRQHandler
                0x08004190                TIM3_IRQHandler
                0x08004190                RCC_IRQHandler
                0x08004190                TIM8_BRK_TIM12_IRQHandler
                0x08004190                Default_Handler
                0x08004190                EXTI15_10_IRQHandler
                0x08004190                ADC_IRQHandler
                0x08004190                DMA1_Stream7_IRQHandler
                0x08004190                TIM7_IRQHandler
                0x08004190                CAN2_TX_IRQHandler
                0x08004190                TIM5_IRQHandler
                0x08004190                DMA2_Stream7_IRQHandler
                0x08004190                I2C3_EV_IRQHandler
                0x08004190                EXTI9_5_IRQHandler
                0x08004190                RTC_WKUP_IRQHandler
                0x08004190                ETH_WKUP_IRQHandler
                0x08004190                SPI2_IRQHandler
                0x08004190                OTG_HS_EP1_IN_IRQHandler
                0x08004190                DMA1_Stream0_IRQHandler
                0x08004190                CAN1_TX_IRQHandler
                0x08004190                EXTI4_IRQHandler
                0x08004190                FSMC_IRQHandler
                0x08004190                ETH_IRQHandler
                0x08004190                OTG_HS_EP1_OUT_IRQHandler
                0x08004190                WWDG_IRQHandler
                0x08004190                TIM2_IRQHandler
                0x08004190                OTG_FS_WKUP_IRQHandler
                0x08004190                TIM1_TRG_COM_TIM11_IRQHandler
                0x08004190                OTG_HS_IRQHandler
                0x08004190                EXTI1_IRQHandler
                0x08004190                USART2_IRQHandler
                0x08004190                I2C2_ER_IRQHandler
                0x08004190                DMA2_Stream1_IRQHandler
                0x08004190                CAN1_SCE_IRQHandler
                0x08004190                FLASH_IRQHandler
                0x08004190                DMA2_Stream4_IRQHandler
                0x08004190                USART1_IRQHandler
                0x08004190                OTG_FS_IRQHandler
                0x08004190                SPI3_IRQHandler
                0x08004190                DMA1_Stream4_IRQHandler
                0x08004190                I2C1_ER_IRQHandler
 *fill*         0x08004192        0x2 
 .text.__libc_init_array
                0x08004194       0x48 c:/ac6/systemworkbench/plugins/fr.ac6.mcu.externaltools.arm-none.win32_1.17.0.201812190825/tools/compiler/bin/../lib/gcc/arm-none-eabi/7.3.1/../../../../arm-none-eabi/lib/thumb/v7e-m/fpv4-sp/hard\libc_nano.a(lib_a-init.o)
                0x08004194                __libc_init_array
 .text.memset   0x080041dc       0x10 c:/ac6/systemworkbench/plugins/fr.ac6.mcu.externaltools.arm-none.win32_1.17.0.201812190825/tools/compiler/bin/../lib/gcc/arm-none-eabi/7.3.1/../../../../arm-none-eabi/lib/thumb/v7e-m/fpv4-sp/hard\libc_nano.a(lib_a-memset.o)
                0x080041dc                memset
 *(.glue_7)
 .glue_7        0x080041ec        0x0 linker stubs
 *(.glue_7t)
 .glue_7t       0x080041ec        0x0 linker stubs
 *(.eh_frame)
 .eh_frame      0x080041ec        0x0 c:/ac6/systemworkbench/plugins/fr.ac6.mcu.externaltools.arm-none.win32_1.17.0.201812190825/tools/compiler/bin/../lib/gcc/arm-none-eabi/7.3.1/thumb/v7e-m/fpv4-sp/hard/crtbegin.o
 *(.init)
 .init          0x080041ec        0x4 c:/ac6/systemworkbench/plugins/fr.ac6.mcu.externaltools.arm-none.win32_1.17.0.201812190825/tools/compiler/bin/../lib/gcc/arm-none-eabi/7.3.1/thumb/v7e-m/fpv4-sp/hard/crti.o
                0x080041ec                _init
 .init          0x080041f0        0x8 c:/ac6/systemworkbench/plugins/fr.ac6.mcu.externaltools.arm-none.win32_1.17.0.201812190825/tools/compiler/bin/../lib/gcc/arm-none-eabi/7.3.1/thumb/v7e-m/fpv4-sp/hard/crtn.o
 *(.fini)
 .fini          0x080041f8        0x4 c:/ac6/systemworkbench/plugins/fr.ac6.mcu.externaltools.arm-none.win32_1.17.0.201812190825/tools/compiler/bin/../lib/gcc/arm-none-eabi/7.3.1/thumb/v7e-m/fpv4-sp/hard/crti.o
                0x080041f8                _fini
 .fini          0x080041fc        0x8 c:/ac6/systemworkbench/plugins/fr.ac6.mcu.externaltools.arm-none.win32_1.17.0.201812190825/tools/compiler/bin/../lib/gcc/arm-none-eabi/7.3.1/thumb/v7e-m/fpv4-sp/hard/crtn.o
                0x08004204                . = ALIGN (0x4)
                0x08004204                _etext = .

.vfp11_veneer   0x08004204        0x0
 .vfp11_veneer  0x08004204        0x0 linker stubs

.v4_bx          0x08004204        0x0
 .v4_bx         0x08004204        0x0 linker stubs

.iplt           0x08004204        0x0
 .iplt          0x08004204        0x0 c:/ac6/systemworkbench/plugins/fr.ac6.mcu.externaltools.arm-none.win32_1.17.0.201812190825/tools/compiler/bin/../lib/gcc/arm-none-eabi/7.3.1/thumb/v7e-m/fpv4-sp/hard/crtbegin.o

.rodata         0x08004204       0x20
                0x08004204                . = ALIGN (0x4)
 *(.rodata)
 .rodata        0x08004204        0x8 Drivers/STM32F4xx_HAL_Driver/Src/stm32f4xx_hal_dma.o
 .rodata        0x0800420c       0x18 Src/system_stm32f4xx.o
                0x0800420c                AHBPrescTable
                0x0800421c                APBPrescTable
 *(.rodata*)
                0x08004224                . = ALIGN (0x4)

.ARM.extab
 *(.ARM.extab* .gnu.linkonce.armextab.*)

.ARM            0x08004224        0x8
                0x08004224                __exidx_start = .
 *(.ARM.exidx*)
 .ARM.exidx     0x08004224        0x8 c:/ac6/systemworkbench/plugins/fr.ac6.mcu.externaltools.arm-none.win32_1.17.0.201812190825/tools/compiler/bin/../lib/gcc/arm-none-eabi/7.3.1/thumb/v7e-m/fpv4-sp/hard\libgcc.a(_udivmoddi4.o)
                0x0800422c                __exidx_end = .

.rel.dyn        0x0800422c        0x0
 .rel.iplt      0x0800422c        0x0 c:/ac6/systemworkbench/plugins/fr.ac6.mcu.externaltools.arm-none.win32_1.17.0.201812190825/tools/compiler/bin/../lib/gcc/arm-none-eabi/7.3.1/thumb/v7e-m/fpv4-sp/hard/crtbegin.o

.preinit_array  0x0800422c        0x0
                0x0800422c                PROVIDE (__preinit_array_start = .)
 *(.preinit_array*)
                0x0800422c                PROVIDE (__preinit_array_end = .)

.init_array     0x0800422c        0x4
                0x0800422c                PROVIDE (__init_array_start = .)
 *(SORT_BY_NAME(.init_array.*))
 *(.init_array*)
 .init_array    0x0800422c        0x4 c:/ac6/systemworkbench/plugins/fr.ac6.mcu.externaltools.arm-none.win32_1.17.0.201812190825/tools/compiler/bin/../lib/gcc/arm-none-eabi/7.3.1/thumb/v7e-m/fpv4-sp/hard/crtbegin.o
                0x08004230                PROVIDE (__init_array_end = .)

.fini_array     0x08004230        0x4
                [!provide]                PROVIDE (__fini_array_start = .)
 *(SORT_BY_NAME(.fini_array.*))
 *(.fini_array*)
 .fini_array    0x08004230        0x4 c:/ac6/systemworkbench/plugins/fr.ac6.mcu.externaltools.arm-none.win32_1.17.0.201812190825/tools/compiler/bin/../lib/gcc/arm-none-eabi/7.3.1/thumb/v7e-m/fpv4-sp/hard/crtbegin.o
                [!provide]                PROVIDE (__fini_array_end = .)
                0x08004234                _sidata = LOADADDR (.data)

.data           0x20000000        0xc load address 0x08004234
                0x20000000                . = ALIGN (0x4)
                0x20000000                _sdata = .
 *(.data)
 .data          0x20000000        0x8 Drivers/STM32F4xx_HAL_Driver/Src/stm32f4xx_hal.o
                0x20000000                uwTickFreq
                0x20000004                uwTickPrio
 .data          0x20000008        0x4 Src/system_stm32f4xx.o
                0x20000008                SystemCoreClock
 *(.data*)
                0x2000000c                . = ALIGN (0x4)
                0x2000000c                _edata = .
                0x08004240                _siccmram = LOADADDR (.ccmram)

.igot.plt       0x2000000c        0x0 load address 0x08004240
 .igot.plt      0x2000000c        0x0 c:/ac6/systemworkbench/plugins/fr.ac6.mcu.externaltools.arm-none.win32_1.17.0.201812190825/tools/compiler/bin/../lib/gcc/arm-none-eabi/7.3.1/thumb/v7e-m/fpv4-sp/hard/crtbegin.o

.ccmram         0x10000000        0x0 load address 0x08004240
                0x10000000                . = ALIGN (0x4)
                0x10000000                _sccmram = .
 *(.ccmram)
 *(.ccmram*)
                0x10000000                . = ALIGN (0x4)
                0x10000000                _eccmram = .
                0x10000000                . = ALIGN (0x4)

.bss            0x20000010      0x5a8
                0x20000010                _sbss = .
                0x20000010                __bss_start__ = _sbss
 *(.bss)
 .bss           0x20000010       0x1c c:/ac6/systemworkbench/plugins/fr.ac6.mcu.externaltools.arm-none.win32_1.17.0.201812190825/tools/compiler/bin/../lib/gcc/arm-none-eabi/7.3.1/thumb/v7e-m/fpv4-sp/hard/crtbegin.o
 .bss           0x2000002c       0x32 Src/Cntrl_Proc.o
                0x2000002c                freerun
 *fill*         0x2000005e        0x2 
 .bss           0x20000060       0x15 Src/battery.o
 *fill*         0x20000075        0x3 
 .bss           0x20000078        0xe Src/lidar.o
 *fill*         0x20000086        0x2 
 .bss           0x20000088       0x30 Src/lift.o
                0x20000094                max_diff_debug
 .bss           0x200000b8       0x4e Src/nuc.o
 *fill*         0x20000106        0x2 
 .bss           0x20000108       0x11 Src/task_charger_link.o
 *fill*         0x20000119        0x7 
 .bss           0x20000120       0x50 Src/turn.o
 .bss           0x20000170       0x16 Src/wheel.o
                0x20000173                flg_reset_run
                0x20000174                reset_st
                0x20000175                flg_motor_pulse_run_l
                0x20000176                flg_motor_pulse_run_r
                0x20000178                left_old
                0x2000017a                right_old
                0x2000017c                timer_count
                0x2000017e                encCtrW1_old
                0x20000180                encCtrW2_old
                0x20000182                left_buf
                0x20000184                right_buf
 *(.bss*)
 *(COMMON)
 *fill*         0x20000186        0x2 
 COMMON         0x20000188        0x4 Drivers/STM32F4xx_HAL_Driver/Src/stm32f4xx_hal.o
                0x20000188                uwTick
 COMMON         0x2000018c       0x80 Src/Cntrl_Proc.o
                0x2000018c                ID_buf
                0x20000190                ComBuf
                0x200001a4                utimer
 COMMON         0x2000020c      0x3ac Src/main.o
                0x2000020c                hdma_usart2_rx
                0x2000026c                hdma_usart3_rx
                0x200002cc                huart3
                0x2000030c                hi2c2
                0x20000360                hdma_usart3_tx
                0x200003c0                hdma_usart6_tx
                0x20000420                hdma_usart2_tx
                0x20000480                hdac
                0x20000494                htim9
                0x200004d4                hirda2
                0x20000510                huart6
                0x20000550                htim2
                0x20000590                hcan1
                0x200005b8                . = ALIGN (0x4)
                0x200005b8                _ebss = .
                0x200005b8                __bss_end__ = _ebss

._user_heap_stack
                0x200005b8      0x600
                0x200005b8                . = ALIGN (0x8)
                0x200005b8                PROVIDE (end = .)
                [!provide]                PROVIDE (_end = .)
                0x200007b8                . = (. + _Min_Heap_Size)
 *fill*         0x200005b8      0x200 
                0x20000bb8                . = (. + _Min_Stack_Size)
 *fill*         0x200007b8      0x400 
                0x20000bb8                . = ALIGN (0x8)

/DISCARD/
 libc.a(*)
 libm.a(*)
 libgcc.a(*)

.ARM.attributes
                0x00000000       0x30
 *(.ARM.attributes)
 .ARM.attributes
                0x00000000       0x22 c:/ac6/systemworkbench/plugins/fr.ac6.mcu.externaltools.arm-none.win32_1.17.0.201812190825/tools/compiler/bin/../lib/gcc/arm-none-eabi/7.3.1/thumb/v7e-m/fpv4-sp/hard/crti.o
 .ARM.attributes
                0x00000022       0x34 c:/ac6/systemworkbench/plugins/fr.ac6.mcu.externaltools.arm-none.win32_1.17.0.201812190825/tools/compiler/bin/../lib/gcc/arm-none-eabi/7.3.1/thumb/v7e-m/fpv4-sp/hard/crtbegin.o
 .ARM.attributes
                0x00000056       0x39 Drivers/STM32F4xx_HAL_Driver/Src/stm32f4xx_hal.o
 .ARM.attributes
                0x0000008f       0x39 Drivers/STM32F4xx_HAL_Driver/Src/stm32f4xx_hal_can.o
 .ARM.attributes
                0x000000c8       0x39 Drivers/STM32F4xx_HAL_Driver/Src/stm32f4xx_hal_cortex.o
 .ARM.attributes
                0x00000101       0x39 Drivers/STM32F4xx_HAL_Driver/Src/stm32f4xx_hal_dac.o
 .ARM.attributes
                0x0000013a       0x39 Drivers/STM32F4xx_HAL_Driver/Src/stm32f4xx_hal_dma.o
 .ARM.attributes
                0x00000173       0x39 Drivers/STM32F4xx_HAL_Driver/Src/stm32f4xx_hal_gpio.o
 .ARM.attributes
                0x000001ac       0x39 Drivers/STM32F4xx_HAL_Driver/Src/stm32f4xx_hal_i2c.o
 .ARM.attributes
                0x000001e5       0x39 Drivers/STM32F4xx_HAL_Driver/Src/stm32f4xx_hal_irda.o
 .ARM.attributes
                0x0000021e       0x39 Drivers/STM32F4xx_HAL_Driver/Src/stm32f4xx_hal_rcc.o
 .ARM.attributes
                0x00000257       0x39 Drivers/STM32F4xx_HAL_Driver/Src/stm32f4xx_hal_tim.o
 .ARM.attributes
                0x00000290       0x39 Drivers/STM32F4xx_HAL_Driver/Src/stm32f4xx_hal_tim_ex.o
 .ARM.attributes
                0x000002c9       0x39 Drivers/STM32F4xx_HAL_Driver/Src/stm32f4xx_hal_uart.o
 .ARM.attributes
                0x00000302       0x39 Src/Cntrl_Proc.o
 .ARM.attributes
                0x0000033b       0x39 Src/battery.o
 .ARM.attributes
                0x00000374       0x39 Src/charge.o
 .ARM.attributes
                0x000003ad       0x39 Src/lidar.o
 .ARM.attributes
                0x000003e6       0x39 Src/lift.o
 .ARM.attributes
                0x0000041f       0x39 Src/main.o
 .ARM.attributes
                0x00000458       0x39 Src/nuc.o
 .ARM.attributes
                0x00000491       0x39 Src/stm32f4xx_hal_msp.o
 .ARM.attributes
                0x000004ca       0x39 Src/stm32f4xx_it.o
 .ARM.attributes
                0x00000503       0x39 Src/system_stm32f4xx.o
 .ARM.attributes
                0x0000053c       0x39 Src/task_charger_link.o
 .ARM.attributes
                0x00000575       0x39 Src/turn.o
 .ARM.attributes
                0x000005ae       0x39 Src/wheel.o
 .ARM.attributes
                0x000005e7       0x21 startup/startup_stm32f407xx.o
 .ARM.attributes
                0x00000608       0x22 c:/ac6/systemworkbench/plugins/fr.ac6.mcu.externaltools.arm-none.win32_1.17.0.201812190825/tools/compiler/bin/../lib/gcc/arm-none-eabi/7.3.1/thumb/v7e-m/fpv4-sp/hard\libgcc.a(_aeabi_uldivmod.o)
 .ARM.attributes
                0x0000062a       0x34 c:/ac6/systemworkbench/plugins/fr.ac6.mcu.externaltools.arm-none.win32_1.17.0.201812190825/tools/compiler/bin/../lib/gcc/arm-none-eabi/7.3.1/thumb/v7e-m/fpv4-sp/hard\libgcc.a(_udivmoddi4.o)
 .ARM.attributes
                0x0000065e       0x22 c:/ac6/systemworkbench/plugins/fr.ac6.mcu.externaltools.arm-none.win32_1.17.0.201812190825/tools/compiler/bin/../lib/gcc/arm-none-eabi/7.3.1/thumb/v7e-m/fpv4-sp/hard\libgcc.a(_dvmd_tls.o)
 .ARM.attributes
                0x00000680       0x34 c:/ac6/systemworkbench/plugins/fr.ac6.mcu.externaltools.arm-none.win32_1.17.0.201812190825/tools/compiler/bin/../lib/gcc/arm-none-eabi/7.3.1/../../../../arm-none-eabi/lib/thumb/v7e-m/fpv4-sp/hard\libc_nano.a(lib_a-init.o)
 .ARM.attributes
                0x000006b4       0x34 c:/ac6/systemworkbench/plugins/fr.ac6.mcu.externaltools.arm-none.win32_1.17.0.201812190825/tools/compiler/bin/../lib/gcc/arm-none-eabi/7.3.1/../../../../arm-none-eabi/lib/thumb/v7e-m/fpv4-sp/hard\libc_nano.a(lib_a-memset.o)
 .ARM.attributes
                0x000006e8       0x22 c:/ac6/systemworkbench/plugins/fr.ac6.mcu.externaltools.arm-none.win32_1.17.0.201812190825/tools/compiler/bin/../lib/gcc/arm-none-eabi/7.3.1/thumb/v7e-m/fpv4-sp/hard/crtn.o
OUTPUT(TitraG1000.elf elf32-littlearm)

.debug_info     0x00000000    0x21acc
 .debug_info    0x00000000      0x9f1 Drivers/STM32F4xx_HAL_Driver/Src/stm32f4xx_hal.o
 .debug_info    0x000009f1     0x1143 Drivers/STM32F4xx_HAL_Driver/Src/stm32f4xx_hal_can.o
 .debug_info    0x00001b34      0xf8c Drivers/STM32F4xx_HAL_Driver/Src/stm32f4xx_hal_cortex.o
 .debug_info    0x00002ac0      0xb27 Drivers/STM32F4xx_HAL_Driver/Src/stm32f4xx_hal_dac.o
 .debug_info    0x000035e7      0xaad Drivers/STM32F4xx_HAL_Driver/Src/stm32f4xx_hal_dma.o
 .debug_info    0x00004094      0x7c2 Drivers/STM32F4xx_HAL_Driver/Src/stm32f4xx_hal_gpio.o
 .debug_info    0x00004856     0x3324 Drivers/STM32F4xx_HAL_Driver/Src/stm32f4xx_hal_i2c.o
 .debug_info    0x00007b7a     0x14b2 Drivers/STM32F4xx_HAL_Driver/Src/stm32f4xx_hal_irda.o
 .debug_info    0x0000902c      0xa94 Drivers/STM32F4xx_HAL_Driver/Src/stm32f4xx_hal_rcc.o
 .debug_info    0x00009ac0     0x31db Drivers/STM32F4xx_HAL_Driver/Src/stm32f4xx_hal_tim.o
 .debug_info    0x0000cc9b     0x14e9 Drivers/STM32F4xx_HAL_Driver/Src/stm32f4xx_hal_tim_ex.o
 .debug_info    0x0000e184     0x171d Drivers/STM32F4xx_HAL_Driver/Src/stm32f4xx_hal_uart.o
 .debug_info    0x0000f8a1     0x2330 Src/Cntrl_Proc.o
 .debug_info    0x00011bd1     0x159b Src/battery.o
 .debug_info    0x0001316c      0xd49 Src/charge.o
 .debug_info    0x00013eb5      0x834 Src/lidar.o
 .debug_info    0x000146e9     0x28d6 Src/lift.o
 .debug_info    0x00016fbf     0x26a3 Src/main.o
 .debug_info    0x00019662     0x1900 Src/nuc.o
 .debug_info    0x0001af62     0x1db1 Src/stm32f4xx_hal_msp.o
 .debug_info    0x0001cd13      0xb76 Src/stm32f4xx_it.o
 .debug_info    0x0001d889      0x559 Src/system_stm32f4xx.o
 .debug_info    0x0001dde2      0x9d8 Src/task_charger_link.o
 .debug_info    0x0001e7ba     0x17fb Src/turn.o
 .debug_info    0x0001ffb5     0x1b17 Src/wheel.o

.debug_abbrev   0x00000000     0x3ee9
 .debug_abbrev  0x00000000      0x1ed Drivers/STM32F4xx_HAL_Driver/Src/stm32f4xx_hal.o
 .debug_abbrev  0x000001ed      0x261 Drivers/STM32F4xx_HAL_Driver/Src/stm32f4xx_hal_can.o
 .debug_abbrev  0x0000044e      0x328 Drivers/STM32F4xx_HAL_Driver/Src/stm32f4xx_hal_cortex.o
 .debug_abbrev  0x00000776      0x203 Drivers/STM32F4xx_HAL_Driver/Src/stm32f4xx_hal_dac.o
 .debug_abbrev  0x00000979      0x290 Drivers/STM32F4xx_HAL_Driver/Src/stm32f4xx_hal_dma.o
 .debug_abbrev  0x00000c09      0x1e7 Drivers/STM32F4xx_HAL_Driver/Src/stm32f4xx_hal_gpio.o
 .debug_abbrev  0x00000df0      0x275 Drivers/STM32F4xx_HAL_Driver/Src/stm32f4xx_hal_i2c.o
 .debug_abbrev  0x00001065      0x288 Drivers/STM32F4xx_HAL_Driver/Src/stm32f4xx_hal_irda.o
 .debug_abbrev  0x000012ed      0x273 Drivers/STM32F4xx_HAL_Driver/Src/stm32f4xx_hal_rcc.o
 .debug_abbrev  0x00001560      0x226 Drivers/STM32F4xx_HAL_Driver/Src/stm32f4xx_hal_tim.o
 .debug_abbrev  0x00001786      0x237 Drivers/STM32F4xx_HAL_Driver/Src/stm32f4xx_hal_tim_ex.o
 .debug_abbrev  0x000019bd      0x288 Drivers/STM32F4xx_HAL_Driver/Src/stm32f4xx_hal_uart.o
 .debug_abbrev  0x00001c45      0x3ae Src/Cntrl_Proc.o
 .debug_abbrev  0x00001ff3      0x38c Src/battery.o
 .debug_abbrev  0x0000237f      0x19e Src/charge.o
 .debug_abbrev  0x0000251d      0x1e4 Src/lidar.o
 .debug_abbrev  0x00002701      0x33e Src/lift.o
 .debug_abbrev  0x00002a3f      0x2b6 Src/main.o
 .debug_abbrev  0x00002cf5      0x39b Src/nuc.o
 .debug_abbrev  0x00003090      0x251 Src/stm32f4xx_hal_msp.o
 .debug_abbrev  0x000032e1      0x1cc Src/stm32f4xx_it.o
 .debug_abbrev  0x000034ad      0x12b Src/system_stm32f4xx.o
 .debug_abbrev  0x000035d8      0x201 Src/task_charger_link.o
 .debug_abbrev  0x000037d9      0x388 Src/turn.o
 .debug_abbrev  0x00003b61      0x388 Src/wheel.o

.debug_loc      0x00000000     0xf899
 .debug_loc     0x00000000      0x11b Drivers/STM32F4xx_HAL_Driver/Src/stm32f4xx_hal.o
 .debug_loc     0x0000011b      0xc47 Drivers/STM32F4xx_HAL_Driver/Src/stm32f4xx_hal_can.o
 .debug_loc     0x00000d62      0x5ce Drivers/STM32F4xx_HAL_Driver/Src/stm32f4xx_hal_cortex.o
 .debug_loc     0x00001330      0x756 Drivers/STM32F4xx_HAL_Driver/Src/stm32f4xx_hal_dac.o
 .debug_loc     0x00001a86      0xb4e Drivers/STM32F4xx_HAL_Driver/Src/stm32f4xx_hal_dma.o
 .debug_loc     0x000025d4      0x476 Drivers/STM32F4xx_HAL_Driver/Src/stm32f4xx_hal_gpio.o
 .debug_loc     0x00002a4a     0x3718 Drivers/STM32F4xx_HAL_Driver/Src/stm32f4xx_hal_i2c.o
 .debug_loc     0x00006162     0x1228 Drivers/STM32F4xx_HAL_Driver/Src/stm32f4xx_hal_irda.o
 .debug_loc     0x0000738a      0x40f Drivers/STM32F4xx_HAL_Driver/Src/stm32f4xx_hal_rcc.o
 .debug_loc     0x00007799     0x3888 Drivers/STM32F4xx_HAL_Driver/Src/stm32f4xx_hal_tim.o
 .debug_loc     0x0000b021     0x11a0 Drivers/STM32F4xx_HAL_Driver/Src/stm32f4xx_hal_tim_ex.o
 .debug_loc     0x0000c1c1     0x1599 Drivers/STM32F4xx_HAL_Driver/Src/stm32f4xx_hal_uart.o
 .debug_loc     0x0000d75a      0x81b Src/Cntrl_Proc.o
 .debug_loc     0x0000df75      0x39e Src/battery.o
 .debug_loc     0x0000e313       0xb7 Src/charge.o
 .debug_loc     0x0000e3ca      0x110 Src/lidar.o
 .debug_loc     0x0000e4da      0x2bd Src/lift.o
 .debug_loc     0x0000e797       0x70 Src/main.o
 .debug_loc     0x0000e807      0x2de Src/nuc.o
 .debug_loc     0x0000eae5      0x2a6 Src/stm32f4xx_hal_msp.o
 .debug_loc     0x0000ed8b      0x13e Src/system_stm32f4xx.o
 .debug_loc     0x0000eec9       0x84 Src/task_charger_link.o
 .debug_loc     0x0000ef4d      0x46a Src/turn.o
 .debug_loc     0x0000f3b7      0x4e2 Src/wheel.o

.debug_aranges  0x00000000     0x1c10
 .debug_aranges
                0x00000000       0xf0 Drivers/STM32F4xx_HAL_Driver/Src/stm32f4xx_hal.o
 .debug_aranges
                0x000000f0      0x138 Drivers/STM32F4xx_HAL_Driver/Src/stm32f4xx_hal_can.o
 .debug_aranges
                0x00000228       0xa8 Drivers/STM32F4xx_HAL_Driver/Src/stm32f4xx_hal_cortex.o
 .debug_aranges
                0x000002d0       0xc0 Drivers/STM32F4xx_HAL_Driver/Src/stm32f4xx_hal_dac.o
 .debug_aranges
                0x00000390       0x90 Drivers/STM32F4xx_HAL_Driver/Src/stm32f4xx_hal_dma.o
 .debug_aranges
                0x00000420       0x58 Drivers/STM32F4xx_HAL_Driver/Src/stm32f4xx_hal_gpio.o
 .debug_aranges
                0x00000478      0x298 Drivers/STM32F4xx_HAL_Driver/Src/stm32f4xx_hal_i2c.o
 .debug_aranges
                0x00000710      0x190 Drivers/STM32F4xx_HAL_Driver/Src/stm32f4xx_hal_irda.o
 .debug_aranges
                0x000008a0       0x88 Drivers/STM32F4xx_HAL_Driver/Src/stm32f4xx_hal_rcc.o
 .debug_aranges
                0x00000928      0x3a8 Drivers/STM32F4xx_HAL_Driver/Src/stm32f4xx_hal_tim.o
 .debug_aranges
                0x00000cd0      0x150 Drivers/STM32F4xx_HAL_Driver/Src/stm32f4xx_hal_tim_ex.o
 .debug_aranges
                0x00000e20      0x1d0 Drivers/STM32F4xx_HAL_Driver/Src/stm32f4xx_hal_uart.o
 .debug_aranges
                0x00000ff0      0x2e0 Src/Cntrl_Proc.o
 .debug_aranges
                0x000012d0       0xb0 Src/battery.o
 .debug_aranges
                0x00001380       0x70 Src/charge.o
 .debug_aranges
                0x000013f0       0xa0 Src/lidar.o
 .debug_aranges
                0x00001490      0x210 Src/lift.o
 .debug_aranges
                0x000016a0       0x88 Src/main.o
 .debug_aranges
                0x00001728      0x128 Src/nuc.o
 .debug_aranges
                0x00001850       0x88 Src/stm32f4xx_hal_msp.o
 .debug_aranges
                0x000018d8       0x98 Src/stm32f4xx_it.o
 .debug_aranges
                0x00001970       0x28 Src/system_stm32f4xx.o
 .debug_aranges
                0x00001998       0xb0 Src/task_charger_link.o
 .debug_aranges
                0x00001a48       0xd0 Src/turn.o
 .debug_aranges
                0x00001b18       0xf8 Src/wheel.o

.debug_ranges   0x00000000     0x1bb8
 .debug_ranges  0x00000000       0xe0 Drivers/STM32F4xx_HAL_Driver/Src/stm32f4xx_hal.o
 .debug_ranges  0x000000e0      0x128 Drivers/STM32F4xx_HAL_Driver/Src/stm32f4xx_hal_can.o
 .debug_ranges  0x00000208       0xf8 Drivers/STM32F4xx_HAL_Driver/Src/stm32f4xx_hal_cortex.o
 .debug_ranges  0x00000300       0xb0 Drivers/STM32F4xx_HAL_Driver/Src/stm32f4xx_hal_dac.o
 .debug_ranges  0x000003b0       0x80 Drivers/STM32F4xx_HAL_Driver/Src/stm32f4xx_hal_dma.o
 .debug_ranges  0x00000430       0x48 Drivers/STM32F4xx_HAL_Driver/Src/stm32f4xx_hal_gpio.o
 .debug_ranges  0x00000478      0x2a0 Drivers/STM32F4xx_HAL_Driver/Src/stm32f4xx_hal_i2c.o
 .debug_ranges  0x00000718      0x180 Drivers/STM32F4xx_HAL_Driver/Src/stm32f4xx_hal_irda.o
 .debug_ranges  0x00000898       0x90 Drivers/STM32F4xx_HAL_Driver/Src/stm32f4xx_hal_rcc.o
 .debug_ranges  0x00000928      0x398 Drivers/STM32F4xx_HAL_Driver/Src/stm32f4xx_hal_tim.o
 .debug_ranges  0x00000cc0      0x140 Drivers/STM32F4xx_HAL_Driver/Src/stm32f4xx_hal_tim_ex.o
 .debug_ranges  0x00000e00      0x1c0 Drivers/STM32F4xx_HAL_Driver/Src/stm32f4xx_hal_uart.o
 .debug_ranges  0x00000fc0      0x318 Src/Cntrl_Proc.o
 .debug_ranges  0x000012d8       0xa0 Src/battery.o
 .debug_ranges  0x00001378       0x60 Src/charge.o
 .debug_ranges  0x000013d8       0xa8 Src/lidar.o
 .debug_ranges  0x00001480      0x200 Src/lift.o
 .debug_ranges  0x00001680       0x78 Src/main.o
 .debug_ranges  0x000016f8      0x148 Src/nuc.o
 .debug_ranges  0x00001840       0x78 Src/stm32f4xx_hal_msp.o
 .debug_ranges  0x000018b8       0x88 Src/stm32f4xx_it.o
 .debug_ranges  0x00001940       0x18 Src/system_stm32f4xx.o
 .debug_ranges  0x00001958       0xa0 Src/task_charger_link.o
 .debug_ranges  0x000019f8       0xd8 Src/turn.o
 .debug_ranges  0x00001ad0       0xe8 Src/wheel.o

.debug_macro    0x00000000    0x247fd
 .debug_macro   0x00000000      0x275 Drivers/STM32F4xx_HAL_Driver/Src/stm32f4xx_hal.o
 .debug_macro   0x00000275      0xa60 Drivers/STM32F4xx_HAL_Driver/Src/stm32f4xx_hal.o
 .debug_macro   0x00000cd5      0x1a2 Drivers/STM32F4xx_HAL_Driver/Src/stm32f4xx_hal.o
 .debug_macro   0x00000e77       0x32 Drivers/STM32F4xx_HAL_Driver/Src/stm32f4xx_hal.o
 .debug_macro   0x00000ea9       0x2f Drivers/STM32F4xx_HAL_Driver/Src/stm32f4xx_hal.o
 .debug_macro   0x00000ed8       0x22 Drivers/STM32F4xx_HAL_Driver/Src/stm32f4xx_hal.o
 .debug_macro   0x00000efa       0x8e Drivers/STM32F4xx_HAL_Driver/Src/stm32f4xx_hal.o
 .debug_macro   0x00000f88       0x51 Drivers/STM32F4xx_HAL_Driver/Src/stm32f4xx_hal.o
 .debug_macro   0x00000fd9       0xef Drivers/STM32F4xx_HAL_Driver/Src/stm32f4xx_hal.o
 .debug_macro   0x000010c8       0x6a Drivers/STM32F4xx_HAL_Driver/Src/stm32f4xx_hal.o
 .debug_macro   0x00001132      0x1df Drivers/STM32F4xx_HAL_Driver/Src/stm32f4xx_hal.o
 .debug_macro   0x00001311       0x1c Drivers/STM32F4xx_HAL_Driver/Src/stm32f4xx_hal.o
 .debug_macro   0x0000132d       0x22 Drivers/STM32F4xx_HAL_Driver/Src/stm32f4xx_hal.o
 .debug_macro   0x0000134f       0xdf Drivers/STM32F4xx_HAL_Driver/Src/stm32f4xx_hal.o
 .debug_macro   0x0000142e     0x102d Drivers/STM32F4xx_HAL_Driver/Src/stm32f4xx_hal.o
 .debug_macro   0x0000245b      0x11f Drivers/STM32F4xx_HAL_Driver/Src/stm32f4xx_hal.o
 .debug_macro   0x0000257a    0x15e3c Drivers/STM32F4xx_HAL_Driver/Src/stm32f4xx_hal.o
 .debug_macro   0x000183b6       0x43 Drivers/STM32F4xx_HAL_Driver/Src/stm32f4xx_hal.o
 .debug_macro   0x000183f9     0x3652 Drivers/STM32F4xx_HAL_Driver/Src/stm32f4xx_hal.o
 .debug_macro   0x0001ba4b      0x174 Drivers/STM32F4xx_HAL_Driver/Src/stm32f4xx_hal.o
 .debug_macro   0x0001bbbf       0x4e Drivers/STM32F4xx_HAL_Driver/Src/stm32f4xx_hal.o
 .debug_macro   0x0001bc0d      0x96b Drivers/STM32F4xx_HAL_Driver/Src/stm32f4xx_hal.o
 .debug_macro   0x0001c578      0x9fe Drivers/STM32F4xx_HAL_Driver/Src/stm32f4xx_hal.o
 .debug_macro   0x0001cf76      0x174 Drivers/STM32F4xx_HAL_Driver/Src/stm32f4xx_hal.o
 .debug_macro   0x0001d0ea      0x117 Drivers/STM32F4xx_HAL_Driver/Src/stm32f4xx_hal.o
 .debug_macro   0x0001d201      0x13e Drivers/STM32F4xx_HAL_Driver/Src/stm32f4xx_hal.o
 .debug_macro   0x0001d33f       0x27 Drivers/STM32F4xx_HAL_Driver/Src/stm32f4xx_hal.o
 .debug_macro   0x0001d366      0x287 Drivers/STM32F4xx_HAL_Driver/Src/stm32f4xx_hal.o
 .debug_macro   0x0001d5ed       0x5f Drivers/STM32F4xx_HAL_Driver/Src/stm32f4xx_hal.o
 .debug_macro   0x0001d64c      0x236 Drivers/STM32F4xx_HAL_Driver/Src/stm32f4xx_hal.o
 .debug_macro   0x0001d882      0x40f Drivers/STM32F4xx_HAL_Driver/Src/stm32f4xx_hal.o
 .debug_macro   0x0001dc91       0xea Drivers/STM32F4xx_HAL_Driver/Src/stm32f4xx_hal.o
 .debug_macro   0x0001dd7b       0xa0 Drivers/STM32F4xx_HAL_Driver/Src/stm32f4xx_hal.o
 .debug_macro   0x0001de1b       0x3c Drivers/STM32F4xx_HAL_Driver/Src/stm32f4xx_hal.o
 .debug_macro   0x0001de57      0x12c Drivers/STM32F4xx_HAL_Driver/Src/stm32f4xx_hal.o
 .debug_macro   0x0001df83      0x21e Drivers/STM32F4xx_HAL_Driver/Src/stm32f4xx_hal.o
 .debug_macro   0x0001e1a1       0x2e Drivers/STM32F4xx_HAL_Driver/Src/stm32f4xx_hal.o
 .debug_macro   0x0001e1cf      0x1b5 Drivers/STM32F4xx_HAL_Driver/Src/stm32f4xx_hal.o
 .debug_macro   0x0001e384       0xd6 Drivers/STM32F4xx_HAL_Driver/Src/stm32f4xx_hal.o
 .debug_macro   0x0001e45a      0x11a Drivers/STM32F4xx_HAL_Driver/Src/stm32f4xx_hal.o
 .debug_macro   0x0001e574       0x7e Drivers/STM32F4xx_HAL_Driver/Src/stm32f4xx_hal.o
 .debug_macro   0x0001e5f2       0x89 Drivers/STM32F4xx_HAL_Driver/Src/stm32f4xx_hal.o
 .debug_macro   0x0001e67b      0x8a0 Drivers/STM32F4xx_HAL_Driver/Src/stm32f4xx_hal.o
 .debug_macro   0x0001ef1b       0x47 Drivers/STM32F4xx_HAL_Driver/Src/stm32f4xx_hal.o
 .debug_macro   0x0001ef62      0x287 Drivers/STM32F4xx_HAL_Driver/Src/stm32f4xx_hal.o
 .debug_macro   0x0001f1e9      0x1b5 Drivers/STM32F4xx_HAL_Driver/Src/stm32f4xx_hal.o
 .debug_macro   0x0001f39e      0x12d Drivers/STM32F4xx_HAL_Driver/Src/stm32f4xx_hal.o
 .debug_macro   0x0001f4cb      0x21d Drivers/STM32F4xx_HAL_Driver/Src/stm32f4xx_hal_can.o
 .debug_macro   0x0001f6e8      0x215 Drivers/STM32F4xx_HAL_Driver/Src/stm32f4xx_hal_cortex.o
 .debug_macro   0x0001f8fd      0x216 Drivers/STM32F4xx_HAL_Driver/Src/stm32f4xx_hal_dac.o
 .debug_macro   0x0001fb13      0x21b Drivers/STM32F4xx_HAL_Driver/Src/stm32f4xx_hal_dma.o
 .debug_macro   0x0001fd2e      0x24b Drivers/STM32F4xx_HAL_Driver/Src/stm32f4xx_hal_gpio.o
 .debug_macro   0x0001ff79      0x255 Drivers/STM32F4xx_HAL_Driver/Src/stm32f4xx_hal_i2c.o
 .debug_macro   0x000201ce      0x216 Drivers/STM32F4xx_HAL_Driver/Src/stm32f4xx_hal_irda.o
 .debug_macro   0x000203e4      0x239 Drivers/STM32F4xx_HAL_Driver/Src/stm32f4xx_hal_rcc.o
 .debug_macro   0x0002061d      0x216 Drivers/STM32F4xx_HAL_Driver/Src/stm32f4xx_hal_tim.o
 .debug_macro   0x00020833      0x215 Drivers/STM32F4xx_HAL_Driver/Src/stm32f4xx_hal_tim_ex.o
 .debug_macro   0x00020a48      0x216 Drivers/STM32F4xx_HAL_Driver/Src/stm32f4xx_hal_uart.o
 .debug_macro   0x00020c5e      0x3d5 Src/Cntrl_Proc.o
 .debug_macro   0x00021033      0x577 Src/Cntrl_Proc.o
 .debug_macro   0x000215aa      0x114 Src/Cntrl_Proc.o
 .debug_macro   0x000216be      0x19c Src/Cntrl_Proc.o
 .debug_macro   0x0002185a       0xa0 Src/Cntrl_Proc.o
 .debug_macro   0x000218fa       0x5e Src/Cntrl_Proc.o
 .debug_macro   0x00021958      0x32a Src/Cntrl_Proc.o
 .debug_macro   0x00021c82       0x25 Src/Cntrl_Proc.o
 .debug_macro   0x00021ca7      0x118 Src/Cntrl_Proc.o
 .debug_macro   0x00021dbf       0x16 Src/Cntrl_Proc.o
 .debug_macro   0x00021dd5       0x40 Src/Cntrl_Proc.o
 .debug_macro   0x00021e15       0x94 Src/Cntrl_Proc.o
 .debug_macro   0x00021ea9       0x1c Src/Cntrl_Proc.o
 .debug_macro   0x00021ec5       0x3a Src/Cntrl_Proc.o
 .debug_macro   0x00021eff       0x22 Src/Cntrl_Proc.o
 .debug_macro   0x00021f21       0x10 Src/Cntrl_Proc.o
 .debug_macro   0x00021f31       0x40 Src/Cntrl_Proc.o
 .debug_macro   0x00021f71       0x4c Src/Cntrl_Proc.o
 .debug_macro   0x00021fbd      0x349 Src/battery.o
 .debug_macro   0x00022306       0x18 Src/battery.o
 .debug_macro   0x0002231e       0x35 Src/battery.o
 .debug_macro   0x00022353       0x34 Src/battery.o
 .debug_macro   0x00022387       0x58 Src/battery.o
 .debug_macro   0x000223df       0x1f Src/battery.o
 .debug_macro   0x000223fe       0x43 Src/battery.o
 .debug_macro   0x00022441       0x20 Src/battery.o
 .debug_macro   0x00022461      0x18e Src/battery.o
 .debug_macro   0x000225ef       0x10 Src/battery.o
 .debug_macro   0x000225ff       0x35 Src/battery.o
 .debug_macro   0x00022634      0x29f Src/charge.o
 .debug_macro   0x000228d3      0x27e Src/lidar.o
 .debug_macro   0x00022b51      0x49e Src/lift.o
 .debug_macro   0x00022fef       0x16 Src/lift.o
 .debug_macro   0x00023005       0x16 Src/lift.o
 .debug_macro   0x0002301b       0x29 Src/lift.o
 .debug_macro   0x00023044      0x2ac Src/main.o
 .debug_macro   0x000232f0       0x34 Src/main.o
 .debug_macro   0x00023324       0x40 Src/main.o
 .debug_macro   0x00023364      0x331 Src/nuc.o
 .debug_macro   0x00023695      0x224 Src/stm32f4xx_hal_msp.o
 .debug_macro   0x000238b9      0x22e Src/stm32f4xx_it.o
 .debug_macro   0x00023ae7      0x21b Src/system_stm32f4xx.o
 .debug_macro   0x00023d02      0x245 Src/task_charger_link.o
 .debug_macro   0x00023f47      0x383 Src/turn.o
 .debug_macro   0x000242ca      0x1e1 Src/turn.o
 .debug_macro   0x000244ab      0x352 Src/wheel.o

.debug_line     0x00000000    0x13129
 .debug_line    0x00000000      0x92a Drivers/STM32F4xx_HAL_Driver/Src/stm32f4xx_hal.o
 .debug_line    0x0000092a      0xc14 Drivers/STM32F4xx_HAL_Driver/Src/stm32f4xx_hal_can.o
 .debug_line    0x0000153e      0x97c Drivers/STM32F4xx_HAL_Driver/Src/stm32f4xx_hal_cortex.o
 .debug_line    0x00001eba      0x9b9 Drivers/STM32F4xx_HAL_Driver/Src/stm32f4xx_hal_dac.o
 .debug_line    0x00002873      0xa52 Drivers/STM32F4xx_HAL_Driver/Src/stm32f4xx_hal_dma.o
 .debug_line    0x000032c5      0x8b2 Drivers/STM32F4xx_HAL_Driver/Src/stm32f4xx_hal_gpio.o
 .debug_line    0x00003b77     0x1cb9 Drivers/STM32F4xx_HAL_Driver/Src/stm32f4xx_hal_i2c.o
 .debug_line    0x00005830      0xe7b Drivers/STM32F4xx_HAL_Driver/Src/stm32f4xx_hal_irda.o
 .debug_line    0x000066ab      0x9bb Drivers/STM32F4xx_HAL_Driver/Src/stm32f4xx_hal_rcc.o
 .debug_line    0x00007066     0x1915 Drivers/STM32F4xx_HAL_Driver/Src/stm32f4xx_hal_tim.o
 .debug_line    0x0000897b      0xd65 Drivers/STM32F4xx_HAL_Driver/Src/stm32f4xx_hal_tim_ex.o
 .debug_line    0x000096e0     0x1079 Drivers/STM32F4xx_HAL_Driver/Src/stm32f4xx_hal_uart.o
 .debug_line    0x0000a759     0x121a Src/Cntrl_Proc.o
 .debug_line    0x0000b973      0x9ed Src/battery.o
 .debug_line    0x0000c360      0x901 Src/charge.o
 .debug_line    0x0000cc61      0x8ca Src/lidar.o
 .debug_line    0x0000d52b      0xfd4 Src/lift.o
 .debug_line    0x0000e4ff      0x9f7 Src/main.o
 .debug_line    0x0000eef6      0xb97 Src/nuc.o
 .debug_line    0x0000fa8d      0x909 Src/stm32f4xx_hal_msp.o
 .debug_line    0x00010396      0x835 Src/stm32f4xx_it.o
 .debug_line    0x00010bcb      0x748 Src/system_stm32f4xx.o
 .debug_line    0x00011313      0x8e2 Src/task_charger_link.o
 .debug_line    0x00011bf5      0xa46 Src/turn.o
 .debug_line    0x0001263b      0xaee Src/wheel.o

.debug_str      0x00000000    0xd6416
 .debug_str     0x00000000    0xc8975 Drivers/STM32F4xx_HAL_Driver/Src/stm32f4xx_hal.o
                              0xc8cfc (size before relaxing)
 .debug_str     0x000c8975      0x7b3 Drivers/STM32F4xx_HAL_Driver/Src/stm32f4xx_hal_can.o
                              0xc88ed (size before relaxing)
 .debug_str     0x000c9128      0x3a8 Drivers/STM32F4xx_HAL_Driver/Src/stm32f4xx_hal_cortex.o
                              0xc8aa6 (size before relaxing)
 .debug_str     0x000c94d0      0x57a Drivers/STM32F4xx_HAL_Driver/Src/stm32f4xx_hal_dac.o
                              0xc864e (size before relaxing)
 .debug_str     0x000c9a4a      0x2f6 Drivers/STM32F4xx_HAL_Driver/Src/stm32f4xx_hal_dma.o
                              0xc860b (size before relaxing)
 .debug_str     0x000c9d40      0x285 Drivers/STM32F4xx_HAL_Driver/Src/stm32f4xx_hal_gpio.o
                              0xc8429 (size before relaxing)
 .debug_str     0x000c9fc5      0xd0e Drivers/STM32F4xx_HAL_Driver/Src/stm32f4xx_hal_i2c.o
                              0xc9198 (size before relaxing)
 .debug_str     0x000cacd3      0x5f5 Drivers/STM32F4xx_HAL_Driver/Src/stm32f4xx_hal_irda.o
                              0xc899a (size before relaxing)
 .debug_str     0x000cb2c8      0x34f Drivers/STM32F4xx_HAL_Driver/Src/stm32f4xx_hal_rcc.o
                              0xc85fe (size before relaxing)
 .debug_str     0x000cb617      0xf21 Drivers/STM32F4xx_HAL_Driver/Src/stm32f4xx_hal_tim.o
                              0xc9349 (size before relaxing)
 .debug_str     0x000cc538      0x4d4 Drivers/STM32F4xx_HAL_Driver/Src/stm32f4xx_hal_tim_ex.o
                              0xc8b61 (size before relaxing)
 .debug_str     0x000cca0c      0x5fd Drivers/STM32F4xx_HAL_Driver/Src/stm32f4xx_hal_uart.o
                              0xc8aad (size before relaxing)
 .debug_str     0x000cd009     0x4e04 Src/Cntrl_Proc.o
                              0xcd658 (size before relaxing)
 .debug_str     0x000d1e0d     0x198a Src/battery.o
                              0xcd106 (size before relaxing)
 .debug_str     0x000d3797      0x37a Src/charge.o
                              0xca983 (size before relaxing)
 .debug_str     0x000d3b11      0x26f Src/lidar.o
                              0xca49a (size before relaxing)
 .debug_str     0x000d3d80      0xcb6 Src/lift.o
                              0xce22f (size before relaxing)
 .debug_str     0x000d4a36      0x5b7 Src/main.o
                              0xcc4a0 (size before relaxing)
 .debug_str     0x000d4fed      0x30d Src/nuc.o
                              0xcdd7b (size before relaxing)
 .debug_str     0x000d52fa       0x25 Src/stm32f4xx_hal_msp.o
                              0xcac62 (size before relaxing)
 .debug_str     0x000d531f      0x156 Src/stm32f4xx_it.o
                              0xc9fbb (size before relaxing)
 .debug_str     0x000d5475       0x5a Src/system_stm32f4xx.o
                              0xc81e5 (size before relaxing)
 .debug_str     0x000d54cf       0xc1 Src/task_charger_link.o
                              0xca278 (size before relaxing)
 .debug_str     0x000d5590      0xb61 Src/turn.o
                              0xce115 (size before relaxing)
 .debug_str     0x000d60f1      0x325 Src/wheel.o
                              0xcd5bc (size before relaxing)

.comment        0x00000000       0x7f
 .comment       0x00000000       0x7f Drivers/STM32F4xx_HAL_Driver/Src/stm32f4xx_hal.o
                                 0x80 (size before relaxing)
 .comment       0x0000007f       0x80 Drivers/STM32F4xx_HAL_Driver/Src/stm32f4xx_hal_can.o
 .comment       0x0000007f       0x80 Drivers/STM32F4xx_HAL_Driver/Src/stm32f4xx_hal_cortex.o
 .comment       0x0000007f       0x80 Drivers/STM32F4xx_HAL_Driver/Src/stm32f4xx_hal_dac.o
 .comment       0x0000007f       0x80 Drivers/STM32F4xx_HAL_Driver/Src/stm32f4xx_hal_dma.o
 .comment       0x0000007f       0x80 Drivers/STM32F4xx_HAL_Driver/Src/stm32f4xx_hal_gpio.o
 .comment       0x0000007f       0x80 Drivers/STM32F4xx_HAL_Driver/Src/stm32f4xx_hal_i2c.o
 .comment       0x0000007f       0x80 Drivers/STM32F4xx_HAL_Driver/Src/stm32f4xx_hal_irda.o
 .comment       0x0000007f       0x80 Drivers/STM32F4xx_HAL_Driver/Src/stm32f4xx_hal_rcc.o
 .comment       0x0000007f       0x80 Drivers/STM32F4xx_HAL_Driver/Src/stm32f4xx_hal_tim.o
 .comment       0x0000007f       0x80 Drivers/STM32F4xx_HAL_Driver/Src/stm32f4xx_hal_tim_ex.o
 .comment       0x0000007f       0x80 Drivers/STM32F4xx_HAL_Driver/Src/stm32f4xx_hal_uart.o
 .comment       0x0000007f       0x80 Src/Cntrl_Proc.o
 .comment       0x0000007f       0x80 Src/battery.o
 .comment       0x0000007f       0x80 Src/charge.o
 .comment       0x0000007f       0x80 Src/lidar.o
 .comment       0x0000007f       0x80 Src/lift.o
 .comment       0x0000007f       0x80 Src/main.o
 .comment       0x0000007f       0x80 Src/nuc.o
 .comment       0x0000007f       0x80 Src/stm32f4xx_hal_msp.o
 .comment       0x0000007f       0x80 Src/stm32f4xx_it.o
 .comment       0x0000007f       0x80 Src/system_stm32f4xx.o
 .comment       0x0000007f       0x80 Src/task_charger_link.o
 .comment       0x0000007f       0x80 Src/turn.o
 .comment       0x0000007f       0x80 Src/wheel.o

.debug_frame    0x00000000     0x4a48
 .debug_frame   0x00000000      0x1ec Drivers/STM32F4xx_HAL_Driver/Src/stm32f4xx_hal.o
 .debug_frame   0x000001ec      0x2e4 Drivers/STM32F4xx_HAL_Driver/Src/stm32f4xx_hal_can.o
 .debug_frame   0x000004d0      0x15c Drivers/STM32F4xx_HAL_Driver/Src/stm32f4xx_hal_cortex.o
 .debug_frame   0x0000062c      0x1f0 Drivers/STM32F4xx_HAL_Driver/Src/stm32f4xx_hal_dac.o
 .debug_frame   0x0000081c      0x188 Drivers/STM32F4xx_HAL_Driver/Src/stm32f4xx_hal_dma.o
 .debug_frame   0x000009a4       0xd8 Drivers/STM32F4xx_HAL_Driver/Src/stm32f4xx_hal_gpio.o
 .debug_frame   0x00000a7c      0x91c Drivers/STM32F4xx_HAL_Driver/Src/stm32f4xx_hal_i2c.o
 .debug_frame   0x00001398      0x43c Drivers/STM32F4xx_HAL_Driver/Src/stm32f4xx_hal_irda.o
 .debug_frame   0x000017d4      0x184 Drivers/STM32F4xx_HAL_Driver/Src/stm32f4xx_hal_rcc.o
 .debug_frame   0x00001958      0xa7c Drivers/STM32F4xx_HAL_Driver/Src/stm32f4xx_hal_tim.o
 .debug_frame   0x000023d4      0x3b4 Drivers/STM32F4xx_HAL_Driver/Src/stm32f4xx_hal_tim_ex.o
 .debug_frame   0x00002788      0x4f0 Drivers/STM32F4xx_HAL_Driver/Src/stm32f4xx_hal_uart.o
 .debug_frame   0x00002c78      0x6cc Src/Cntrl_Proc.o
 .debug_frame   0x00003344      0x188 Src/battery.o
 .debug_frame   0x000034cc       0xe8 Src/charge.o
 .debug_frame   0x000035b4      0x14c Src/lidar.o
 .debug_frame   0x00003700      0x50c Src/lift.o
 .debug_frame   0x00003c0c      0x190 Src/main.o
 .debug_frame   0x00003d9c      0x29c Src/nuc.o
 .debug_frame   0x00004038      0x198 Src/stm32f4xx_hal_msp.o
 .debug_frame   0x000041d0      0x150 Src/stm32f4xx_it.o
 .debug_frame   0x00004320       0x30 Src/system_stm32f4xx.o
 .debug_frame   0x00004350      0x178 Src/task_charger_link.o
 .debug_frame   0x000044c8      0x250 Src/turn.o
 .debug_frame   0x00004718      0x284 Src/wheel.o
 .debug_frame   0x0000499c       0x2c c:/ac6/systemworkbench/plugins/fr.ac6.mcu.externaltools.arm-none.win32_1.17.0.201812190825/tools/compiler/bin/../lib/gcc/arm-none-eabi/7.3.1/thumb/v7e-m/fpv4-sp/hard\libgcc.a(_aeabi_uldivmod.o)
 .debug_frame   0x000049c8       0x34 c:/ac6/systemworkbench/plugins/fr.ac6.mcu.externaltools.arm-none.win32_1.17.0.201812190825/tools/compiler/bin/../lib/gcc/arm-none-eabi/7.3.1/thumb/v7e-m/fpv4-sp/hard\libgcc.a(_udivmoddi4.o)
 .debug_frame   0x000049fc       0x2c c:/ac6/systemworkbench/plugins/fr.ac6.mcu.externaltools.arm-none.win32_1.17.0.201812190825/tools/compiler/bin/../lib/gcc/arm-none-eabi/7.3.1/../../../../arm-none-eabi/lib/thumb/v7e-m/fpv4-sp/hard\libc_nano.a(lib_a-init.o)
 .debug_frame   0x00004a28       0x20 c:/ac6/systemworkbench/plugins/fr.ac6.mcu.externaltools.arm-none.win32_1.17.0.201812190825/tools/compiler/bin/../lib/gcc/arm-none-eabi/7.3.1/../../../../arm-none-eabi/lib/thumb/v7e-m/fpv4-sp/hard\libc_nano.a(lib_a-memset.o)
